Archive member included to satisfy reference by file (symbol)

../moko_src/Application/DFU/Library_dfu.a(nrf_dfu.o)
                              Output/Release/Obj/BLE_SDK/ble_init.o (call_by_sys)
../moko_src/Application/DFU/Library_dfu.a(ble_dfu.o)
                              ../moko_src/Application/DFU/Library_dfu.a(nrf_dfu.o) (ble_dfu_response_send)
../moko_src/Application/DFU/Library_dfu.a(fifo_bytes.o)
                              ../moko_src/Application/DFU/Library_dfu.a(nrf_dfu.o) (queue_dt_init)
D:/segger/lib/libm_v7em_t_le_eabi.a(libm_asm.o)
                              Output/Release/Obj/BLE_SDK/VL53L3CX_ULP_api.o (__aeabi_fmul)
D:/segger/lib/libc_v7em_t_le_eabi.a(libc_asm.o)
                              Output/Release/Obj/BLE_SDK/vl53lx_core.o (__aeabi_uldivmod)
D:/segger/lib/libc_v7em_t_le_eabi.a(libc2.o)
                              ../moko_src/Application/DFU/Library_dfu.a(nrf_dfu.o) (memcmp)
D:/segger/lib/libc_v7em_t_le_eabi.a(libc2_asm.o)
                              Output/Release/Obj/BLE_SDK/SEGGER_RTT.o (memcpy)
D:/segger/lib/libc_v7em_t_le_eabi.a(libvfprintf.o)
                              (__vfprintf_long)
D:/segger/lib/libc_v7em_t_le_eabi.a(libvfscanf.o)
                              (__vfscanf_int)
D:/segger/lib/libc_v7em_t_le_eabi.a(libc.o)
                              D:/segger/lib/libc_v7em_t_le_eabi.a(libc2.o) (__heap_lock)
D:/segger/lib/libdebugio_v7em_t_le_eabi.a(libdebugio.o)
                              Output/Release/Obj/BLE_SDK/thumb_crt0.o (debug_fopen)
D:/segger/lib/libdebugio_v7em_t_le_eabi.a(do_nv_debug_operation.o)
                              D:/segger/lib/libdebugio_v7em_t_le_eabi.a(libdebugio.o) (__do_nvdebug_operation)
D:/segger/lib/libdebugio_v7em_t_le_eabi.a(mempoll_debug_operations.o)
                              (__do_debug_operation_mempoll)
D:/segger/lib/libm_v7em_t_le_eabi.a(libm2.o)
                              D:/segger/lib/libc_v7em_t_le_eabi.a(libvfprintf.o) (frexp)

Discarded input sections

 .text          0x0000000000000000        0x0 Output/Release/Obj/BLE_SDK/SEGGER_RTT.o
 .data          0x0000000000000000        0x0 Output/Release/Obj/BLE_SDK/SEGGER_RTT.o
 .bss           0x0000000000000000        0x0 Output/Release/Obj/BLE_SDK/SEGGER_RTT.o
 .text._PostTerminalSwitch.constprop.0
                0x0000000000000000       0x28 Output/Release/Obj/BLE_SDK/SEGGER_RTT.o
 .text.SEGGER_RTT_ReadNoLock
                0x0000000000000000       0x90 Output/Release/Obj/BLE_SDK/SEGGER_RTT.o
 .text.SEGGER_RTT_Read
                0x0000000000000000       0x30 Output/Release/Obj/BLE_SDK/SEGGER_RTT.o
 .text.SEGGER_RTT_WriteWithOverwriteNoLock
                0x0000000000000000       0xb8 Output/Release/Obj/BLE_SDK/SEGGER_RTT.o
 .text.SEGGER_RTT_WriteSkipNoLock
                0x0000000000000000       0x8c Output/Release/Obj/BLE_SDK/SEGGER_RTT.o
 .text.SEGGER_RTT_WriteString
                0x0000000000000000       0x1a Output/Release/Obj/BLE_SDK/SEGGER_RTT.o
 .text.SEGGER_RTT_PutCharSkipNoLock
                0x0000000000000000       0x34 Output/Release/Obj/BLE_SDK/SEGGER_RTT.o
 .text.SEGGER_RTT_PutCharSkip
                0x0000000000000000       0x5c Output/Release/Obj/BLE_SDK/SEGGER_RTT.o
 .text.SEGGER_RTT_PutChar
                0x0000000000000000       0x70 Output/Release/Obj/BLE_SDK/SEGGER_RTT.o
 .text.SEGGER_RTT_GetKey
                0x0000000000000000       0x20 Output/Release/Obj/BLE_SDK/SEGGER_RTT.o
 .text.SEGGER_RTT_WaitKey
                0x0000000000000000        0xc Output/Release/Obj/BLE_SDK/SEGGER_RTT.o
 .text.SEGGER_RTT_HasKey
                0x0000000000000000       0x1c Output/Release/Obj/BLE_SDK/SEGGER_RTT.o
 .text.SEGGER_RTT_HasData
                0x0000000000000000       0x14 Output/Release/Obj/BLE_SDK/SEGGER_RTT.o
 .text.SEGGER_RTT_AllocDownBuffer
                0x0000000000000000       0x7c Output/Release/Obj/BLE_SDK/SEGGER_RTT.o
 .text.SEGGER_RTT_AllocUpBuffer
                0x0000000000000000       0x7c Output/Release/Obj/BLE_SDK/SEGGER_RTT.o
 .text.SEGGER_RTT_ConfigUpBuffer
                0x0000000000000000       0x6c Output/Release/Obj/BLE_SDK/SEGGER_RTT.o
 .text.SEGGER_RTT_ConfigDownBuffer
                0x0000000000000000       0x68 Output/Release/Obj/BLE_SDK/SEGGER_RTT.o
 .text.SEGGER_RTT_SetNameUpBuffer
                0x0000000000000000       0x44 Output/Release/Obj/BLE_SDK/SEGGER_RTT.o
 .text.SEGGER_RTT_SetNameDownBuffer
                0x0000000000000000       0x44 Output/Release/Obj/BLE_SDK/SEGGER_RTT.o
 .text.SEGGER_RTT_SetFlagsUpBuffer
                0x0000000000000000       0x44 Output/Release/Obj/BLE_SDK/SEGGER_RTT.o
 .text.SEGGER_RTT_SetFlagsDownBuffer
                0x0000000000000000       0x44 Output/Release/Obj/BLE_SDK/SEGGER_RTT.o
 .text.SEGGER_RTT_Init
                0x0000000000000000        0x4 Output/Release/Obj/BLE_SDK/SEGGER_RTT.o
 .text.SEGGER_RTT_SetTerminal
                0x0000000000000000       0x88 Output/Release/Obj/BLE_SDK/SEGGER_RTT.o
 .text.SEGGER_RTT_TerminalOut
[...]
Memory Configuration

Name             Origin             Length             Attributes
UNPLACED_SECTIONS 0x0000000100000000 0x0000000000000000 xw
RAM              0x0000000020000000 0x0000000000010000 xw
FLASH            0x0000000000000000 0x0000000000080000 xw
*default*        0x0000000000000000 0xffffffffffffffff

Linker script and memory map

                0x0000000000000000                __do_debug_operation = __do_debug_operation_mempoll
                0x0000000000000000                __vfprintf = __vfprintf_long
                0x0000000000000000                __vfscanf = __vfscanf_int
                0x0000000020000000                __RAM_segment_start__ = 0x20000000
                0x0000000020010000                __RAM_segment_end__ = 0x20010000
                0x0000000000010000                __RAM_segment_size__ = 0x10000
                0x0000000000000000                __FLASH_segment_start__ = 0x0
                0x0000000000080000                __FLASH_segment_end__ = 0x80000
                0x0000000000080000                __FLASH_segment_size__ = 0x80000
                0x0000000000000200                __HEAPSIZE__ = 0x200
                0x0000000000000000                __STACKSIZE_PROCESS__ = 0x0
                0x0000000000000800                __STACKSIZE__ = 0x800
                0x0000000020000000                __reserved_ram_load_start__ = 0x20000000

.reserved_ram   0x0000000020000000     0x2ac0
                0x0000000020000000                __reserved_ram_start__ = .
 *(.reserved_ram .reserved_ram.*)
                0x0000000020002ac0                . = MAX (((__reserved_ram_start__ + 0x20002ac0) - 0x20000000), .)
 *fill*         0x0000000020000000     0x2ac0 
                0x0000000020002ac0                __reserved_ram_end__ = (__reserved_ram_start__ + SIZEOF (.reserved_ram))
                0x0000000000002ac0                __reserved_ram_size__ = SIZEOF (.reserved_ram)
                0x0000000020002ac0                __reserved_ram_load_end__ = __reserved_ram_end__
                0x0000000000000001                . = ASSERT (((__reserved_ram_start__ == __reserved_ram_end__) || ((__reserved_ram_end__ - __RAM_segment_start__) <= __RAM_segment_size__)), error: .reserved_ram is too large to fit in RAM memory segment)
                0x0000000020002ac0                __vectors_ram_load_start__ = 0x20002ac0

.vectors_ram    0x0000000020002ac0        0x0
                0x0000000020002ac0                __vectors_ram_start__ = .
                0x0000000020002ac0                __app_ram_start__ = __vectors_ram_start__
 *(.vectors_ram .vectors_ram.*)
                0x0000000020002ac0                __vectors_ram_end__ = (__vectors_ram_start__ + SIZEOF (.vectors_ram))
                0x0000000000000000                __vectors_ram_size__ = SIZEOF (.vectors_ram)
                0x0000000020002ac0                __vectors_ram_load_end__ = __vectors_ram_end__
                0x0000000000000001                . = ASSERT (((__vectors_ram_start__ == __vectors_ram_end__) || ((__vectors_ram_end__ - __RAM_segment_start__) <= __RAM_segment_size__)), error: .vectors_ram is too large to fit in RAM memory segment)
                0x0000000000000001                . = ASSERT ((__reserved_ram_end__ <= __vectors_ram_start__), error: section .reserved_ram overlaps absolute placed section .vectors_ram)
                0x0000000020002ac0                __nrf_sections_run_load_start__ = ALIGN (__vectors_ram_end__, 0x4)

.nrf_sections_run
                0x0000000020002ac0        0x0
                0x0000000020002ac0                __nrf_sections_run_start__ = .
                0x0000000020002ac0                __start_nrf_sections_run = __nrf_sections_run_start__
 *(.nrf_sections_run .nrf_sections_run.*)
                0x0000000020002ac0                __nrf_sections_run_end__ = (__nrf_sections_run_start__ + SIZEOF (.nrf_sections_run))
                0x0000000000000000                __nrf_sections_run_size__ = SIZEOF (.nrf_sections_run)
                0x0000000020002ac0                __nrf_sections_run_load_end__ = __nrf_sections_run_end__
                0x0000000000000001                . = ASSERT (((__nrf_sections_run_start__ == __nrf_sections_run_end__) || ((__nrf_sections_run_end__ - __RAM_segment_start__) <= __RAM_segment_size__)), error: .nrf_sections_run is too large to fit in RAM memory segment)
                0x0000000000000000                __reserved_flash_load_start__ = 0x0

.reserved_flash
                0x0000000000000000    0x18000
                0x0000000000000000                __reserved_flash_start__ = .
 *(.reserved_flash .reserved_flash.*)
                0x0000000000018000                . = MAX (((__reserved_flash_start__ + 0x18000) - 0x0), .)
 *fill*         0x0000000000000000    0x18000 
                0x0000000000018000                __reserved_flash_end__ = (__reserved_flash_start__ + SIZEOF (.reserved_flash))
                0x0000000000018000                __reserved_flash_size__ = SIZEOF (.reserved_flash)
                0x0000000000018000                __reserved_flash_load_end__ = __reserved_flash_end__
                0x0000000000000001                . = ASSERT (((__reserved_flash_start__ == __reserved_flash_end__) || ((__reserved_flash_end__ - __FLASH_segment_start__) <= __FLASH_segment_size__)), error: .reserved_flash is too large to fit in FLASH memory segment)
                0x0000000000018000                __vectors_load_start__ = 0x18000

.vectors        0x0000000000018000       0xb8
                0x0000000000018000                __vectors_start__ = .
 *(.vectors .vectors.*)
 .vectors       0x0000000000018000       0xb8 Output/Release/Obj/BLE_SDK/ses_nrf52810_Vectors.o
                0x0000000000018000                _vectors
                0x00000000000180b8                __vectors_end__ = (__vectors_start__ + SIZEOF (.vectors))
                0x00000000000000b8                __vectors_size__ = SIZEOF (.vectors)
                0x00000000000180b8                __vectors_load_end__ = __vectors_end__
                0x0000000000000001                . = ASSERT (((__vectors_start__ == __vectors_end__) || ((__vectors_end__ - __FLASH_segment_start__) <= __FLASH_segment_size__)), error: .vectors is too large to fit in FLASH memory segment)
                0x0000000000000001                . = ASSERT ((__reserved_flash_end__ <= __vectors_start__), error: section .reserved_flash overlaps absolute placed section .vectors)
                0x0000000000018400                __dfu_data_check_load_start__ = 0x18400

.dfu_data_check
                0x0000000000018400        0x4
                0x0000000000018400                __dfu_data_check_start__ = .
 *(.dfu_data_check .dfu_data_check.*)
 .dfu_data_check
                0x0000000000018400        0x4 Output/Release/Obj/BLE_SDK/in_flash_manage.o
                0x0000000000018400                version
                0x0000000000018404                . = ALIGN (MAX ((__dfu_data_check_start__ + 0x4), .), 0x4)
                0x0000000000018404                __dfu_data_check_end__ = (__dfu_data_check_start__ + SIZEOF (.dfu_data_check))
                0x0000000000000004                __dfu_data_check_size__ = SIZEOF (.dfu_data_check)
                0x0000000000018404                __dfu_data_check_load_end__ = __dfu_data_check_end__
                0x0000000000000001                . = ASSERT (((__dfu_data_check_start__ == __dfu_data_check_end__) || ((__dfu_data_check_end__ - __FLASH_segment_start__) <= __FLASH_segment_size__)), error: .dfu_data_check is too large to fit in FLASH memory segment)
                0x0000000000000001                . = ASSERT ((__vectors_end__ <= __dfu_data_check_start__), error: section .vectors overlaps absolute placed section .dfu_data_check)
                0x0000000000018404                __init_load_start__ = ALIGN (__dfu_data_check_end__, 0x4)

.init           0x0000000000018404      0x1ec
                0x0000000000018404                __init_start__ = .
 *(.init .init.*)
 .init          0x0000000000018404      0x15c Output/Release/Obj/BLE_SDK/thumb_crt0.o
                0x0000000000018404                _start
                0x00000000000184b8                exit
 .init          0x0000000000018560       0x44 Output/Release/Obj/BLE_SDK/ses_nRF_Startup.o
                0x0000000000018560                Reset_Handler
                0x0000000000018572                InitializeUserMemorySections
 .init          0x00000000000185a4       0x4c Output/Release/Obj/BLE_SDK/ses_nrf52810_Vectors.o
                0x00000000000185a4                NMI_Handler
                0x00000000000185a6                HardFault_Handler
                0x00000000000185a8                MemoryManagement_Handler
                0x00000000000185aa                BusFault_Handler
                0x00000000000185ac                UsageFault_Handler
                0x00000000000185ae                SVC_Handler
                0x00000000000185b0                DebugMon_Handler
                0x00000000000185b2                PendSV_Handler
                0x00000000000185b4                SysTick_Handler
                0x00000000000185ba                RADIO_IRQHandler
                0x00000000000185be                TWIM0_TWIS0_IRQHandler
                0x00000000000185c0                SPIM0_SPIS0_IRQHandler
                0x00000000000185c6                TIMER0_IRQHandler
                0x00000000000185c8                TIMER1_IRQHandler
                0x00000000000185ca                TIMER2_IRQHandler
                0x00000000000185cc                RTC0_IRQHandler
                0x00000000000185ce                TEMP_IRQHandler
                0x00000000000185d0                RNG_IRQHandler
                0x00000000000185d2                ECB_IRQHandler
                0x00000000000185d4                CCM_AAR_IRQHandler
                0x00000000000185d6                WDT_IRQHandler
                0x00000000000185da                QDEC_IRQHandler
                0x00000000000185dc                COMP_IRQHandler
                0x00000000000185e0                SWI1_EGU1_IRQHandler
                0x00000000000185e4                SWI3_IRQHandler
                0x00000000000185e6                SWI4_IRQHandler
                0x00000000000185e8                SWI5_IRQHandler
                0x00000000000185ea                PWM0_IRQHandler
                0x00000000000185ec                PDM_IRQHandler
                0x00000000000185f0                __init_end__ = (__init_start__ + SIZEOF (.init))
                0x00000000000001ec                __init_size__ = SIZEOF (.init)
                0x00000000000185f0                __init_load_end__ = __init_end__
                0x0000000000000001                . = ASSERT (((__init_start__ == __init_end__) || ((__init_end__ - __FLASH_segment_start__) <= __FLASH_segment_size__)), error: .init is too large to fit in FLASH memory segment)
                0x00000000000185f0                __init_rodata_load_start__ = ALIGN (__init_end__, 0x4)

.init_rodata    0x00000000000185f0        0x0
                0x00000000000185f0                __init_rodata_start__ = .
 *(.init_rodata .init_rodata.*)
                0x00000000000185f0                __init_rodata_end__ = (__init_rodata_start__ + SIZEOF (.init_rodata))
                0x0000000000000000                __init_rodata_size__ = SIZEOF (.init_rodata)
                0x00000000000185f0                __init_rodata_load_end__ = __init_rodata_end__
                0x0000000000000001                . = ASSERT (((__init_rodata_start__ == __init_rodata_end__) || ((__init_rodata_end__ - __FLASH_segment_start__) <= __FLASH_segment_size__)), error: .init_rodata is too large to fit in FLASH memory segment)
                0x00000000000185f0                __text_load_start__ = ALIGN (__init_rodata_end__, 0x4)

.text           0x00000000000185f0     0xeca0
                0x00000000000185f0                __text_start__ = .
 *(.text .text.* .glue_7t .glue_7 .gnu.linkonce.t.* .gcc_except_table .ARM.extab* .gnu.linkonce.armextab.*)
 .glue_7        0x00000000000185f0        0x0 linker stubs
 .glue_7t       0x00000000000185f0        0x0 linker stubs
 .text._GetAvailWriteSpace
                0x00000000000185f0       0x1c Output/Release/Obj/BLE_SDK/SEGGER_RTT.o
 .text._WriteNoCheck
                0x000000000001860c       0x38 Output/Release/Obj/BLE_SDK/SEGGER_RTT.o
 .text._WriteBlocking
                0x0000000000018644       0x52 Output/Release/Obj/BLE_SDK/SEGGER_RTT.o
 *fill*         0x0000000000018696        0x2 
 .text._DoInit  0x0000000000018698       0x60 Output/Release/Obj/BLE_SDK/SEGGER_RTT.o
 .text.SEGGER_RTT_WriteNoLock
                0x00000000000186f8       0x68 Output/Release/Obj/BLE_SDK/SEGGER_RTT.o
                0x00000000000186f8                SEGGER_RTT_WriteNoLock
 .text.SEGGER_RTT_Write
                0x0000000000018760       0x40 Output/Release/Obj/BLE_SDK/SEGGER_RTT.o
                0x0000000000018760                SEGGER_RTT_Write
 .text._StoreChar
                0x00000000000187a0       0x3c Output/Release/Obj/BLE_SDK/SEGGER_RTT_printf.o
 .text._PrintUnsigned
                0x00000000000187dc       0xd0 Output/Release/Obj/BLE_SDK/SEGGER_RTT_printf.o
 .text.SEGGER_RTT_vprintf
                0x00000000000188ac      0x25c Output/Release/Obj/BLE_SDK/SEGGER_RTT_printf.o
                0x00000000000188ac                SEGGER_RTT_vprintf
 .text.SEGGER_RTT_printf
                0x0000000000018b08       0x1c Output/Release/Obj/BLE_SDK/SEGGER_RTT_printf.o
                0x0000000000018b08                SEGGER_RTT_printf
 .text.sd_power_dcdc_mode_set
                0x0000000000018b24        0x4 Output/Release/Obj/BLE_SDK/main.o
 .text.startup.main
                0x0000000000018b28       0x7c Output/Release/Obj/BLE_SDK/main.o
                0x0000000000018b28                main
 .text.nus_send_cmd
                0x0000000000018ba4       0x46 Output/Release/Obj/BLE_SDK/ble_data.o
                0x0000000000018ba4                nus_send_cmd
 *fill*         0x0000000000018bea        0x2 
 .text.ble_commd_analyze
                0x0000000000018bec       0xa4 Output/Release/Obj/BLE_SDK/ble_data.o
                0x0000000000018bec                ble_commd_analyze
 .text.sd_ble_gap_disconnect
                0x0000000000018c90        0x4 Output/Release/Obj/BLE_SDK/ble_init.o
 .text.sd_ble_gap_ppcp_set
                0x0000000000018c94        0x4 Output/Release/Obj/BLE_SDK/ble_init.o
 .text.sd_ble_gap_sec_params_reply
                0x0000000000018c98        0x4 Output/Release/Obj/BLE_SDK/ble_init.o
 .text.sd_ble_gap_phy_update
                0x0000000000018c9c        0x4 Output/Release/Obj/BLE_SDK/ble_init.o
 .text.sd_ble_gatts_rw_authorize_reply
                0x0000000000018ca0        0x4 Output/Release/Obj/BLE_SDK/ble_init.o
 .text.sd_ble_gatts_sys_attr_set
                0x0000000000018ca4        0x4 Output/Release/Obj/BLE_SDK/ble_init.o
 .text.sd_ble_user_mem_reply
                0x0000000000018ca8        0x4 Output/Release/Obj/BLE_SDK/ble_init.o
 .text.conn_params_error_handler
                0x0000000000018cac        0x4 Output/Release/Obj/BLE_SDK/ble_init.o
 .text.gatt_evt_handler
                0x0000000000018cb0       0x30 Output/Release/Obj/BLE_SDK/ble_init.o
                0x0000000000018cb0                gatt_evt_handler
 .text.nrf_stack_evt
                0x0000000000018ce0       0xe8 Output/Release/Obj/BLE_SDK/ble_init.o
 .text.on_conn_params_evt
                0x0000000000018dc8       0x20 Output/Release/Obj/BLE_SDK/ble_init.o
 .text.get_m_conn_handle
                0x0000000000018de8        0xc Output/Release/Obj/BLE_SDK/ble_init.o
                0x0000000000018de8                get_m_conn_handle
 .text.is_ble_connect
                0x0000000000018df4       0x14 Output/Release/Obj/BLE_SDK/ble_init.o
                0x0000000000018df4                is_ble_connect
 .text.ble_stack_init
                0x0000000000018e08       0x30 Output/Release/Obj/BLE_SDK/ble_init.o
                0x0000000000018e08                ble_stack_init
 .text.gatt_init
                0x0000000000018e38       0x2c Output/Release/Obj/BLE_SDK/ble_init.o
                0x0000000000018e38                gatt_init
 .text.ble_Init
                0x0000000000018e64       0xc4 Output/Release/Obj/BLE_SDK/ble_init.o
                0x0000000000018e64                ble_Init
 .text.sd_ble_gap_disconnect
                0x0000000000018f28        0x8 ../moko_src/Application/DFU/Library_dfu.a(nrf_dfu.o)
 .text.NVIC_SystemReset
                0x0000000000018f30       0x2c ../moko_src/Application/DFU/Library_dfu.a(nrf_dfu.o)
 .text.uint32_decode
                0x0000000000018f5c       0x2e ../moko_src/Application/DFU/Library_dfu.a(nrf_dfu.o)
 .text.sd_flash_write
                0x0000000000018f8a        0x8 ../moko_src/Application/DFU/Library_dfu.a(nrf_dfu.o)
 .text.sd_softdevice_disable
                0x0000000000018f92        0x8 ../moko_src/Application/DFU/Library_dfu.a(nrf_dfu.o)
 .text.nrf_gpio_pin_port_decode
                0x0000000000018f9a        0xe ../moko_src/Application/DFU/Library_dfu.a(nrf_dfu.o)
 .text.nrf_gpio_pin_set
                0x0000000000018fa8       0x28 ../moko_src/Application/DFU/Library_dfu.a(nrf_dfu.o)
 .text.nrf_gpio_pin_clear
                0x0000000000018fd0       0x28 ../moko_src/Application/DFU/Library_dfu.a(nrf_dfu.o)
 .text.nrf_gpio_pin_toggle
                0x0000000000018ff8       0x44 ../moko_src/Application/DFU/Library_dfu.a(nrf_dfu.o)
 .text.nrf_gpio_pin_write
                0x000000000001903c       0x24 ../moko_src/Application/DFU/Library_dfu.a(nrf_dfu.o)
 .text.nrf_gpio_port_out_set
                0x0000000000019060       0x14 ../moko_src/Application/DFU/Library_dfu.a(nrf_dfu.o)
 .text.nrf_gpio_port_out_clear
                0x0000000000019074       0x14 ../moko_src/Application/DFU/Library_dfu.a(nrf_dfu.o)
 .text.nrf_delay_us
                0x0000000000019088       0xa0 ../moko_src/Application/DFU/Library_dfu.a(nrf_dfu.o)
 .text.nrf_delay_ms
                0x0000000000019128       0x1e ../moko_src/Application/DFU/Library_dfu.a(nrf_dfu.o)
 .text.EraseBvkFlash
                0x0000000000019146       0x5c ../moko_src/Application/DFU/Library_dfu.a(nrf_dfu.o)
                0x0000000000019146                EraseBvkFlash
 *fill*         0x00000000000191a2        0x2 
 .text.dfu_prepare_space
                0x00000000000191a4       0x28 ../moko_src/Application/DFU/Library_dfu.a(nrf_dfu.o)
                0x00000000000191a4                dfu_prepare_space
 .text.call_by_sys
                0x00000000000191cc       0x1c ../moko_src/Application/DFU/Library_dfu.a(nrf_dfu.o)
                0x00000000000191cc                call_by_sys
 .text.dfu_write_flash
                0x00000000000191e8       0x68 ../moko_src/Application/DFU/Library_dfu.a(nrf_dfu.o)
                0x00000000000191e8                dfu_write_flash
 .text.IsRightBoard
                0x0000000000019250       0x34 ../moko_src/Application/DFU/Library_dfu.a(nrf_dfu.o)
                0x0000000000019250                IsRightBoard
 .text.check_is_right_firmware
                0x0000000000019284       0x10 ../moko_src/Application/DFU/Library_dfu.a(nrf_dfu.o)
                0x0000000000019284                check_is_right_firmware
 .text.check_crc
                0x0000000000019294       0x38 ../moko_src/Application/DFU/Library_dfu.a(nrf_dfu.o)
                0x0000000000019294                check_crc
 .text.task_dfu_upfile
                0x00000000000192cc      0x450 ../moko_src/Application/DFU/Library_dfu.a(nrf_dfu.o)
                0x00000000000192cc                task_dfu_upfile
 .text.on_dfu_pkt_write
                0x000000000001971c       0xd8 ../moko_src/Application/DFU/Library_dfu.a(nrf_dfu.o)
                0x000000000001971c                on_dfu_pkt_write
 .text.dfu_transport_init
                0x00000000000197f4       0x68 ../moko_src/Application/DFU/Library_dfu.a(nrf_dfu.o)
                0x00000000000197f4                dfu_transport_init
 .text.dfu_transport_callby_irq
                0x000000000001985c       0x1c ../moko_src/Application/DFU/Library_dfu.a(nrf_dfu.o)
                0x000000000001985c                dfu_transport_callby_irq
 .text.service_error_handler
                0x0000000000019878       0x38 ../moko_src/Application/DFU/Library_dfu.a(nrf_dfu.o)
 .text.on_dfu_evt
                0x00000000000198b0      0x1e0 ../moko_src/Application/DFU/Library_dfu.a(nrf_dfu.o)
 .text.dfu_que_init
                0x0000000000019a90       0x38 ../moko_src/Application/DFU/Library_dfu.a(nrf_dfu.o)
                0x0000000000019a90                dfu_que_init
 .text.dfu_que_in
                0x0000000000019ac8       0x28 ../moko_src/Application/DFU/Library_dfu.a(nrf_dfu.o)
                0x0000000000019ac8                dfu_que_in
 .text.dfu_que_out
                0x0000000000019af0       0x38 ../moko_src/Application/DFU/Library_dfu.a(nrf_dfu.o)
                0x0000000000019af0                dfu_que_out
 .text.init_update
                0x0000000000019b28       0x70 ../moko_src/Application/DFU/Library_dfu.a(nrf_dfu.o)
                0x0000000000019b28                init_update
 .text.crc16_compute_dfu
                0x0000000000019b98       0xae ../moko_src/Application/DFU/Library_dfu.a(nrf_dfu.o)
                0x0000000000019b98                crc16_compute_dfu
 *fill*         0x0000000000019c46        0x2 
 .text.check_out_data
                0x0000000000019c48       0x48 ../moko_src/Application/DFU/Library_dfu.a(nrf_dfu.o)
                0x0000000000019c48                check_out_data
 .text.sd_ble_gatts_service_add
                0x0000000000019c90        0x8 ../moko_src/Application/DFU/Library_dfu.a(ble_dfu.o)
 .text.sd_ble_gatts_characteristic_add
                0x0000000000019c98        0x8 ../moko_src/Application/DFU/Library_dfu.a(ble_dfu.o)
 .text.sd_ble_gatts_value_get
                0x0000000000019ca0        0x8 ../moko_src/Application/DFU/Library_dfu.a(ble_dfu.o)
 .text.sd_ble_gatts_hvx
                0x0000000000019ca8        0x8 ../moko_src/Application/DFU/Library_dfu.a(ble_dfu.o)
 .text.sd_ble_gatts_rw_authorize_reply
                0x0000000000019cb0        0x8 ../moko_src/Application/DFU/Library_dfu.a(ble_dfu.o)
 .text.sd_ble_uuid_vs_add
                0x0000000000019cb8        0x8 ../moko_src/Application/DFU/Library_dfu.a(ble_dfu.o)
 .text.uint32_encode
                0x0000000000019cc0       0x3a ../moko_src/Application/DFU/Library_dfu.a(ble_dfu.o)
 .text.uint16_decode
                0x0000000000019cfa       0x20 ../moko_src/Application/DFU/Library_dfu.a(ble_dfu.o)
 .text.dfu_pkt_char_add
                0x0000000000019d1a       0xf8 ../moko_src/Application/DFU/Library_dfu.a(ble_dfu.o)
 .text.dfu_rev_char_add
                0x0000000000019e12       0xfa ../moko_src/Application/DFU/Library_dfu.a(ble_dfu.o)
 .text.dfu_ctrl_pt_add
                0x0000000000019f0c      0x104 ../moko_src/Application/DFU/Library_dfu.a(ble_dfu.o)
 .text.on_connect
                0x000000000001a010       0x2c ../moko_src/Application/DFU/Library_dfu.a(ble_dfu.o)
 .text.is_cccd_configured
                0x000000000001a03c       0x60 ../moko_src/Application/DFU/Library_dfu.a(ble_dfu.o)
 .text.on_ctrl_pt_write
                0x000000000001a09c      0x1f4 ../moko_src/Application/DFU/Library_dfu.a(ble_dfu.o)
 .text.on_rw_authorize_req
                0x000000000001a290       0x66 ../moko_src/Application/DFU/Library_dfu.a(ble_dfu.o)
 .text.on_write
                0x000000000001a2f6       0x3e ../moko_src/Application/DFU/Library_dfu.a(ble_dfu.o)
 .text.on_disconnect
                0x000000000001a334       0x2c ../moko_src/Application/DFU/Library_dfu.a(ble_dfu.o)
 .text.ble_dfu_init
                0x000000000001a360       0xf0 ../moko_src/Application/DFU/Library_dfu.a(ble_dfu.o)
                0x000000000001a360                ble_dfu_init
 .text.ble_dfu_on_ble_evt
                0x000000000001a450       0x6e ../moko_src/Application/DFU/Library_dfu.a(ble_dfu.o)
                0x000000000001a450                ble_dfu_on_ble_evt
 *fill*         0x000000000001a4be        0x2 
 .text.ble_dfu_pkts_rcpt_notify
                0x000000000001a4c0       0xb8 ../moko_src/Application/DFU/Library_dfu.a(ble_dfu.o)
                0x000000000001a4c0                ble_dfu_pkts_rcpt_notify
 .text.ble_dfu_response_send
                0x000000000001a578       0xcc ../moko_src/Application/DFU/Library_dfu.a(ble_dfu.o)
                0x000000000001a578                ble_dfu_response_send
 .text.queue_dt_init
                0x000000000001a644       0x4a ../moko_src/Application/DFU/Library_dfu.a(fifo_bytes.o)
                0x000000000001a644                queue_dt_init
 .text.queue_dt_in
                0x000000000001a68e       0xb0 ../moko_src/Application/DFU/Library_dfu.a(fifo_bytes.o)
                0x000000000001a68e                queue_dt_in
 .text.queue_dt_out
                0x000000000001a73e       0x54 ../moko_src/Application/DFU/Library_dfu.a(fifo_bytes.o)
                0x000000000001a73e                queue_dt_out
 .text.queue_dt_delete
                0x000000000001a792       0x74 ../moko_src/Application/DFU/Library_dfu.a(fifo_bytes.o)
                0x000000000001a792                queue_dt_delete
 .text.sd_app_evt_wait
                0x000000000001a806        0x4 Output/Release/Obj/BLE_SDK/driver_init.o
 .text.Platform_driver_init
                0x000000000001a80a       0x34 Output/Release/Obj/BLE_SDK/driver_init.o
                0x000000000001a80a                Platform_driver_init
 .text.Power_manager
                0x000000000001a83e       0x12 Output/Release/Obj/BLE_SDK/driver_init.o
                0x000000000001a83e                Power_manager
 .text.system_timer_Hand
                0x000000000001a850        0xc Output/Release/Obj/BLE_SDK/system_time.o
 .text.system_timer_start
                0x000000000001a85c       0x20 Output/Release/Obj/BLE_SDK/system_time.o
                0x000000000001a85c                system_timer_start
 .text.system_timer_init
                0x000000000001a87c       0x24 Output/Release/Obj/BLE_SDK/system_time.o
                0x000000000001a87c                system_timer_init
 .text.task_system_timer
                0x000000000001a8a0       0x4c Output/Release/Obj/BLE_SDK/system_time.o
                0x000000000001a8a0                task_system_timer
 .text.reset_cur_tof_interval
                0x000000000001a8ec        0xc Output/Release/Obj/BLE_SDK/tof_app.o
                0x000000000001a8ec                reset_cur_tof_interval
 .text.task_tof_interval_tick
                0x000000000001a8f8       0x48 Output/Release/Obj/BLE_SDK/tof_app.o
                0x000000000001a8f8                task_tof_interval_tick
 .text.Toggle_TofMode
                0x000000000001a940       0x34 Output/Release/Obj/BLE_SDK/tof_app.o
                0x000000000001a940                Toggle_TofMode
 .text.Task_Change_TofMode
                0x000000000001a974       0x38 Output/Release/Obj/BLE_SDK/tof_app.o
                0x000000000001a974                Task_Change_TofMode
 .text.nrf_delay_us
                0x000000000001a9ac       0x88 Output/Release/Obj/BLE_SDK/user_flash.o
 .text.user_data_init
                0x000000000001aa34       0xb8 Output/Release/Obj/BLE_SDK/user_flash.o
 .text.write_factory_flash
                0x000000000001aaec       0x40 Output/Release/Obj/BLE_SDK/user_flash.o
                0x000000000001aaec                write_factory_flash
 .text.write_user_flash
                0x000000000001ab2c       0x70 Output/Release/Obj/BLE_SDK/user_flash.o
                0x000000000001ab2c                write_user_flash
 .text.save_user_flash
                0x000000000001ab9c        0xc Output/Release/Obj/BLE_SDK/user_flash.o
                0x000000000001ab9c                save_user_flash
 .text.ask_save_factory
                0x000000000001aba8       0x14 Output/Release/Obj/BLE_SDK/user_flash.o
                0x000000000001aba8                ask_save_factory
 .text.read_user_flash
                0x000000000001abbc       0xa0 Output/Release/Obj/BLE_SDK/user_flash.o
                0x000000000001abbc                read_user_flash
 .text.read_factory_flash
                0x000000000001ac5c       0x50 Output/Release/Obj/BLE_SDK/user_flash.o
                0x000000000001ac5c                read_factory_flash
 .text.task_save_flash
                0x000000000001acac       0xa4 Output/Release/Obj/BLE_SDK/user_flash.o
                0x000000000001acac                task_save_flash
 .text.Feed_WacthDog
                0x000000000001ad50       0x20 Output/Release/Obj/BLE_SDK/wdt.o
                0x000000000001ad50                Feed_WacthDog
 .text.watchdog_init
                0x000000000001ad70       0x48 Output/Release/Obj/BLE_SDK/wdt.o
                0x000000000001ad70                watchdog_init
 .text.uart_error_handle
                0x000000000001adb8        0x2 Output/Release/Obj/BLE_SDK/simple_uart.o
 *fill*         0x000000000001adba        0x2 
 .text.simple_uart_init
                0x000000000001adbc       0x4c Output/Release/Obj/BLE_SDK/simple_uart.o
                0x000000000001adbc                simple_uart_init
 .text.uart_send
                0x000000000001ae08       0x24 Output/Release/Obj/BLE_SDK/simple_uart.o
                0x000000000001ae08                uart_send
 .text.start_uart
                0x000000000001ae2c       0x5c Output/Release/Obj/BLE_SDK/simple_uart.o
                0x000000000001ae2c                start_uart
 .text.task_check_uart_timeout
                0x000000000001ae88       0x24 Output/Release/Obj/BLE_SDK/simple_uart.o
                0x000000000001ae88                task_check_uart_timeout
 .text.task_uart_manage
                0x000000000001aeac       0x4c Output/Release/Obj/BLE_SDK/simple_uart.o
                0x000000000001aeac                task_uart_manage
 .text.nrf_delay_us.constprop.0
                0x000000000001aef8       0x8c Output/Release/Obj/BLE_SDK/uart_commd.o
 .text.uart_send_cmd
                0x000000000001af84       0x82 Output/Release/Obj/BLE_SDK/uart_commd.o
                0x000000000001af84                uart_send_cmd
 *fill*         0x000000000001b006        0x2 
 .text.analyze_uart_data
                0x000000000001b008       0xd4 Output/Release/Obj/BLE_SDK/uart_commd.o
                0x000000000001b008                analyze_uart_data
 .text.task_process_uart_data
                0x000000000001b0dc      0x160 Output/Release/Obj/BLE_SDK/uart_commd.o
                0x000000000001b0dc                task_process_uart_data
 .text.get_3dh_sensor_state
                0x000000000001b23c        0xc Output/Release/Obj/BLE_SDK/lis3dh_app.o
                0x000000000001b23c                get_3dh_sensor_state
 .text.lis3dh_init
                0x000000000001b248      0x13c Output/Release/Obj/BLE_SDK/lis3dh_app.o
                0x000000000001b248                lis3dh_init
 .text.task_read_3dh
                0x000000000001b384       0x5c Output/Release/Obj/BLE_SDK/lis3dh_app.o
                0x000000000001b384                task_read_3dh
 .text.LIS3DH_ReadReg
                0x000000000001b3e0       0x38 Output/Release/Obj/BLE_SDK/lis3dh_driver.o
                0x000000000001b3e0                LIS3DH_ReadReg
 .text.LIS3DH_WriteReg
                0x000000000001b418       0x2c Output/Release/Obj/BLE_SDK/lis3dh_driver.o
                0x000000000001b418                LIS3DH_WriteReg
 .text.LIS3DH_SetMode
                0x000000000001b444       0x98 Output/Release/Obj/BLE_SDK/lis3dh_driver.o
                0x000000000001b444                LIS3DH_SetMode
 .text.LIS3DH_SetAxis
                0x000000000001b4dc       0x44 Output/Release/Obj/BLE_SDK/lis3dh_driver.o
                0x000000000001b4dc                LIS3DH_SetAxis
 .text.LIS3DH_SetODR
                0x000000000001b520       0x2c Output/Release/Obj/BLE_SDK/lis3dh_driver.o
                0x000000000001b520                LIS3DH_SetODR
 .text.LIS3DH_SetFullScale
                0x000000000001b54c       0x2c Output/Release/Obj/BLE_SDK/lis3dh_driver.o
                0x000000000001b54c                LIS3DH_SetFullScale
 .text.LIS3DH_FIFOModeEnable
                0x000000000001b578      0x18c Output/Release/Obj/BLE_SDK/lis3dh_driver.o
                0x000000000001b578                LIS3DH_FIFOModeEnable
 .text.LIS3DH_GetAccAxesRaw
                0x000000000001b704       0x72 Output/Release/Obj/BLE_SDK/lis3dh_driver.o
                0x000000000001b704                LIS3DH_GetAccAxesRaw
 .text.LIS3DH_SetInt1Pin
                0x000000000001b776       0x20 Output/Release/Obj/BLE_SDK/lis3dh_driver.o
                0x000000000001b776                LIS3DH_SetInt1Pin
 .text.LIS3DH_HPFAOI1Enable
                0x000000000001b796       0x28 Output/Release/Obj/BLE_SDK/lis3dh_driver.o
                0x000000000001b796                LIS3DH_HPFAOI1Enable
 .text.LIS3DH_Int1LatchEnable
                0x000000000001b7be       0x2c Output/Release/Obj/BLE_SDK/lis3dh_driver.o
                0x000000000001b7be                LIS3DH_Int1LatchEnable
 *fill*         0x000000000001b7ea        0x2 
 .text.software_spi_init
                0x000000000001b7ec       0x48 Output/Release/Obj/BLE_SDK/spi_io.o
                0x000000000001b7ec                software_spi_init
 .text.software_spi00_send_dat
                0x000000000001b834       0xe0 Output/Release/Obj/BLE_SDK/spi_io.o
                0x000000000001b834                software_spi00_send_dat
 .text.software_spi00_receiver_dat
                0x000000000001b914       0xd4 Output/Release/Obj/BLE_SDK/spi_io.o
                0x000000000001b914                software_spi00_receiver_dat
 .text.software_spi00_receiver_buf
                0x000000000001b9e8       0x16 Output/Release/Obj/BLE_SDK/spi_io.o
                0x000000000001b9e8                software_spi00_receiver_buf
 *fill*         0x000000000001b9fe        0x2 
 .text.twi_master_wait_while_scl_low
                0x000000000001ba00       0x48 Output/Release/Obj/BLE_SDK/iic_io.o
 .text.twi_master_clock_byte_in
                0x000000000001ba48       0xc0 Output/Release/Obj/BLE_SDK/iic_io.o
 .text.twi_master_clock_byte
                0x000000000001bb08       0xc4 Output/Release/Obj/BLE_SDK/iic_io.o
 .text.hrs_iic_init
                0x000000000001bbcc       0xc0 Output/Release/Obj/BLE_SDK/iic_io.o
                0x000000000001bbcc                hrs_iic_init
 .text.hrs_iic_transfer
                0x000000000001bc8c       0xec Output/Release/Obj/BLE_SDK/iic_io.o
                0x000000000001bc8c                hrs_iic_transfer
 .text.sht30_write_reg
                0x000000000001bd78       0x1c Output/Release/Obj/BLE_SDK/sht3x_driver.o
                0x000000000001bd78                sht30_write_reg
 .text.sht30_read_reg
                0x000000000001bd94       0x2a Output/Release/Obj/BLE_SDK/sht3x_driver.o
                0x000000000001bd94                sht30_read_reg
 .text.crc_high_first
                0x000000000001bdbe       0x30 Output/Release/Obj/BLE_SDK/sht3x_driver.o
                0x000000000001bdbe                crc_high_first
 *fill*         0x000000000001bdee        0x2 
 .text.task_read_sht3x
                0x000000000001bdf0       0xbc Output/Release/Obj/BLE_SDK/sht3x_driver.o
                0x000000000001bdf0                task_read_sht3x
 .text.sht3x_Init
                0x000000000001beac       0xa4 Output/Release/Obj/BLE_SDK/sht3x_driver.o
                0x000000000001beac                sht3x_Init
 .text.STK832x_Init
                0x000000000001bf50       0x2c Output/Release/Obj/BLE_SDK/stk832x_app.o
                0x000000000001bf50                STK832x_Init
 .text.STK832x_read_data
                0x000000000001bf7c       0x34 Output/Release/Obj/BLE_SDK/stk832x_app.o
                0x000000000001bf7c                STK832x_read_data
 .text.nrf_delay_us
                0x000000000001bfb0       0x88 Output/Release/Obj/BLE_SDK/stk832x_driver.o
 .text.WriteAccRegister
                0x000000000001c038       0x2c Output/Release/Obj/BLE_SDK/stk832x_driver.o
 .text.ReadAccRegister
                0x000000000001c064       0x38 Output/Release/Obj/BLE_SDK/stk832x_driver.o
 .text.ReadMultiRegister.constprop.0
                0x000000000001c09c       0x3c Output/Release/Obj/BLE_SDK/stk832x_driver.o
 .text.get_is_have_stk832x_sta
                0x000000000001c0d8        0xc Output/Release/Obj/BLE_SDK/stk832x_driver.o
                0x000000000001c0d8                get_is_have_stk832x_sta
 .text.STK832x_Check_chip_id
                0x000000000001c0e4       0x54 Output/Release/Obj/BLE_SDK/stk832x_driver.o
                0x000000000001c0e4                STK832x_Check_chip_id
 .text.STK832x_REG_COMMAND_SET
                0x000000000001c138       0x1e Output/Release/Obj/BLE_SDK/stk832x_driver.o
                0x000000000001c138                STK832x_REG_COMMAND_SET
 .text.STK832x_Suspend_mode
                0x000000000001c156       0x22 Output/Release/Obj/BLE_SDK/stk832x_driver.o
                0x000000000001c156                STK832x_Suspend_mode
 .text.STK_SOFT_RESET
                0x000000000001c178       0x16 Output/Release/Obj/BLE_SDK/stk832x_driver.o
                0x000000000001c178                STK_SOFT_RESET
 .text.STK832x_SPI_MODE_SET
                0x000000000001c18e       0x30 Output/Release/Obj/BLE_SDK/stk832x_driver.o
                0x000000000001c18e                STK832x_SPI_MODE_SET
 .text.STK832x_RANGE_SET
                0x000000000001c1be        0x8 Output/Release/Obj/BLE_SDK/stk832x_driver.o
                0x000000000001c1be                STK832x_RANGE_SET
 .text.STK832x_BANDWIDTH_SET
                0x000000000001c1c6        0x8 Output/Release/Obj/BLE_SDK/stk832x_driver.o
                0x000000000001c1c6                STK832x_BANDWIDTH_SET
 .text.STK832x_set_int_ths_valu
                0x000000000001c1ce       0x1a Output/Release/Obj/BLE_SDK/stk832x_driver.o
                0x000000000001c1ce                STK832x_set_int_ths_valu
 .text.STK832x_INT1_SET
                0x000000000001c1e8       0x42 Output/Release/Obj/BLE_SDK/stk832x_driver.o
                0x000000000001c1e8                STK832x_INT1_SET
 .text.STK832x_FIFOMODE_SET
                0x000000000001c22a        0x8 Output/Release/Obj/BLE_SDK/stk832x_driver.o
                0x000000000001c22a                STK832x_FIFOMODE_SET
 .text.STK832x_Initialization
                0x000000000001c232       0x66 Output/Release/Obj/BLE_SDK/stk832x_driver.o
                0x000000000001c232                STK832x_Initialization
 .text.STK832x_Read_fifo_len
                0x000000000001c298       0x28 Output/Release/Obj/BLE_SDK/stk832x_driver.o
                0x000000000001c298                STK832x_Read_fifo_len
 .text.STK832x_Getfifo_buf
                0x000000000001c2c0       0x98 Output/Release/Obj/BLE_SDK/stk832x_driver.o
                0x000000000001c2c0                STK832x_Getfifo_buf
 .text.nrf_delay_us.part.0
                0x000000000001c358       0x88 Output/Release/Obj/BLE_SDK/vl53l0x_iic.o
 .text.IIC_Start
                0x000000000001c3e0       0x24 Output/Release/Obj/BLE_SDK/vl53l0x_iic.o
                0x000000000001c3e0                IIC_Start
 .text.IIC_Stop
                0x000000000001c404       0x2c Output/Release/Obj/BLE_SDK/vl53l0x_iic.o
                0x000000000001c404                IIC_Stop
 .text.IIC_Init
                0x000000000001c430       0x22 Output/Release/Obj/BLE_SDK/vl53l0x_iic.o
                0x000000000001c430                IIC_Init
 .text.IIC_Wait_Ack
                0x000000000001c452       0x42 Output/Release/Obj/BLE_SDK/vl53l0x_iic.o
                0x000000000001c452                IIC_Wait_Ack
 .text.IIC_Ack  0x000000000001c494       0x2c Output/Release/Obj/BLE_SDK/vl53l0x_iic.o
                0x000000000001c494                IIC_Ack
 .text.IIC_NAck
                0x000000000001c4c0       0x2c Output/Release/Obj/BLE_SDK/vl53l0x_iic.o
                0x000000000001c4c0                IIC_NAck
 .text.IIC_Send_Byte
                0x000000000001c4ec       0x48 Output/Release/Obj/BLE_SDK/vl53l0x_iic.o
                0x000000000001c4ec                IIC_Send_Byte
 .text.IIC_Read_Byte
                0x000000000001c534       0x62 Output/Release/Obj/BLE_SDK/vl53l0x_iic.o
                0x000000000001c534                IIC_Read_Byte
 .text.IIC_Write_nByte_t
                0x000000000001c596       0x50 Output/Release/Obj/BLE_SDK/vl53l0x_iic.o
                0x000000000001c596                IIC_Write_nByte_t
 .text.IIC_Read_nByte_t
                0x000000000001c5e6       0x36 Output/Release/Obj/BLE_SDK/vl53l0x_iic.o
                0x000000000001c5e6                IIC_Read_nByte_t
 .text.SetPresetModeL3CX
                0x000000000001c61c       0x74 Output/Release/Obj/BLE_SDK/vl53lx_api.o
 .text.VL53LX_WaitDeviceBooted
                0x000000000001c690        0x8 Output/Release/Obj/BLE_SDK/vl53lx_api.o
                0x000000000001c690                VL53LX_WaitDeviceBooted
 .text.VL53LX_SetMeasurementTimingBudgetMicroSeconds
                0x000000000001c698       0x7c Output/Release/Obj/BLE_SDK/vl53lx_api.o
                0x000000000001c698                VL53LX_SetMeasurementTimingBudgetMicroSeconds
 .text.VL53LX_StartMeasurement
                0x000000000001c714       0x3c Output/Release/Obj/BLE_SDK/vl53lx_api.o
                0x000000000001c714                VL53LX_StartMeasurement
 .text.VL53LX_StopMeasurement
                0x000000000001c750       0x14 Output/Release/Obj/BLE_SDK/vl53lx_api.o
                0x000000000001c750                VL53LX_StopMeasurement
 .text.VL53LX_ClearInterruptAndStartMeasurement
                0x000000000001c764        0x6 Output/Release/Obj/BLE_SDK/vl53lx_api.o
                0x000000000001c764                VL53LX_ClearInterruptAndStartMeasurement
 .text.VL53LX_GetMeasurementDataReady
                0x000000000001c76a        0x4 Output/Release/Obj/BLE_SDK/vl53lx_api.o
                0x000000000001c76a                VL53LX_GetMeasurementDataReady
 *fill*         0x000000000001c76e        0x2 
 .text.VL53LX_GetMultiRangingData
                0x000000000001c770      0x354 Output/Release/Obj/BLE_SDK/vl53lx_api.o
                0x000000000001c770                VL53LX_GetMultiRangingData
 .text.VL53LX_SmudgeCorrectionEnable
                0x000000000001cac4       0x64 Output/Release/Obj/BLE_SDK/vl53lx_api.o
                0x000000000001cac4                VL53LX_SmudgeCorrectionEnable
 .text.VL53LX_DataInit
                0x000000000001cb28       0x60 Output/Release/Obj/BLE_SDK/vl53lx_api.o
                0x000000000001cb28                VL53LX_DataInit
 .text.VL53L1X_GetDistanceMode
                0x000000000001cb88       0x26 Output/Release/Obj/BLE_SDK/vl53lx_api.o
                0x000000000001cb88                VL53L1X_GetDistanceMode
 .text.VL53L1X_GetTimingBudgetInMs
                0x000000000001cbae       0x8e Output/Release/Obj/BLE_SDK/vl53lx_api.o
                0x000000000001cbae                VL53L1X_GetTimingBudgetInMs
 .text.VL53L1X_StartRanging
                0x000000000001cc3c        0x8 Output/Release/Obj/BLE_SDK/vl53lx_api.o
                0x000000000001cc3c                VL53L1X_StartRanging
 .text.VL53L1X_StopRanging
                0x000000000001cc44        0x8 Output/Release/Obj/BLE_SDK/vl53lx_api.o
                0x000000000001cc44                VL53L1X_StopRanging
 .text.VL53L1X_SetTimingBudgetInMs
                0x000000000001cc4c      0x124 Output/Release/Obj/BLE_SDK/vl53lx_api.o
                0x000000000001cc4c                VL53L1X_SetTimingBudgetInMs
 .text.VL53L1X_SetDistanceMode
                0x000000000001cd70       0xa6 Output/Release/Obj/BLE_SDK/vl53lx_api.o
                0x000000000001cd70                VL53L1X_SetDistanceMode
 *fill*         0x000000000001ce16        0x2 
 .text.VL53L1X_SetInterMeasurementInMs
                0x000000000001ce18       0x50 Output/Release/Obj/BLE_SDK/vl53lx_api.o
                0x000000000001ce18                VL53L1X_SetInterMeasurementInMs
 .text.VL53L1X_ClearInterrupt
                0x000000000001ce68        0x8 Output/Release/Obj/BLE_SDK/vl53lx_api.o
                0x000000000001ce68                VL53L1X_ClearInterrupt
 .text.VL53L1X_SensorInit
                0x000000000001ce70       0x4c Output/Release/Obj/BLE_SDK/vl53lx_api.o
                0x000000000001ce70                VL53L1X_SensorInit
 .text.VL53L1X_GetRangeStatus
                0x000000000001cebc       0x2c Output/Release/Obj/BLE_SDK/vl53lx_api.o
                0x000000000001cebc                VL53L1X_GetRangeStatus
 .text.VL53L1X_GetDistance
                0x000000000001cee8       0x18 Output/Release/Obj/BLE_SDK/vl53lx_api.o
                0x000000000001cee8                VL53L1X_GetDistance
 .text.VL53LX_unload_patch
                0x000000000001cf00       0x38 Output/Release/Obj/BLE_SDK/vl53lx_api_core.o
                0x000000000001cf00                VL53LX_unload_patch
 .text.VL53LX_set_inter_measurement_period_ms
                0x000000000001cf38       0x1a Output/Release/Obj/BLE_SDK/vl53lx_api_core.o
                0x000000000001cf38                VL53LX_set_inter_measurement_period_ms
 .text.VL53LX_set_timeouts_us
                0x000000000001cf52       0x30 Output/Release/Obj/BLE_SDK/vl53lx_api_core.o
                0x000000000001cf52                VL53LX_set_timeouts_us
 .text.VL53LX_get_timeouts_us
                0x000000000001cf82       0x70 Output/Release/Obj/BLE_SDK/vl53lx_api_core.o
                0x000000000001cf82                VL53LX_get_timeouts_us
 .text.VL53LX_set_user_zone
                0x000000000001cff2       0x22 Output/Release/Obj/BLE_SDK/vl53lx_api_core.o
                0x000000000001cff2                VL53LX_set_user_zone
 .text.VL53LX_get_mode_mitigation_roi
                0x000000000001d014       0x40 Output/Release/Obj/BLE_SDK/vl53lx_api_core.o
                0x000000000001d014                VL53LX_get_mode_mitigation_roi
 .text.VL53LX_read_p2p_data
                0x000000000001d054      0x150 Output/Release/Obj/BLE_SDK/vl53lx_api_core.o
                0x000000000001d054                VL53LX_read_p2p_data
 .text.VL53LX_get_preset_mode_timing_cfg
                0x000000000001d1a4       0x4c Output/Release/Obj/BLE_SDK/vl53lx_api_core.o
                0x000000000001d1a4                VL53LX_get_preset_mode_timing_cfg
 .text.VL53LX_set_preset_mode
                0x000000000001d1f0       0xf4 Output/Release/Obj/BLE_SDK/vl53lx_api_core.o
                0x000000000001d1f0                VL53LX_set_preset_mode
 .text.VL53LX_data_init
                0x000000000001d2e4      0x1ac Output/Release/Obj/BLE_SDK/vl53lx_api_core.o
                0x000000000001d2e4                VL53LX_data_init
 .text.VL53LX_stop_range
                0x000000000001d490       0x5e Output/Release/Obj/BLE_SDK/vl53lx_api_core.o
                0x000000000001d490                VL53LX_stop_range
 .text.VL53LX_get_measurement_results
                0x000000000001d4ee       0x60 Output/Release/Obj/BLE_SDK/vl53lx_api_core.o
                0x000000000001d4ee                VL53LX_get_measurement_results
 *fill*         0x000000000001d54e        0x2 
 .text.VL53LX_copy_sys_and_core_results_to_range_results
                0x000000000001d550      0x1ac Output/Release/Obj/BLE_SDK/vl53lx_api_core.o
                0x000000000001d550                VL53LX_copy_sys_and_core_results_to_range_results
 .text.VL53LX_set_zone_dss_config
                0x000000000001d6fc       0x20 Output/Release/Obj/BLE_SDK/vl53lx_api_core.o
                0x000000000001d6fc                VL53LX_set_zone_dss_config
 .text.VL53LX_init_and_start_range
                0x000000000001d71c      0x1f4 Output/Release/Obj/BLE_SDK/vl53lx_api_core.o
                0x000000000001d71c                VL53LX_init_and_start_range
 .text.VL53LX_clear_interrupt_and_enable_next_range
                0x000000000001d910        0x6 Output/Release/Obj/BLE_SDK/vl53lx_api_core.o
                0x000000000001d910                VL53LX_clear_interrupt_and_enable_next_range
 .text.VL53LX_set_dmax_mode
                0x000000000001d916        0x6 Output/Release/Obj/BLE_SDK/vl53lx_api_core.o
                0x000000000001d916                VL53LX_set_dmax_mode
 .text.VL53LX_get_dmax_calibration_data
                0x000000000001d91c       0x2a Output/Release/Obj/BLE_SDK/vl53lx_api_core.o
                0x000000000001d91c                VL53LX_get_dmax_calibration_data
 .text.VL53LX_get_tuning_parm
                0x000000000001d946      0x8fc Output/Release/Obj/BLE_SDK/vl53lx_api_core.o
                0x000000000001d946                VL53LX_get_tuning_parm
 *fill*         0x000000000001e242        0x2 
 .text.VL53LX_load_patch
                0x000000000001e244       0xd4 Output/Release/Obj/BLE_SDK/vl53lx_api_core.o
                0x000000000001e244                VL53LX_load_patch
 .text.VL53LX_get_histogram_bin_data
                0x000000000001e318      0x3a0 Output/Release/Obj/BLE_SDK/vl53lx_api_core.o
                0x000000000001e318                VL53LX_get_histogram_bin_data
 .text.VL53LX_get_device_results
                0x000000000001e6b8      0x4ee Output/Release/Obj/BLE_SDK/vl53lx_api_core.o
                0x000000000001e6b8                VL53LX_get_device_results
 .text.VL53LX_dynamic_xtalk_correction_enable
                0x000000000001eba6        0xc Output/Release/Obj/BLE_SDK/vl53lx_api_core.o
                0x000000000001eba6                VL53LX_dynamic_xtalk_correction_enable
 .text.VL53LX_dynamic_xtalk_correction_disable
                0x000000000001ebb2        0xc Output/Release/Obj/BLE_SDK/vl53lx_api_core.o
                0x000000000001ebb2                VL53LX_dynamic_xtalk_correction_disable
 .text.VL53LX_dynamic_xtalk_correction_apply_disable
                0x000000000001ebbe        0xc Output/Release/Obj/BLE_SDK/vl53lx_api_core.o
                0x000000000001ebbe                VL53LX_dynamic_xtalk_correction_apply_disable
 .text.VL53LX_dynamic_xtalk_correction_single_apply_enable
                0x000000000001ebca        0xc Output/Release/Obj/BLE_SDK/vl53lx_api_core.o
                0x000000000001ebca                VL53LX_dynamic_xtalk_correction_single_apply_enable
 .text.VL53LX_dynamic_xtalk_correction_single_apply_disable
                0x000000000001ebd6        0xc Output/Release/Obj/BLE_SDK/vl53lx_api_core.o
                0x000000000001ebd6                VL53LX_dynamic_xtalk_correction_single_apply_disable
 .text.VL53LX_dynamic_xtalk_correction_apply_enable
                0x000000000001ebe2        0xc Output/Release/Obj/BLE_SDK/vl53lx_api_core.o
                0x000000000001ebe2                VL53LX_dynamic_xtalk_correction_apply_enable
 *fill*         0x000000000001ebee        0x2 
 .text.VL53LX_init_refspadchar_config_struct
                0x000000000001ebf0       0x20 Output/Release/Obj/BLE_SDK/vl53lx_api_preset_modes.o
                0x000000000001ebf0                VL53LX_init_refspadchar_config_struct
 .text.VL53LX_init_ssc_config_struct
                0x000000000001ec10       0x18 Output/Release/Obj/BLE_SDK/vl53lx_api_preset_modes.o
                0x000000000001ec10                VL53LX_init_ssc_config_struct
 .text.VL53LX_init_xtalk_config_struct
                0x000000000001ec28       0x54 Output/Release/Obj/BLE_SDK/vl53lx_api_preset_modes.o
                0x000000000001ec28                VL53LX_init_xtalk_config_struct
 .text.VL53LX_init_xtalk_extract_config_struct
                0x000000000001ec7c       0x34 Output/Release/Obj/BLE_SDK/vl53lx_api_preset_modes.o
                0x000000000001ec7c                VL53LX_init_xtalk_extract_config_struct
 .text.VL53LX_init_offset_cal_config_struct
                0x000000000001ecb0       0x22 Output/Release/Obj/BLE_SDK/vl53lx_api_preset_modes.o
                0x000000000001ecb0                VL53LX_init_offset_cal_config_struct
 *fill*         0x000000000001ecd2        0x2 
 .text.VL53LX_init_zone_cal_config_struct
                0x000000000001ecd4       0x24 Output/Release/Obj/BLE_SDK/vl53lx_api_preset_modes.o
                0x000000000001ecd4                VL53LX_init_zone_cal_config_struct
 .text.VL53LX_init_hist_post_process_config_struct
                0x000000000001ecf8       0x64 Output/Release/Obj/BLE_SDK/vl53lx_api_preset_modes.o
                0x000000000001ecf8                VL53LX_init_hist_post_process_config_struct
 .text.VL53LX_init_tuning_parm_storage_struct
                0x000000000001ed5c      0x14c Output/Release/Obj/BLE_SDK/vl53lx_api_preset_modes.o
                0x000000000001ed5c                VL53LX_init_tuning_parm_storage_struct
 .text.VL53LX_init_hist_gen3_dmax_config_struct
                0x000000000001eea8       0x34 Output/Release/Obj/BLE_SDK/vl53lx_api_preset_modes.o
                0x000000000001eea8                VL53LX_init_hist_gen3_dmax_config_struct
 .text.VL53LX_preset_mode_standard_ranging
                0x000000000001eedc      0x160 Output/Release/Obj/BLE_SDK/vl53lx_api_preset_modes.o
                0x000000000001eedc                VL53LX_preset_mode_standard_ranging
 .text.VL53LX_copy_hist_cfg_to_static_cfg
                0x000000000001f03c       0x68 Output/Release/Obj/BLE_SDK/vl53lx_api_preset_modes.o
                0x000000000001f03c                VL53LX_copy_hist_cfg_to_static_cfg
 .text.VL53LX_preset_mode_histogram_ranging
                0x000000000001f0a4       0xdc Output/Release/Obj/BLE_SDK/vl53lx_api_preset_modes.o
                0x000000000001f0a4                VL53LX_preset_mode_histogram_ranging
 .text.VL53LX_preset_mode_histogram_long_range
                0x000000000001f180       0xd8 Output/Release/Obj/BLE_SDK/vl53lx_api_preset_modes.o
                0x000000000001f180                VL53LX_preset_mode_histogram_long_range
 .text.VL53LX_preset_mode_histogram_medium_range
                0x000000000001f258       0xd0 Output/Release/Obj/BLE_SDK/vl53lx_api_preset_modes.o
                0x000000000001f258                VL53LX_preset_mode_histogram_medium_range
 .text.VL53LX_preset_mode_histogram_short_range
                0x000000000001f328       0xd0 Output/Release/Obj/BLE_SDK/vl53lx_api_preset_modes.o
                0x000000000001f328                VL53LX_preset_mode_histogram_short_range
 .text.VL53LX_copy_hist_bins_to_static_cfg
                0x000000000001f3f8       0x56 Output/Release/Obj/BLE_SDK/vl53lx_api_preset_modes.o
                0x000000000001f3f8                VL53LX_copy_hist_bins_to_static_cfg
 *fill*         0x000000000001f44e        0x2 
 .text.nrf_delay_us
                0x000000000001f450       0x88 Output/Release/Obj/BLE_SDK/vl53lx_app.o
 .text._ExpanderRd.constprop.0
                0x000000000001f4d8       0x26 Output/Release/Obj/BLE_SDK/vl53lx_app.o
 .text._ExpanderWR.constprop.0
                0x000000000001f4fe       0x20 Output/Release/Obj/BLE_SDK/vl53lx_app.o
 *fill*         0x000000000001f51e        0x2 
 .text._ExpandersSetAllIO
                0x000000000001f520       0x28 Output/Release/Obj/BLE_SDK/vl53lx_app.o
 .text.XNUCLEO53L3A2_ResetId
                0x000000000001f548       0x70 Output/Release/Obj/BLE_SDK/vl53lx_app.o
                0x000000000001f548                XNUCLEO53L3A2_ResetId
 .text.XNUCLEO53L3A2_Init
                0x000000000001f5b8       0xf4 Output/Release/Obj/BLE_SDK/vl53lx_app.o
                0x000000000001f5b8                XNUCLEO53L3A2_Init
 .text.set_vl53lx_config
                0x000000000001f6ac       0x58 Output/Release/Obj/BLE_SDK/vl53lx_app.o
                0x000000000001f6ac                set_vl53lx_config
 .text.start_tof_measurement
                0x000000000001f704       0x60 Output/Release/Obj/BLE_SDK/vl53lx_app.o
                0x000000000001f704                start_tof_measurement
 .text.vl53lx_Init
                0x000000000001f764       0x90 Output/Release/Obj/BLE_SDK/vl53lx_app.o
                0x000000000001f764                vl53lx_Init
 .text.tof_StopMeasurement
                0x000000000001f7f4       0x34 Output/Release/Obj/BLE_SDK/vl53lx_app.o
                0x000000000001f7f4                tof_StopMeasurement
 .text.set_tof_int_flg
                0x000000000001f828        0xc Output/Release/Obj/BLE_SDK/vl53lx_app.o
                0x000000000001f828                set_tof_int_flg
 .text.calculate_vl53lx_distance
                0x000000000001f834      0x138 Output/Release/Obj/BLE_SDK/vl53lx_app.o
                0x000000000001f834                calculate_vl53lx_distance
 .text.VL53LX_init_version
                0x000000000001f96c       0x12 Output/Release/Obj/BLE_SDK/vl53lx_core.o
                0x000000000001f96c                VL53LX_init_version
 .text.VL53LX_init_ll_driver_state
                0x000000000001f97e       0x2e Output/Release/Obj/BLE_SDK/vl53lx_core.o
                0x000000000001f97e                VL53LX_init_ll_driver_state
 .text.VL53LX_check_ll_driver_rd_state
                0x000000000001f9ac       0x9c Output/Release/Obj/BLE_SDK/vl53lx_core.o
                0x000000000001f9ac                VL53LX_check_ll_driver_rd_state
 .text.VL53LX_copy_rtn_good_spads_to_buffer
                0x000000000001fa48       0xa2 Output/Release/Obj/BLE_SDK/vl53lx_core.o
                0x000000000001fa48                VL53LX_copy_rtn_good_spads_to_buffer
 .text.VL53LX_init_system_results
                0x000000000001faea       0x34 Output/Release/Obj/BLE_SDK/vl53lx_core.o
                0x000000000001faea                VL53LX_init_system_results
 .text.V53L1_init_zone_results_structure
                0x000000000001fb1e       0x22 Output/Release/Obj/BLE_SDK/vl53lx_core.o
                0x000000000001fb1e                V53L1_init_zone_results_structure
 .text.V53L1_init_zone_dss_configs
                0x000000000001fb40       0x42 Output/Release/Obj/BLE_SDK/vl53lx_core.o
                0x000000000001fb40                V53L1_init_zone_dss_configs
 .text.VL53LX_init_histogram_config_structure
                0x000000000001fb82       0x94 Output/Release/Obj/BLE_SDK/vl53lx_core.o
                0x000000000001fb82                VL53LX_init_histogram_config_structure
 .text.VL53LX_init_histogram_multizone_config_structure
                0x000000000001fc16       0x82 Output/Release/Obj/BLE_SDK/vl53lx_core.o
                0x000000000001fc16                VL53LX_init_histogram_multizone_config_structure
 .text.VL53LX_init_xtalk_bin_data_struct
                0x000000000001fc98       0x34 Output/Release/Obj/BLE_SDK/vl53lx_core.o
                0x000000000001fc98                VL53LX_init_xtalk_bin_data_struct
 .text.VL53LX_i2c_encode_uint16_t
                0x000000000001fccc       0x10 Output/Release/Obj/BLE_SDK/vl53lx_core.o
                0x000000000001fccc                VL53LX_i2c_encode_uint16_t
 .text.VL53LX_i2c_decode_uint16_t
                0x000000000001fcdc       0x16 Output/Release/Obj/BLE_SDK/vl53lx_core.o
                0x000000000001fcdc                VL53LX_i2c_decode_uint16_t
 .text.VL53LX_i2c_encode_int16_t
                0x000000000001fcf2       0x10 Output/Release/Obj/BLE_SDK/vl53lx_core.o
                0x000000000001fcf2                VL53LX_i2c_encode_int16_t
 .text.VL53LX_i2c_decode_int16_t
                0x000000000001fd02       0x1e Output/Release/Obj/BLE_SDK/vl53lx_core.o
                0x000000000001fd02                VL53LX_i2c_decode_int16_t
 .text.VL53LX_i2c_encode_uint32_t
                0x000000000001fd20       0x10 Output/Release/Obj/BLE_SDK/vl53lx_core.o
                0x000000000001fd20                VL53LX_i2c_encode_uint32_t
 .text.VL53LX_i2c_decode_uint32_t
                0x000000000001fd30       0x14 Output/Release/Obj/BLE_SDK/vl53lx_core.o
                0x000000000001fd30                VL53LX_i2c_decode_uint32_t
 .text.VL53LX_i2c_decode_int32_t
                0x000000000001fd44       0x1a Output/Release/Obj/BLE_SDK/vl53lx_core.o
                0x000000000001fd44                VL53LX_i2c_decode_int32_t
 .text.VL53LX_set_firmware_enable_register
                0x000000000001fd5e        0xc Output/Release/Obj/BLE_SDK/vl53lx_core.o
                0x000000000001fd5e                VL53LX_set_firmware_enable_register
 .text.VL53LX_enable_firmware
                0x000000000001fd6a        0x6 Output/Release/Obj/BLE_SDK/vl53lx_core.o
                0x000000000001fd6a                VL53LX_enable_firmware
 .text.VL53LX_disable_firmware
                0x000000000001fd70        0x6 Output/Release/Obj/BLE_SDK/vl53lx_core.o
                0x000000000001fd70                VL53LX_disable_firmware
 .text.VL53LX_set_powerforce_register
                0x000000000001fd76        0xc Output/Release/Obj/BLE_SDK/vl53lx_core.o
                0x000000000001fd76                VL53LX_set_powerforce_register
 .text.VL53LX_enable_powerforce
                0x000000000001fd82        0x6 Output/Release/Obj/BLE_SDK/vl53lx_core.o
                0x000000000001fd82                VL53LX_enable_powerforce
 .text.VL53LX_disable_powerforce
                0x000000000001fd88        0x6 Output/Release/Obj/BLE_SDK/vl53lx_core.o
                0x000000000001fd88                VL53LX_disable_powerforce
 .text.VL53LX_calc_macro_period_us
                0x000000000001fd8e       0x1e Output/Release/Obj/BLE_SDK/vl53lx_core.o
                0x000000000001fd8e                VL53LX_calc_macro_period_us
 .text.VL53LX_calc_range_ignore_threshold
                0x000000000001fdac       0x50 Output/Release/Obj/BLE_SDK/vl53lx_core.o
                0x000000000001fdac                VL53LX_calc_range_ignore_threshold
 .text.VL53LX_calc_timeout_mclks
                0x000000000001fdfc       0x12 Output/Release/Obj/BLE_SDK/vl53lx_core.o
                0x000000000001fdfc                VL53LX_calc_timeout_mclks
 .text.VL53LX_calc_timeout_us
                0x000000000001fe0e       0x12 Output/Release/Obj/BLE_SDK/vl53lx_core.o
                0x000000000001fe0e                VL53LX_calc_timeout_us
 .text.VL53LX_calc_crosstalk_plane_offset_with_margin
                0x000000000001fe20        0x8 Output/Release/Obj/BLE_SDK/vl53lx_core.o
                0x000000000001fe20                VL53LX_calc_crosstalk_plane_offset_with_margin
 .text.VL53LX_encode_timeout
                0x000000000001fe28       0x1e Output/Release/Obj/BLE_SDK/vl53lx_core.o
                0x000000000001fe28                VL53LX_encode_timeout
 .text.VL53LX_calc_encoded_timeout
                0x000000000001fe46        0xe Output/Release/Obj/BLE_SDK/vl53lx_core.o
                0x000000000001fe46                VL53LX_calc_encoded_timeout
 .text.VL53LX_decode_timeout
                0x000000000001fe54        0xc Output/Release/Obj/BLE_SDK/vl53lx_core.o
                0x000000000001fe54                VL53LX_decode_timeout
 .text.VL53LX_calc_decoded_timeout_us
                0x000000000001fe60       0x18 Output/Release/Obj/BLE_SDK/vl53lx_core.o
                0x000000000001fe60                VL53LX_calc_decoded_timeout_us
 .text.VL53LX_calc_timeout_register_values
                0x000000000001fe78       0x72 Output/Release/Obj/BLE_SDK/vl53lx_core.o
                0x000000000001fe78                VL53LX_calc_timeout_register_values
 .text.VL53LX_hist_copy_and_scale_ambient_info
                0x000000000001feea       0x8e Output/Release/Obj/BLE_SDK/vl53lx_core.o
                0x000000000001feea                VL53LX_hist_copy_and_scale_ambient_info
 .text.VL53LX_hist_get_bin_sequence_config
                0x000000000001ff78      0x17e Output/Release/Obj/BLE_SDK/vl53lx_core.o
                0x000000000001ff78                VL53LX_hist_get_bin_sequence_config
 .text.VL53LX_hist_events_consistency_check
                0x00000000000200f6      0x166 Output/Release/Obj/BLE_SDK/vl53lx_core.o
                0x00000000000200f6                VL53LX_hist_events_consistency_check
 .text.VL53LX_hist_merged_pulse_check
                0x000000000002025c       0x32 Output/Release/Obj/BLE_SDK/vl53lx_core.o
                0x000000000002025c                VL53LX_hist_merged_pulse_check
 .text.VL53LX_hist_phase_consistency_check
                0x000000000002028e       0xf8 Output/Release/Obj/BLE_SDK/vl53lx_core.o
                0x000000000002028e                VL53LX_hist_phase_consistency_check
 .text.VL53LX_hist_xmonitor_consistency_check
                0x0000000000020386       0x5a Output/Release/Obj/BLE_SDK/vl53lx_core.o
                0x0000000000020386                VL53LX_hist_xmonitor_consistency_check
 .text.VL53LX_hist_wrap_dmax
                0x00000000000203e0       0x28 Output/Release/Obj/BLE_SDK/vl53lx_core.o
                0x00000000000203e0                VL53LX_hist_wrap_dmax
 .text.VL53LX_encode_row_col
                0x0000000000020408       0x18 Output/Release/Obj/BLE_SDK/vl53lx_core.o
                0x0000000000020408                VL53LX_encode_row_col
 .text.VL53LX_encode_zone_size
                0x0000000000020420        0x8 Output/Release/Obj/BLE_SDK/vl53lx_core.o
                0x0000000000020420                VL53LX_encode_zone_size
 .text.VL53LX_decode_zone_limits
                0x0000000000020428       0x64 Output/Release/Obj/BLE_SDK/vl53lx_core.o
                0x0000000000020428                VL53LX_decode_zone_limits
 .text.VL53LX_is_aperture_location
                0x000000000002048c       0x20 Output/Release/Obj/BLE_SDK/vl53lx_core.o
                0x000000000002048c                VL53LX_is_aperture_location
 .text.VL53LX_calc_max_effective_spads
                0x00000000000204ac       0xa4 Output/Release/Obj/BLE_SDK/vl53lx_core.o
                0x00000000000204ac                VL53LX_calc_max_effective_spads
 .text.VL53LX_calc_mm_effective_spads
                0x0000000000020550      0x100 Output/Release/Obj/BLE_SDK/vl53lx_core.o
                0x0000000000020550                VL53LX_calc_mm_effective_spads
 .text.VL53LX_hist_combine_mm1_mm2_offsets
                0x0000000000020650       0xac Output/Release/Obj/BLE_SDK/vl53lx_core.o
                0x0000000000020650                VL53LX_hist_combine_mm1_mm2_offsets
 .text.VL53LX_hist_copy_results_to_sys_and_core
                0x00000000000206fc       0x9e Output/Release/Obj/BLE_SDK/vl53lx_core.o
                0x00000000000206fc                VL53LX_hist_copy_results_to_sys_and_core
 .text.VL53LX_save_cfg_data
                0x000000000002079a       0x34 Output/Release/Obj/BLE_SDK/vl53lx_core.o
                0x000000000002079a                VL53LX_save_cfg_data
 .text.VL53LX_dynamic_zone_update
                0x00000000000207ce       0x56 Output/Release/Obj/BLE_SDK/vl53lx_core.o
                0x00000000000207ce                VL53LX_dynamic_zone_update
 .text.VL53LX_multizone_hist_bins_update
                0x0000000000020824       0x7a Output/Release/Obj/BLE_SDK/vl53lx_core.o
                0x0000000000020824                VL53LX_multizone_hist_bins_update
 .text.VL53LX_update_internal_stream_counters
                0x000000000002089e       0x2e Output/Release/Obj/BLE_SDK/vl53lx_core.o
                0x000000000002089e                VL53LX_update_internal_stream_counters
 .text.VL53LX_update_ll_driver_rd_state
                0x00000000000208cc      0x110 Output/Release/Obj/BLE_SDK/vl53lx_core.o
                0x00000000000208cc                VL53LX_update_ll_driver_rd_state
 .text.VL53LX_update_ll_driver_cfg_state
                0x00000000000209dc      0x16c Output/Release/Obj/BLE_SDK/vl53lx_core.o
                0x00000000000209dc                VL53LX_update_ll_driver_cfg_state
 .text.VL53LX_dynamic_xtalk_correction_calc_required_samples
                0x0000000000020b48       0x9c Output/Release/Obj/BLE_SDK/vl53lx_core.o
                0x0000000000020b48                VL53LX_dynamic_xtalk_correction_calc_required_samples
 .text.VL53LX_dynamic_xtalk_correction_output_init
                0x0000000000020be4       0x16 Output/Release/Obj/BLE_SDK/vl53lx_core.o
                0x0000000000020be4                VL53LX_dynamic_xtalk_correction_output_init
 .text.VL53LX_dynamic_xtalk_correction_data_init
                0x0000000000020bfa       0xd4 Output/Release/Obj/BLE_SDK/vl53lx_core.o
                0x0000000000020bfa                VL53LX_dynamic_xtalk_correction_data_init
 .text.VL53LX_xtalk_cal_data_init
                0x0000000000020cce       0x20 Output/Release/Obj/BLE_SDK/vl53lx_core.o
                0x0000000000020cce                VL53LX_xtalk_cal_data_init
 .text.VL53LX_low_power_auto_data_init
                0x0000000000020cee       0x26 Output/Release/Obj/BLE_SDK/vl53lx_core.o
                0x0000000000020cee                VL53LX_low_power_auto_data_init
 .text.VL53LX_low_power_auto_data_stop_range
                0x0000000000020d14       0x3e Output/Release/Obj/BLE_SDK/vl53lx_core.o
                0x0000000000020d14                VL53LX_low_power_auto_data_stop_range
 .text.VL53LX_low_power_auto_setup_manual_calibration
                0x0000000000020d52       0x48 Output/Release/Obj/BLE_SDK/vl53lx_core.o
                0x0000000000020d52                VL53LX_low_power_auto_setup_manual_calibration
 .text.VL53LX_low_power_auto_update_DSS
                0x0000000000020d9a       0x58 Output/Release/Obj/BLE_SDK/vl53lx_core.o
                0x0000000000020d9a                VL53LX_low_power_auto_update_DSS
 .text.VL53LX_compute_histo_merge_nb
                0x0000000000020df2       0x38 Output/Release/Obj/BLE_SDK/vl53lx_core.o
                0x0000000000020df2                VL53LX_compute_histo_merge_nb
 .text.VL53LX_dynamic_xtalk_correction_calc_new_xtalk
                0x0000000000020e2a      0x1ce Output/Release/Obj/BLE_SDK/vl53lx_core.o
                0x0000000000020e2a                VL53LX_dynamic_xtalk_correction_calc_new_xtalk
 .text.VL53LX_dynamic_xtalk_correction_corrector
                0x0000000000020ff8      0x2ac Output/Release/Obj/BLE_SDK/vl53lx_core.o
                0x0000000000020ff8                VL53LX_dynamic_xtalk_correction_corrector
 .text.VL53LX_calc_pll_period_us
                0x00000000000212a4        0xc Output/Release/Obj/BLE_SDK/vl53lx_core_support.o
                0x00000000000212a4                VL53LX_calc_pll_period_us
 .text.VL53LX_duration_maths
                0x00000000000212b0       0x28 Output/Release/Obj/BLE_SDK/vl53lx_core_support.o
                0x00000000000212b0                VL53LX_duration_maths
 .text.VL53LX_events_per_spad_maths
                0x00000000000212d8       0x3a Output/Release/Obj/BLE_SDK/vl53lx_core_support.o
                0x00000000000212d8                VL53LX_events_per_spad_maths
 .text.VL53LX_isqrt
                0x0000000000021312       0x26 Output/Release/Obj/BLE_SDK/vl53lx_core_support.o
                0x0000000000021312                VL53LX_isqrt
 .text.VL53LX_hist_calc_zero_distance_phase
                0x0000000000021338       0x34 Output/Release/Obj/BLE_SDK/vl53lx_core_support.o
                0x0000000000021338                VL53LX_hist_calc_zero_distance_phase
 .text.VL53LX_hist_remove_ambient_bins
                0x000000000002136c       0x78 Output/Release/Obj/BLE_SDK/vl53lx_core_support.o
                0x000000000002136c                VL53LX_hist_remove_ambient_bins
 .text.VL53LX_calc_pll_period_mm
                0x00000000000213e4       0x1a Output/Release/Obj/BLE_SDK/vl53lx_core_support.o
                0x00000000000213e4                VL53LX_calc_pll_period_mm
 .text.VL53LX_rate_maths
                0x00000000000213fe       0x42 Output/Release/Obj/BLE_SDK/vl53lx_core_support.o
                0x00000000000213fe                VL53LX_rate_maths
 .text.VL53LX_rate_per_spad_maths
                0x0000000000021440       0x20 Output/Release/Obj/BLE_SDK/vl53lx_core_support.o
                0x0000000000021440                VL53LX_rate_per_spad_maths
 .text.VL53LX_range_maths
                0x0000000000021460       0xb4 Output/Release/Obj/BLE_SDK/vl53lx_core_support.o
                0x0000000000021460                VL53LX_range_maths
 .text.VL53LX_decode_vcsel_period
                0x0000000000021514        0xa Output/Release/Obj/BLE_SDK/vl53lx_core_support.o
                0x0000000000021514                VL53LX_decode_vcsel_period
 .text.VL53LX_copy_xtalk_bin_data_to_histogram_data_struct
                0x000000000002151e       0x40 Output/Release/Obj/BLE_SDK/vl53lx_core_support.o
                0x000000000002151e                VL53LX_copy_xtalk_bin_data_to_histogram_data_struct
 *fill*         0x000000000002155e        0x2 
 .text.VL53LX_init_histogram_bin_data_struct
                0x0000000000021560       0x70 Output/Release/Obj/BLE_SDK/vl53lx_core_support.o
                0x0000000000021560                VL53LX_init_histogram_bin_data_struct
 .text.VL53LX_decode_row_col
                0x00000000000215d0       0x26 Output/Release/Obj/BLE_SDK/vl53lx_core_support.o
                0x00000000000215d0                VL53LX_decode_row_col
 .text.VL53LX_hist_find_min_max_bin_values
                0x00000000000215f6       0x40 Output/Release/Obj/BLE_SDK/vl53lx_core_support.o
                0x00000000000215f6                VL53LX_hist_find_min_max_bin_values
 .text.VL53LX_hist_estimate_ambient_from_thresholded_bins
                0x0000000000021636       0x68 Output/Release/Obj/BLE_SDK/vl53lx_core_support.o
                0x0000000000021636                VL53LX_hist_estimate_ambient_from_thresholded_bins
 .text.VL53LX_hist_estimate_ambient_from_ambient_bins
                0x000000000002169e       0x3a Output/Release/Obj/BLE_SDK/vl53lx_core_support.o
                0x000000000002169e                VL53LX_hist_estimate_ambient_from_ambient_bins
 .text.VL53LX_f_002
                0x00000000000216d8       0x28 Output/Release/Obj/BLE_SDK/vl53lx_dmax.o
                0x00000000000216d8                VL53LX_f_002
 .text.VL53LX_f_001
                0x0000000000021700      0x232 Output/Release/Obj/BLE_SDK/vl53lx_dmax.o
                0x0000000000021700                VL53LX_f_001
 .text.VL53LX_f_003
                0x0000000000021932       0x7e Output/Release/Obj/BLE_SDK/vl53lx_hist_algos_gen3.o
                0x0000000000021932                VL53LX_f_003
 .text.VL53LX_f_006
                0x00000000000219b0      0x116 Output/Release/Obj/BLE_SDK/vl53lx_hist_algos_gen3.o
                0x00000000000219b0                VL53LX_f_006
 .text.VL53LX_f_007
                0x0000000000021ac6       0x50 Output/Release/Obj/BLE_SDK/vl53lx_hist_algos_gen3.o
                0x0000000000021ac6                VL53LX_f_007
 .text.VL53LX_f_008
                0x0000000000021b16       0x74 Output/Release/Obj/BLE_SDK/vl53lx_hist_algos_gen3.o
                0x0000000000021b16                VL53LX_f_008
 .text.VL53LX_f_009
                0x0000000000021b8a       0xbe Output/Release/Obj/BLE_SDK/vl53lx_hist_algos_gen3.o
                0x0000000000021b8a                VL53LX_f_009
 .text.VL53LX_f_016
                0x0000000000021c48       0x92 Output/Release/Obj/BLE_SDK/vl53lx_hist_algos_gen3.o
                0x0000000000021c48                VL53LX_f_016
 .text.VL53LX_f_010
                0x0000000000021cda       0x56 Output/Release/Obj/BLE_SDK/vl53lx_hist_algos_gen3.o
                0x0000000000021cda                VL53LX_f_010
 .text.VL53LX_f_020
                0x0000000000021d30       0xe6 Output/Release/Obj/BLE_SDK/vl53lx_hist_algos_gen3.o
                0x0000000000021d30                VL53LX_f_020
 .text.VL53LX_f_015
                0x0000000000021e16       0xd0 Output/Release/Obj/BLE_SDK/vl53lx_hist_algos_gen3.o
                0x0000000000021e16                VL53LX_f_015
 .text.VL53LX_f_011
                0x0000000000021ee6       0x58 Output/Release/Obj/BLE_SDK/vl53lx_hist_algos_gen3.o
                0x0000000000021ee6                VL53LX_f_011
 .text.VL53LX_f_014
                0x0000000000021f3e       0xbe Output/Release/Obj/BLE_SDK/vl53lx_hist_algos_gen3.o
                0x0000000000021f3e                VL53LX_f_014
 .text.VL53LX_f_017
                0x0000000000021ffc       0x92 Output/Release/Obj/BLE_SDK/vl53lx_hist_algos_gen3.o
                0x0000000000021ffc                VL53LX_f_017
 .text.VL53LX_f_026
                0x000000000002208e       0xa0 Output/Release/Obj/BLE_SDK/vl53lx_hist_algos_gen4.o
                0x000000000002208e                VL53LX_f_026
 .text.VL53LX_f_028
                0x000000000002212e       0xf2 Output/Release/Obj/BLE_SDK/vl53lx_hist_algos_gen4.o
                0x000000000002212e                VL53LX_f_028
 .text.VL53LX_f_027
                0x0000000000022220       0xc4 Output/Release/Obj/BLE_SDK/vl53lx_hist_algos_gen4.o
                0x0000000000022220                VL53LX_f_027
 .text.VL53LX_f_025
                0x00000000000222e4      0x27e Output/Release/Obj/BLE_SDK/vl53lx_hist_algos_gen4.o
                0x00000000000222e4                VL53LX_f_025
 .text.VL53LX_f_022
                0x0000000000022562       0x62 Output/Release/Obj/BLE_SDK/vl53lx_hist_core.o
                0x0000000000022562                VL53LX_f_022
 .text.VL53LX_f_018
                0x00000000000225c4       0x8e Output/Release/Obj/BLE_SDK/vl53lx_hist_core.o
                0x00000000000225c4                VL53LX_f_018
 .text.VL53LX_f_019
                0x0000000000022652       0x4c Output/Release/Obj/BLE_SDK/vl53lx_hist_core.o
                0x0000000000022652                VL53LX_f_019
 .text.VL53LX_f_030
                0x000000000002269e       0x42 Output/Release/Obj/BLE_SDK/vl53lx_hist_core.o
                0x000000000002269e                VL53LX_f_030
 .text.VL53LX_f_005
                0x00000000000226e0       0xa2 Output/Release/Obj/BLE_SDK/vl53lx_hist_core.o
                0x00000000000226e0                VL53LX_f_005
 .text.VL53LX_f_031
                0x0000000000022782      0x128 Output/Release/Obj/BLE_SDK/vl53lx_hist_core.o
                0x0000000000022782                VL53LX_f_031
 .text.VL53LX_hist_process_data
                0x00000000000228aa      0x19c Output/Release/Obj/BLE_SDK/vl53lx_hist_funcs.o
                0x00000000000228aa                VL53LX_hist_process_data
 .text.VL53LX_nvm_enable
                0x0000000000022a46       0x66 Output/Release/Obj/BLE_SDK/vl53lx_nvm.o
                0x0000000000022a46                VL53LX_nvm_enable
 .text.VL53LX_nvm_read
                0x0000000000022aac       0x5e Output/Release/Obj/BLE_SDK/vl53lx_nvm.o
                0x0000000000022aac                VL53LX_nvm_read
 .text.VL53LX_nvm_disable
                0x0000000000022b0a       0x32 Output/Release/Obj/BLE_SDK/vl53lx_nvm.o
                0x0000000000022b0a                VL53LX_nvm_disable
 .text.VL53LX_nvm_decode_cal_peak_rate_map
                0x0000000000022b3c       0x4a Output/Release/Obj/BLE_SDK/vl53lx_nvm.o
                0x0000000000022b3c                VL53LX_nvm_decode_cal_peak_rate_map
 .text.VL53LX_nvm_decode_additional_offset_cal_data
                0x0000000000022b86       0x3a Output/Release/Obj/BLE_SDK/vl53lx_nvm.o
                0x0000000000022b86                VL53LX_nvm_decode_additional_offset_cal_data
 .text.VL53LX_nvm_decode_fmt_range_results_data
                0x0000000000022bc0       0x68 Output/Release/Obj/BLE_SDK/vl53lx_nvm.o
                0x0000000000022bc0                VL53LX_nvm_decode_fmt_range_results_data
 .text.VL53LX_read_nvm_raw_data
                0x0000000000022c28       0x2e Output/Release/Obj/BLE_SDK/vl53lx_nvm.o
                0x0000000000022c28                VL53LX_read_nvm_raw_data
 .text.VL53LX_read_nvm_optical_centre
                0x0000000000022c56       0x2e Output/Release/Obj/BLE_SDK/vl53lx_nvm.o
                0x0000000000022c56                VL53LX_read_nvm_optical_centre
 .text.VL53LX_read_nvm_cal_peak_rate_map
                0x0000000000022c84       0x20 Output/Release/Obj/BLE_SDK/vl53lx_nvm.o
                0x0000000000022c84                VL53LX_read_nvm_cal_peak_rate_map
 .text.VL53LX_read_nvm_additional_offset_cal_data
                0x0000000000022ca4       0x1e Output/Release/Obj/BLE_SDK/vl53lx_nvm.o
                0x0000000000022ca4                VL53LX_read_nvm_additional_offset_cal_data
 .text.VL53LX_read_nvm_fmt_range_results_data
                0x0000000000022cc2       0x20 Output/Release/Obj/BLE_SDK/vl53lx_nvm.o
                0x0000000000022cc2                VL53LX_read_nvm_fmt_range_results_data
 *fill*         0x0000000000022ce2        0x2 
 .text.nrf_delay_us.part.0
                0x0000000000022ce4       0x88 Output/Release/Obj/BLE_SDK/vl53lx_platform.o
 .text.VL53LX_WriteMulti
                0x0000000000022d6c       0x44 Output/Release/Obj/BLE_SDK/vl53lx_platform.o
                0x0000000000022d6c                VL53LX_WriteMulti
 .text.VL53LX_ReadMulti
                0x0000000000022db0       0x34 Output/Release/Obj/BLE_SDK/vl53lx_platform.o
                0x0000000000022db0                VL53LX_ReadMulti
 .text.VL53LX_WrByte
                0x0000000000022de4       0x2c Output/Release/Obj/BLE_SDK/vl53lx_platform.o
                0x0000000000022de4                VL53LX_WrByte
 .text.VL53LX_WrWord
                0x0000000000022e10       0x30 Output/Release/Obj/BLE_SDK/vl53lx_platform.o
                0x0000000000022e10                VL53LX_WrWord
 .text.VL53LX_WrDWord
                0x0000000000022e40       0x38 Output/Release/Obj/BLE_SDK/vl53lx_platform.o
                0x0000000000022e40                VL53LX_WrDWord
 .text.VL53LX_RdByte
                0x0000000000022e78       0x34 Output/Release/Obj/BLE_SDK/vl53lx_platform.o
                0x0000000000022e78                VL53LX_RdByte
 .text.VL53LX_RdWord
                0x0000000000022eac       0x44 Output/Release/Obj/BLE_SDK/vl53lx_platform.o
                0x0000000000022eac                VL53LX_RdWord
 .text.VL53LX_WaitUs
                0x0000000000022ef0        0xe Output/Release/Obj/BLE_SDK/vl53lx_platform.o
                0x0000000000022ef0                VL53LX_WaitUs
 *fill*         0x0000000000022efe        0x2 
 .text.VL53LX_WaitValueMaskEx
                0x0000000000022f00       0x88 Output/Release/Obj/BLE_SDK/vl53lx_platform.o
                0x0000000000022f00                VL53LX_WaitValueMaskEx
 .text.VL53LX_ipp_hist_process_data
                0x0000000000022f88       0x20 Output/Release/Obj/BLE_SDK/vl53lx_platform_ipp.o
                0x0000000000022f88                VL53LX_ipp_hist_process_data
 .text.VL53LX_i2c_encode_static_nvm_managed
                0x0000000000022fa8       0x5a Output/Release/Obj/BLE_SDK/vl53lx_register_funcs.o
                0x0000000000022fa8                VL53LX_i2c_encode_static_nvm_managed
 .text.VL53LX_i2c_decode_static_nvm_managed
                0x0000000000023002       0x5a Output/Release/Obj/BLE_SDK/vl53lx_register_funcs.o
                0x0000000000023002                VL53LX_i2c_decode_static_nvm_managed
 .text.VL53LX_get_static_nvm_managed
                0x000000000002305c       0x1e Output/Release/Obj/BLE_SDK/vl53lx_register_funcs.o
                0x000000000002305c                VL53LX_get_static_nvm_managed
 .text.VL53LX_i2c_encode_customer_nvm_managed
                0x000000000002307a       0xa2 Output/Release/Obj/BLE_SDK/vl53lx_register_funcs.o
                0x000000000002307a                VL53LX_i2c_encode_customer_nvm_managed
 .text.VL53LX_i2c_decode_customer_nvm_managed
                0x000000000002311c       0x9a Output/Release/Obj/BLE_SDK/vl53lx_register_funcs.o
                0x000000000002311c                VL53LX_i2c_decode_customer_nvm_managed
 .text.VL53LX_get_customer_nvm_managed
                0x00000000000231b6       0x42 Output/Release/Obj/BLE_SDK/vl53lx_register_funcs.o
                0x00000000000231b6                VL53LX_get_customer_nvm_managed
 .text.VL53LX_i2c_encode_static_config
                0x00000000000231f8       0xdc Output/Release/Obj/BLE_SDK/vl53lx_register_funcs.o
                0x00000000000231f8                VL53LX_i2c_encode_static_config
 .text.VL53LX_i2c_encode_general_config
                0x00000000000232d4       0x8a Output/Release/Obj/BLE_SDK/vl53lx_register_funcs.o
                0x00000000000232d4                VL53LX_i2c_encode_general_config
 .text.VL53LX_i2c_encode_timing_config
                0x000000000002335e       0x86 Output/Release/Obj/BLE_SDK/vl53lx_register_funcs.o
                0x000000000002335e                VL53LX_i2c_encode_timing_config
 .text.VL53LX_i2c_encode_dynamic_config
                0x00000000000233e4       0x84 Output/Release/Obj/BLE_SDK/vl53lx_register_funcs.o
                0x00000000000233e4                VL53LX_i2c_encode_dynamic_config
 .text.VL53LX_i2c_encode_system_control
                0x0000000000023468       0x32 Output/Release/Obj/BLE_SDK/vl53lx_register_funcs.o
                0x0000000000023468                VL53LX_i2c_encode_system_control
 .text.VL53LX_set_system_control
                0x000000000002349a       0x20 Output/Release/Obj/BLE_SDK/vl53lx_register_funcs.o
                0x000000000002349a                VL53LX_set_system_control
 .text.VL53LX_i2c_decode_system_results
                0x00000000000234ba      0x11e Output/Release/Obj/BLE_SDK/vl53lx_register_funcs.o
                0x00000000000234ba                VL53LX_i2c_decode_system_results
 .text.VL53LX_i2c_decode_core_results
                0x00000000000235d8       0x76 Output/Release/Obj/BLE_SDK/vl53lx_register_funcs.o
                0x00000000000235d8                VL53LX_i2c_decode_core_results
 .text.VL53LX_i2c_decode_debug_results
                0x000000000002364e      0x1b2 Output/Release/Obj/BLE_SDK/vl53lx_register_funcs.o
                0x000000000002364e                VL53LX_i2c_decode_debug_results
 .text.VL53LX_i2c_decode_nvm_copy_data
                0x0000000000023800      0x14a Output/Release/Obj/BLE_SDK/vl53lx_register_funcs.o
                0x0000000000023800                VL53LX_i2c_decode_nvm_copy_data
 .text.VL53LX_get_nvm_copy_data
                0x000000000002394a       0x22 Output/Release/Obj/BLE_SDK/vl53lx_register_funcs.o
                0x000000000002394a                VL53LX_get_nvm_copy_data
 .text.VL53LX_f_023
                0x000000000002396c      0x222 Output/Release/Obj/BLE_SDK/vl53lx_sigma_estimate.o
                0x000000000002396c                VL53LX_f_023
 .text.VL53LX_is_new_data_ready
                0x0000000000023b8e       0x34 Output/Release/Obj/BLE_SDK/vl53lx_wait.o
                0x0000000000023b8e                VL53LX_is_new_data_ready
 .text.VL53LX_poll_for_boot_completion
                0x0000000000023bc2       0x34 Output/Release/Obj/BLE_SDK/vl53lx_wait.o
                0x0000000000023bc2                VL53LX_poll_for_boot_completion
 .text.VL53LX_f_032
                0x0000000000023bf6      0x152 Output/Release/Obj/BLE_SDK/vl53lx_xtalk.o
                0x0000000000023bf6                VL53LX_f_032
 .text.VL53LX_f_033
                0x0000000000023d48       0xa0 Output/Release/Obj/BLE_SDK/vl53lx_xtalk.o
                0x0000000000023d48                VL53LX_f_033
 .text.get_battery_level
                0x0000000000023de8        0xc Output/Release/Obj/BLE_SDK/battery_check.o
                0x0000000000023de8                get_battery_level
 .text.pin_irq_handle
                0x0000000000023df4       0x78 Output/Release/Obj/BLE_SDK/gpio_init.o
                0x0000000000023df4                pin_irq_handle
 .text.get_rx_irq_sta
                0x0000000000023e6c        0xc Output/Release/Obj/BLE_SDK/gpio_init.o
                0x0000000000023e6c                get_rx_irq_sta
 .text.clean_rx_irq
                0x0000000000023e78        0xc Output/Release/Obj/BLE_SDK/gpio_init.o
                0x0000000000023e78                clean_rx_irq
 .text.enable_pin_irq
                0x0000000000023e84       0x64 Output/Release/Obj/BLE_SDK/gpio_init.o
                0x0000000000023e84                enable_pin_irq
 .text.user_gpio_init
                0x0000000000023ee8       0xb0 Output/Release/Obj/BLE_SDK/gpio_init.o
                0x0000000000023ee8                user_gpio_init
 .text.sd_flash_write
                0x0000000000023f98        0x4 Output/Release/Obj/BLE_SDK/in_flash_manage.o
 .text.sd_flash_page_erase
                0x0000000000023f9c        0x4 Output/Release/Obj/BLE_SDK/in_flash_manage.o
 .text.nrf_delay_us.part.0
                0x0000000000023fa0       0x88 Output/Release/Obj/BLE_SDK/in_flash_manage.o
 .text.call_by_sys_flash_manage
                0x0000000000024028       0x10 Output/Release/Obj/BLE_SDK/in_flash_manage.o
                0x0000000000024028                call_by_sys_flash_manage
 .text.wait_after_operation
                0x0000000000024038       0x1c Output/Release/Obj/BLE_SDK/in_flash_manage.o
                0x0000000000024038                wait_after_operation
 .text.CheckAddr
                0x0000000000024054       0x1a Output/Release/Obj/BLE_SDK/in_flash_manage.o
                0x0000000000024054                CheckAddr
 *fill*         0x000000000002406e        0x2 
 .text.Flash_Write_World
                0x0000000000024070       0x24 Output/Release/Obj/BLE_SDK/in_flash_manage.o
                0x0000000000024070                Flash_Write_World
 .text.InflashRead
                0x0000000000024094       0x14 Output/Release/Obj/BLE_SDK/in_flash_manage.o
                0x0000000000024094                InflashRead
 .text.Flash_Erase_Page
                0x00000000000240a8       0x30 Output/Release/Obj/BLE_SDK/in_flash_manage.o
                0x00000000000240a8                Flash_Erase_Page
 .text.EraseBoot
                0x00000000000240d8       0x34 Output/Release/Obj/BLE_SDK/in_flash_manage.o
                0x00000000000240d8                EraseBoot
 .text.flash_nvic_word_write
                0x000000000002410c       0x30 Output/Release/Obj/BLE_SDK/in_flash_manage.o
                0x000000000002410c                flash_nvic_word_write
 .text.boot_to_new_appilacation
                0x000000000002413c       0x64 Output/Release/Obj/BLE_SDK/in_flash_manage.o
                0x000000000002413c                boot_to_new_appilacation
 .text.get_device_sta
                0x00000000000241a0        0xc Output/Release/Obj/BLE_SDK/key.o
                0x00000000000241a0                get_device_sta
 .text.key_Init
                0x00000000000241ac        0x8 Output/Release/Obj/BLE_SDK/key.o
                0x00000000000241ac                key_Init
 .text.check_key_press
                0x00000000000241b4       0x3c Output/Release/Obj/BLE_SDK/key.o
                0x00000000000241b4                check_key_press
 .text.device_OnOff_manage
                0x00000000000241f0       0x9c Output/Release/Obj/BLE_SDK/key.o
                0x00000000000241f0                device_OnOff_manage
 .text.led_timer_timeout
                0x000000000002428c       0x10 Output/Release/Obj/BLE_SDK/led_manage.o
 .text.led_timer_init
                0x000000000002429c       0x20 Output/Release/Obj/BLE_SDK/led_manage.o
                0x000000000002429c                led_timer_init
 .text.led_init
                0x00000000000242bc        0xe Output/Release/Obj/BLE_SDK/led_manage.o
                0x00000000000242bc                led_init
 *fill*         0x00000000000242ca        0x2 
 .text.led_ctrl
                0x00000000000242cc       0x48 Output/Release/Obj/BLE_SDK/led_manage.o
                0x00000000000242cc                led_ctrl
 .text.led_timer_manage
                0x0000000000024314       0xd4 Output/Release/Obj/BLE_SDK/led_manage.o
                0x0000000000024314                led_timer_manage
 .text.delay_us
                0x00000000000243e8        0x2 Output/Release/Obj/BLE_SDK/utility.o
                0x00000000000243e8                delay_us
 .text.delay_ms
                0x00000000000243ea        0x2 Output/Release/Obj/BLE_SDK/utility.o
                0x00000000000243ea                delay_ms
 .text.sd_ble_gap_adv_data_set
                0x00000000000243ec        0x4 Output/Release/Obj/BLE_SDK/ble_adv.o
 .text.sd_ble_gap_adv_start
                0x00000000000243f0        0x4 Output/Release/Obj/BLE_SDK/ble_adv.o
 .text.sd_ble_gap_adv_stop
                0x00000000000243f4        0x4 Output/Release/Obj/BLE_SDK/ble_adv.o
 .text.ble_adv_stop
                0x00000000000243f8       0x1c Output/Release/Obj/BLE_SDK/ble_adv.o
                0x00000000000243f8                ble_adv_stop
 .text.set_ble_start
                0x0000000000024414        0xc Output/Release/Obj/BLE_SDK/ble_adv.o
                0x0000000000024414                set_ble_start
 .text.task_ble_adv_start
                0x0000000000024420      0x158 Output/Release/Obj/BLE_SDK/ble_adv.o
                0x0000000000024420                task_ble_adv_start
 .text.sd_ble_gap_addr_set
                0x0000000000024578        0x4 Output/Release/Obj/BLE_SDK/ble_comm.o
 .text.sd_ble_gap_addr_get
                0x000000000002457c        0x4 Output/Release/Obj/BLE_SDK/ble_comm.o
 .text.sd_ble_gap_disconnect
                0x0000000000024580        0x4 Output/Release/Obj/BLE_SDK/ble_comm.o
 .text.sd_ble_gap_tx_power_set
                0x0000000000024584        0x4 Output/Release/Obj/BLE_SDK/ble_comm.o
 .text.sd_temp_get
                0x0000000000024588        0x4 Output/Release/Obj/BLE_SDK/ble_comm.o
 .text.ble_mac_init
                0x000000000002458c       0x4c Output/Release/Obj/BLE_SDK/ble_comm.o
                0x000000000002458c                ble_mac_init
 .text.set_ble_mac
                0x00000000000245d8       0x5c Output/Release/Obj/BLE_SDK/ble_comm.o
                0x00000000000245d8                set_ble_mac
 .text.task_ble_tx_power
                0x0000000000024634       0x2c Output/Release/Obj/BLE_SDK/ble_comm.o
                0x0000000000024634                task_ble_tx_power
 .text.ble_disconnect
                0x0000000000024660       0x1a Output/Release/Obj/BLE_SDK/ble_comm.o
                0x0000000000024660                ble_disconnect
 *fill*         0x000000000002467a        0x2 
 .text.get_nrf52_chip_temp
                0x000000000002467c       0x30 Output/Release/Obj/BLE_SDK/ble_comm.o
                0x000000000002467c                get_nrf52_chip_temp
 .text.get_device_type
                0x00000000000246ac       0x48 Output/Release/Obj/BLE_SDK/ble_comm.o