Component: ARM Compiler 5.06 update 1 (build 61) Tool: armlink [4d35ed]

==============================================================================

Section Cross References

    main.o(i.assert_nrf_callback) refers to app_error.o(i.app_error_handler) for app_error_handler
    main.o(i.main) refers to segger_rtt_printf.o(i.SEGGER_RTT_printf) for SEGGER_RTT_printf
    main.o(i.main) refers to in_flash_manage.o(i.boot_to_new_appilacation) for boot_to_new_appilacation
    main.o(i.main) refers to driver_init.o(i.Platform_driver_init) for Platform_driver_init
    main.o(i.main) refers to ble_init.o(i.ble_Init) for ble_Init
    main.o(i.main) refers to driver_init.o(i.Power_manager) for Power_manager
    main.o(i.main) refers to led_manage.o(i.led_timer_manage) for led_timer_manage
    main.o(i.main) refers to simple_uart.o(i.task_process_uart_data) for task_process_uart_data
    main.o(i.main) refers to simple_uart.o(i.task_uart_manage) for task_uart_manage
    main.o(i.main) refers to nrf_dfu.o(i.task_dfu_upfile) for task_dfu_upfile
    main.o(i.main) refers to system_time.o(i.task_system_timer) for task_system_timer
    main.o(i.main) refers to user_flash.o(i.task_save_flash) for task_save_flash
    main.o(i.main) refers to wdt.o(i.Feed_WacthDog) for Feed_WacthDog
    driver_init.o(i.Platform_driver_init) refers to app_timer.o(i.app_timer_init) for app_timer_init
    driver_init.o(i.Platform_driver_init) refers to app_error.o(i.app_error_handler) for app_error_handler
    driver_init.o(i.Platform_driver_init) refers to gpio_init.o(i.user_gpio_init) for user_gpio_init
    driver_init.o(i.Platform_driver_init) refers to key.o(i.key_Init) for key_Init
    driver_init.o(i.Platform_driver_init) refers to system_time.o(i.system_timer_init) for system_timer_init
    driver_init.o(i.Platform_driver_init) refers to wdt.o(i.watchdog_init) for watchdog_init
    driver_init.o(i.Platform_driver_init) refers to led_manage.o(i.led_init) for led_init
    driver_init.o(i.Platform_driver_init) refers to sht3x_driver.o(i.sht3x_Init) for sht3x_Init
    driver_init.o(i.Platform_driver_init) refers to user_flash.o(i.read_user_flash) for read_user_flash
    driver_init.o(i.Power_manager) refers to app_error.o(i.app_error_handler) for app_error_handler
    driver_init.o(i.is_newPcb) refers to driver_init.o(i.nrf_gpio_cfg) for nrf_gpio_cfg
    driver_init.o(i.is_newPcb) refers to driver_init.o(.data) for .data
    ble_init.o(i.battery_service_Init) refers to memseta.o(.text) for __aeabi_memclr4
    ble_init.o(i.battery_service_Init) refers to battery_check.o(i.get_battery_level) for get_battery_level
    ble_init.o(i.battery_service_Init) refers to ble_bas.o(i.ble_bas_init) for ble_bas_init
    ble_init.o(i.battery_service_Init) refers to app_error.o(i.app_error_handler) for app_error_handler
    ble_init.o(i.battery_service_Init) refers to ble_init.o(.bss) for .bss
    ble_init.o(i.battery_service_Init) refers to ble_init.o(i.ble_Init) for i.ble_Init
    ble_init.o(i.ble_Init) refers to ble_init.o(i.ble_stack_init) for ble_stack_init
    ble_init.o(i.ble_Init) refers to ble_comm.o(i.ble_mac_init) for ble_mac_init
    ble_init.o(i.ble_Init) refers to app_error.o(i.app_error_handler) for app_error_handler
    ble_init.o(i.ble_Init) refers to ble_init.o(i.gatt_init) for gatt_init
    ble_init.o(i.ble_Init) refers to ble_init.o(i.battery_service_Init) for battery_service_Init
    ble_init.o(i.ble_Init) refers to nrf_dfu.o(i.dfu_transport_init) for dfu_transport_init
    ble_init.o(i.ble_Init) refers to periph_service.o(i.user_service_init) for user_service_init
    ble_init.o(i.ble_Init) refers to memseta.o(.text) for __aeabi_memclr4
    ble_init.o(i.ble_Init) refers to ble_conn_params.o(i.ble_conn_params_init) for ble_conn_params_init
    ble_init.o(i.ble_Init) refers to ble_init.o(i.on_conn_params_evt) for on_conn_params_evt
    ble_init.o(i.ble_Init) refers to ble_init.o(i.conn_params_error_handler) for conn_params_error_handler
    ble_init.o(i.ble_bas_battery_update) refers to battery_check.o(i.get_battery_level) for get_battery_level
    ble_init.o(i.ble_bas_battery_update) refers to ble_bas.o(i.ble_bas_battery_level_update) for ble_bas_battery_level_update
    ble_init.o(i.ble_bas_battery_update) refers to ble_init.o(.bss) for .bss
    ble_init.o(i.ble_evt_handler) refers to segger_rtt_printf.o(i.SEGGER_RTT_printf) for SEGGER_RTT_printf
    ble_init.o(i.ble_evt_handler) refers to ble_adv.o(i.set_ble_start) for set_ble_start
    ble_init.o(i.ble_evt_handler) refers to app_error.o(i.app_error_handler) for app_error_handler
    ble_init.o(i.ble_evt_handler) refers to memcpya.o(.text) for __aeabi_memcpy
    ble_init.o(i.ble_evt_handler) refers to ble_init.o(.data) for .data
    ble_init.o(i.ble_stack_init) refers to nrf_sdh.o(i.nrf_sdh_enable_request) for nrf_sdh_enable_request
    ble_init.o(i.ble_stack_init) refers to app_error.o(i.app_error_handler) for app_error_handler
[...]
    m_rsp_data                               0x20002c4f   Data          31  ble_adv.o(.bss)
    adv_params                               0x20002c70   Data          16  ble_adv.o(.bss)
    .bss                                     0x20002c80   Section       48  periph_service.o(.bss)
    .bss                                     0x20002cb0   Section      304  user_flash.o(.bss)
    .bss                                     0x20002de0   Section       32  system_time.o(.bss)
    system_timer_id_data                     0x20002de0   Data          32  system_time.o(.bss)
    .bss                                     0x20002e00   Section       32  led_manage.o(.bss)
    m_led_timer_data                         0x20002e00   Data          32  led_manage.o(.bss)
    .bss                                     0x20002e20   Section      615  simple_uart.o(.bss)
    rx_buf                                   0x20002e20   Data         256  simple_uart.o(.bss)
    tx_buf                                   0x20002f20   Data         256  simple_uart.o(.bss)
    buf                                      0x20003020   Data         103  simple_uart.o(.bss)
    .bss                                     0x20003088   Section       80  ble_conn_params.o(.bss)
    m_timer_data                             0x20003088   Data          32  ble_conn_params.o(.bss)
    m_conn_params_instances                  0x200030a8   Data          20  ble_conn_params.o(.bss)
    m_conn_params_config                     0x200030bc   Data          28  ble_conn_params.o(.bss)
    .bss                                     0x200030d8   Section      184  ble_conn_state.o(.bss)
    m_bcs                                    0x200030d8   Data         184  ble_conn_state.o(.bss)
    .bss                                     0x20003190   Section       20  nrf_drv_clock.o(.bss)
    m_clock_cb                               0x20003190   Data          20  nrf_drv_clock.o(.bss)
    .bss                                     0x200031a4   Section       88  nrf_drv_gpiote.o(.bss)
    m_cb                                     0x200031a4   Data          88  nrf_drv_gpiote.o(.bss)
    .bss                                     0x200031fc   Section       28  nrf_drv_uart.o(.bss)
    m_cb                                     0x200031fc   Data          28  nrf_drv_uart.o(.bss)
    .bss                                     0x20003218   Section       48  nrf_drv_saadc.o(.bss)
    m_cb                                     0x20003218   Data          48  nrf_drv_saadc.o(.bss)
    .bss                                     0x20003248   Section       32  app_error.o(.bss)
    m_error_data                             0x20003248   Data          32  app_error.o(.bss)
    .bss                                     0x20003268   Section      364  app_timer.o(.bss)
    m_op_queue                               0x20003268   Data         364  app_timer.o(.bss)
    .bss                                     0x200033d4   Section       12  app_util_platform.o(.bss)
    .bss                                     0x200033e0   Section      160  nrf_fstorage_sd.o(.bss)
    m_fifo_data                              0x200033e0   Data         140  nrf_fstorage_sd.o(.bss)
    m_flags                                  0x2000346c   Data          20  nrf_fstorage_sd.o(.bss)
    .bss                                     0x20003480   Section       16  nrf_fstorage_sd.o(.bss)
    m_fifo_inst                              0x20003480   Data          16  nrf_fstorage_sd.o(.bss)
    .bss                                     0x20003490   Section      340  segger_rtt.o(.bss)
    _acUpBuffer                              0x20003490   Data         256  segger_rtt.o(.bss)
    _acDownBuffer                            0x20003590   Data          10  segger_rtt.o(.bss)
    .bss                                     0x200035e4   Section      256  segger_rtt_printf.o(.bss)
    acBuffer                                 0x200035e4   Data         256  segger_rtt_printf.o(.bss)
    .bss                                     0x200036e4   Section       60  nrf_dfu.o(.bss)
    m_dfu                                    0x200036f0   Data          48  nrf_dfu.o(.bss)
    STACK                                    0x20003720   Section     2048  arm_startup_nrf52810.o(STACK)

    Global Symbols

    Symbol Name                              Value     Ov Type        Size  Object(Section)

    BuildAttributes$$THM_ISAv4$E$P$D$K$B$S$7EM$PE$A:L22UL41UL21$X:L11$S22US41US21$IEEE1$IW$USESV6$~STKCKD$USESV7$~SHL$OSPACE$EBA8$MICROLIB$REQ8$PRES8$EABIv2 0x00000000   Number         0  anon$$obj.o ABSOLUTE
    __ARM_use_no_argv                        0x00000000   Number         0  main.o ABSOLUTE
    __cpp_initialize__aeabi_                  - Undefined Weak Reference
    __cxa_finalize                            - Undefined Weak Reference
    _clock_init                               - Undefined Weak Reference
    _microlib_exit                            - Undefined Weak Reference
    fs_data$$Base                             - Undefined Reference
    fs_data$$Limit                            - Undefined Reference
    sdh_ble_observers2$$Base                  - Undefined Reference
    sdh_ble_observers2$$Limit                 - Undefined Reference
    sdh_req_observers1$$Base                  - Undefined Reference
    sdh_req_observers1$$Limit                 - Undefined Reference
    sdh_soc_observers1$$Base                  - Undefined Reference
    sdh_soc_observers1$$Limit                 - Undefined Reference
    sdh_stack_observers1$$Base                - Undefined Reference
    sdh_stack_observers1$$Limit               - Undefined Reference
    sdh_state_observers1$$Base                - Undefined Reference
    sdh_state_observers1$$Limit               - Undefined Reference
    __Vectors_Size                           0x00000200   Number         0  arm_startup_nrf52810.o ABSOLUTE
    __Vectors                                0x00018000   Data           4  arm_startup_nrf52810.o(RESET)
    __Vectors_End                            0x00018200   Data           0  arm_startup_nrf52810.o(RESET)
    __main                                   0x00018201   Thumb Code     0  entry.o(.ARM.Collect$$$$00000000)
    _main_stk                                0x00018201   Thumb Code     0  entry2.o(.ARM.Collect$$$$00000001)
    _main_scatterload                        0x00018205   Thumb Code     0  entry5.o(.ARM.Collect$$$$00000004)
    __main_after_scatterload                 0x00018209   Thumb Code     0  entry5.o(.ARM.Collect$$$$00000004)
    _main_clock                              0x00018209   Thumb Code     0  entry7b.o(.ARM.Collect$$$$00000008)
    _main_cpp_init                           0x00018209   Thumb Code     0  entry8b.o(.ARM.Collect$$$$0000000A)
    _main_init                               0x00018209   Thumb Code     0  entry9a.o(.ARM.Collect$$$$0000000B)
    __rt_final_cpp                           0x00018211   Thumb Code     0  entry10a.o(.ARM.Collect$$$$0000000D)
    __rt_final_exit                          0x00018211   Thumb Code     0  entry11a.o(.ARM.Collect$$$$0000000F)
    __asm___12_nrf_atfifo_c_51f461e1__nrf_atfifo_wspace_req 0x00018215   Thumb Code    56  nrf_atfifo.o(.emb_text)
    __asm___12_nrf_atfifo_c_51f461e1__nrf_atfifo_wspace_close 0x0001824d   Thumb Code    18  nrf_atfifo.o(.emb_text)
    __asm___12_nrf_atfifo_c_51f461e1__nrf_atfifo_rspace_req 0x0001825f   Thumb Code    58  nrf_atfifo.o(.emb_text)
    __asm___12_nrf_atfifo_c_51f461e1__nrf_atfifo_rspace_close 0x00018299   Thumb Code    18  nrf_atfifo.o(.emb_text)
    __asm___12_nrf_atfifo_c_51f461e1__nrf_atfifo_space_clear 0x000182ab   Thumb Code    50  nrf_atfifo.o(.emb_text)
    Reset_Handler                            0x000182dd   Thumb Code     8  arm_startup_nrf52810.o(.text)
    NMI_Handler                              0x000182e5   Thumb Code     2  arm_startup_nrf52810.o(.text)
    HardFault_Handler                        0x000182e7   Thumb Code     2  arm_startup_nrf52810.o(.text)
    MemoryManagement_Handler                 0x000182e9   Thumb Code     2  arm_startup_nrf52810.o(.text)
    BusFault_Handler                         0x000182eb   Thumb Code     2  arm_startup_nrf52810.o(.text)
    UsageFault_Handler                       0x000182ed   Thumb Code     2  arm_startup_nrf52810.o(.text)
    SVC_Handler                              0x000182ef   Thumb Code     2  arm_startup_nrf52810.o(.text)
    DebugMon_Handler                         0x000182f1   Thumb Code     2  arm_startup_nrf52810.o(.text)
    PendSV_Handler                           0x000182f3   Thumb Code     2  arm_startup_nrf52810.o(.text)
    SysTick_Handler                          0x000182f5   Thumb Code     2  arm_startup_nrf52810.o(.text)
    CCM_AAR_IRQHandler                       0x000182f7   Thumb Code     0  arm_startup_nrf52810.o(.text)
    COMP_IRQHandler                          0x000182f7   Thumb Code     0  arm_startup_nrf52810.o(.text)
    ECB_IRQHandler                           0x000182f7   Thumb Code     0  arm_startup_nrf52810.o(.text)
    PDM_IRQHandler                           0x000182f7   Thumb Code     0  arm_startup_nrf52810.o(.text)
    PWM0_IRQHandler                          0x000182f7   Thumb Code     0  arm_startup_nrf52810.o(.text)
    QDEC_IRQHandler                          0x000182f7   Thumb Code     0  arm_startup_nrf52810.o(.text)
    RADIO_IRQHandler                         0x000182f7   Thumb Code     0  arm_startup_nrf52810.o(.text)
    RNG_IRQHandler                           0x000182f7   Thumb Code     0  arm_startup_nrf52810.o(.text)
    RTC0_IRQHandler                          0x000182f7   Thumb Code     0  arm_startup_nrf52810.o(.text)
    SPIM0_SPIS0_IRQHandler                   0x000182f7   Thumb Code     0  arm_startup_nrf52810.o(.text)
    SWI1_EGU1_IRQHandler                     0x000182f7   Thumb Code     0  arm_startup_nrf52810.o(.text)
    SWI3_IRQHandler                          0x000182f7   Thumb Code     0  arm_startup_nrf52810.o(.text)
    SWI4_IRQHandler                          0x000182f7   Thumb Code     0  arm_startup_nrf52810.o(.text)
    SWI5_IRQHandler                          0x000182f7   Thumb Code     0  arm_startup_nrf52810.o(.text)
    TEMP_IRQHandler                          0x000182f7   Thumb Code     0  arm_startup_nrf52810.o(.text)
    TIMER0_IRQHandler                        0x000182f7   Thumb Code     0  arm_startup_nrf52810.o(.text)
    TIMER1_IRQHandler                        0x000182f7   Thumb Code     0  arm_startup_nrf52810.o(.text)
    TIMER2_IRQHandler                        0x000182f7   Thumb Code     0  arm_startup_nrf52810.o(.text)
    TWIM0_TWIS0_IRQHandler                   0x000182f7   Thumb Code     0  arm_startup_nrf52810.o(.text)
    WDT_IRQHandler                           0x000182f7   Thumb Code     0  arm_startup_nrf52810.o(.text)
    __aeabi_uldivmod                         0x00018301   Thumb Code    98  uldiv.o(.text)
    __aeabi_memcpy                           0x00018363   Thumb Code    36  memcpya.o(.text)
    __aeabi_memcpy4                          0x00018363   Thumb Code     0  memcpya.o(.text)
    __aeabi_memcpy8                          0x00018363   Thumb Code     0  memcpya.o(.text)
    __aeabi_memset                           0x00018387   Thumb Code    14  memseta.o(.text)
    __aeabi_memset4                          0x00018387   Thumb Code     0  memseta.o(.text)
    __aeabi_memset8                          0x00018387   Thumb Code     0  memseta.o(.text)
    __aeabi_memclr                           0x00018395   Thumb Code     4  memseta.o(.text)
    __aeabi_memclr4                          0x00018395   Thumb Code     0  memseta.o(.text)
    __aeabi_memclr8                          0x00018395   Thumb Code     0  memseta.o(.text)
    _memset$wrapper                          0x00018399   Thumb Code    18  memseta.o(.text)
    memcmp                                   0x000183ab   Thumb Code    26  memcmp.o(.text)
    strcpy                                   0x000183c5   Thumb Code    18  strcpy.o(.text)
    __aeabi_llsl                             0x000183d7   Thumb Code    30  llshl.o(.text)
    _ll_shift_l                              0x000183d7   Thumb Code     0  llshl.o(.text)
    STK832x_read_data                        0x000183f5   Thumb Code     4  stk832x_app.o(i.STK832x_read_data)
    SWI0_EGU0_IRQHandler                     0x000183f9   Thumb Code     4  app_timer.o(i.SWI0_EGU0_IRQHandler)
    SWI2_IRQHandler                          0x000183fd   Thumb Code     4  nrf_sdh.o(i.SWI2_IRQHandler)
    version                                  0x00018400   Data           3  in_flash_manage.o(.ARM.__AT_0x00018400)
    __aeabi_llsr                             0x00018405   Thumb Code    32  llushr.o(.text)
    _ll_ushift_r                             0x00018405   Thumb Code     0  llushr.o(.text)
    __scatterload                            0x00018425   Thumb Code    28  init.o(.text)
    __scatterload_rt2                        0x00018425   Thumb Code     0  init.o(.text)
    __decompress                             0x00018449   Thumb Code     0  __dczerorl.o(.text)
    __decompress0                            0x00018449   Thumb Code    58  __dczerorl.o(.text)
    CheckAddr                                0x00018483   Thumb Code    18  in_flash_manage.o(i.CheckAddr)
    EraseBoot                                0x00018495   Thumb Code    40  in_flash_manage.o(i.EraseBoot)
    EraseBvkFlash                            0x000184c5   Thumb Code    44  nrf_dfu.o(i.EraseBvkFlash)
    Feed_WacthDog                            0x000184f1   Thumb Code    20  wdt.o(i.Feed_WacthDog)
    Flash_Erase_Page                         0x0001850d   Thumb Code    42  in_flash_manage.o(i.Flash_Erase_Page)
    Flash_Write_World                        0x0001853d   Thumb Code    32  in_flash_manage.o(i.Flash_Write_World)
    GPIOTE_IRQHandler                        0x00018561   Thumb Code   362  nrf_drv_gpiote.o(i.GPIOTE_IRQHandler)
    InflashRead                              0x000186d5   Thumb Code    20  in_flash_manage.o(i.InflashRead)
    IsRightBoard                             0x000186e9   Thumb Code    22  nrf_dfu.o(i.IsRightBoard)
    LIS3DH_FIFOModeEnable                    0x00018705   Thumb Code   358  lis3dh_driver.o(i.LIS3DH_FIFOModeEnable)
    LIS3DH_GetAccAxesRaw                     0x0001886b   Thumb Code   102  lis3dh_driver.o(i.LIS3DH_GetAccAxesRaw)
    LIS3DH_HPFAOI1Enable                     0x000188d1   Thumb Code    44  lis3dh_driver.o(i.LIS3DH_HPFAOI1Enable)
    LIS3DH_Int1LatchEnable                   0x000188fd   Thumb Code    48  lis3dh_driver.o(i.LIS3DH_Int1LatchEnable)
    LIS3DH_ReadReg                           0x0001892d   Thumb Code    64  lis3dh_driver.o(i.LIS3DH_ReadReg)
    LIS3DH_SetAxis                           0x00018975   Thumb Code    56  lis3dh_driver.o(i.LIS3DH_SetAxis)
    LIS3DH_SetFullScale                      0x000189c1   Thumb Code    48  lis3dh_driver.o(i.LIS3DH_SetFullScale)
    LIS3DH_SetInt1Pin                        0x000189f1   Thumb Code    36  lis3dh_driver.o(i.LIS3DH_SetInt1Pin)
    LIS3DH_SetMode                           0x00018a15   Thumb Code   170  lis3dh_driver.o(i.LIS3DH_SetMode)
    LIS3DH_SetODR                            0x00018ad9   Thumb Code    48  lis3dh_driver.o(i.LIS3DH_SetODR)
    LIS3DH_WriteReg                          0x00018b09   Thumb Code    50  lis3dh_driver.o(i.LIS3DH_WriteReg)
    POWER_CLOCK_IRQHandler                   0x00018ba9   Thumb Code    84  nrf_drv_clock.o(i.POWER_CLOCK_IRQHandler)
    Periph_service_send                      0x00018c01   Thumb Code   158  periph_service.o(i.Periph_service_send)
    Platform_driver_init                     0x00018d39   Thumb Code    52  driver_init.o(i.Platform_driver_init)
    Power_manager                            0x00018d89   Thumb Code    16  driver_init.o(i.Power_manager)
    RTC1_IRQHandler                          0x00018db5   Thumb Code    32  app_timer.o(i.RTC1_IRQHandler)
    SAADC_IRQHandler                         0x00018e25   Thumb Code   320  nrf_drv_saadc.o(i.SAADC_IRQHandler)
    SEGGER_RTT_Write                         0x00018f6d   Thumb Code    56  segger_rtt.o(i.SEGGER_RTT_Write)
    SEGGER_RTT_WriteNoLock                   0x00018fa9   Thumb Code    86  segger_rtt.o(i.SEGGER_RTT_WriteNoLock)
    SEGGER_RTT_printf                        0x00019005   Thumb Code    22  segger_rtt_printf.o(i.SEGGER_RTT_printf)
    SEGGER_RTT_vprintf                       0x0001901d   Thumb Code   410  segger_rtt_printf.o(i.SEGGER_RTT_vprintf)
    STK832x_BANDWIDTH_SET                    0x000191bd   Thumb Code    14  stk832x_driver.o(i.STK832x_BANDWIDTH_SET)
    STK832x_Check_chip_id                    0x000191cd   Thumb Code    76  stk832x_driver.o(i.STK832x_Check_chip_id)
    STK832x_ESM_MODE_SET                     0x00019249   Thumb Code    26  stk832x_driver.o(i.STK832x_ESM_MODE_SET)
    STK832x_FIFOMODE_SET                     0x00019263   Thumb Code    14  stk832x_driver.o(i.STK832x_FIFOMODE_SET)
    STK832x_INT1_SET                         0x00019271   Thumb Code    90  stk832x_driver.o(i.STK832x_INT1_SET)
    STK832x_Init                             0x000192cb   Thumb Code   100  stk832x_app.o(i.STK832x_Init)
    STK832x_Initialization                   0x00019331   Thumb Code   116  stk832x_driver.o(i.STK832x_Initialization)
    STK832x_RANGE_SET                        0x000193f1   Thumb Code    14  stk832x_driver.o(i.STK832x_RANGE_SET)
    STK832x_REG_COMMAND_SET                  0x00019401   Thumb Code    44  stk832x_driver.o(i.STK832x_REG_COMMAND_SET)
    STK832x_SPI_MODE_SET                     0x00019451   Thumb Code    44  stk832x_driver.o(i.STK832x_SPI_MODE_SET)
    STK832x_Suspend_mode                     0x0001947d   Thumb Code    32  stk832x_driver.o(i.STK832x_Suspend_mode)
    STK832x_set_int_ths_valu                 0x0001949d   Thumb Code    22  stk832x_driver.o(i.STK832x_set_int_ths_valu)
    STK_SOFT_RESET                           0x000194b3   Thumb Code    18  stk832x_driver.o(i.STK_SOFT_RESET)
    SystemInit                               0x000194c5   Thumb Code   656  system_nrf52810.o(i.SystemInit)
    UARTE0_IRQHandler                        0x000197a1   Thumb Code     8  nrf_drv_uart.o(i.UARTE0_IRQHandler)
    __scatterload_copy                       0x00019ae7   Thumb Code    14  handlers.o(i.__scatterload_copy)
    __scatterload_null                       0x00019af5   Thumb Code     2  handlers.o(i.__scatterload_null)
    __scatterload_zeroinit                   0x00019af7   Thumb Code    14  handlers.o(i.__scatterload_zeroinit)
    analyze_uart_data                        0x00019bb1   Thumb Code   208  uart_commd.o(i.analyze_uart_data)
    app_error_fault_handler                  0x00019c85   Thumb Code   126  app_error_weak.o(i.app_error_fault_handler)
    app_error_handler                        0x00019db1   Thumb Code    24  app_error.o(i.app_error_handler)
    app_error_save_and_stop                  0x00019dc9   Thumb Code    96  app_error.o(i.app_error_save_and_stop)
    app_timer_create                         0x00019e2d   Thumb Code    36  app_timer.o(i.app_timer_create)
    app_timer_init                           0x00019e55   Thumb Code    70  app_timer.o(i.app_timer_init)
    app_timer_start                          0x00019ea9   Thumb Code   128  app_timer.o(i.app_timer_start)
    app_timer_stop                           0x00019f31   Thumb Code    26  app_timer.o(i.app_timer_stop)
    app_uart_close                           0x00019f51   Thumb Code    12  app_uart.o(i.app_uart_close)
    app_uart_get                             0x00019f61   Thumb Code    26  app_uart.o(i.app_uart_get)
    app_uart_init                            0x00019f81   Thumb Code   122  app_uart.o(i.app_uart_init)
    app_uart_put                             0x0001a009   Thumb Code    32  app_uart.o(i.app_uart_put)
    app_util_critical_region_enter           0x0001a02d   Thumb Code    64  app_util_platform.o(i.app_util_critical_region_enter)
    app_util_critical_region_exit            0x0001a075   Thumb Code    46  app_util_platform.o(i.app_util_critical_region_exit)
    ask_save_factory                         0x0001a131   Thumb Code    10  user_flash.o(i.ask_save_factory)
    ble_Init                                 0x0001a31d   Thumb Code   140  ble_init.o(i.ble_Init)
    ble_adv_stop                             0x0001a461   Thumb Code    16  ble_adv.o(i.ble_adv_stop)
    ble_bas_init                             0x0001a48d   Thumb Code    68  ble_bas.o(i.ble_bas_init)
    ble_commd_analyze                        0x0001a4d1   Thumb Code   152  ble_data.o(i.ble_commd_analyze)
    ble_conn_params_init                     0x0001a56d   Thumb Code    90  ble_conn_params.o(i.ble_conn_params_init)
    ble_conn_params_stop                     0x0001a5d5   Thumb Code    32  ble_conn_params.o(i.ble_conn_params_stop)
    ble_dfu_init                             0x0001a5f9   Thumb Code   130  ble_dfu.o(i.ble_dfu_init)
    ble_dfu_on_ble_evt                       0x0001a685   Thumb Code   138  ble_dfu.o(i.ble_dfu_on_ble_evt)
    ble_dfu_pkts_rcpt_notify                 0x0001a711   Thumb Code   106  ble_dfu.o(i.ble_dfu_pkts_rcpt_notify)
    ble_dfu_response_send                    0x0001a781   Thumb Code    90  ble_dfu.o(i.ble_dfu_response_send)
    ble_disconnect                           0x0001a7e1   Thumb Code    20  ble_comm.o(i.ble_disconnect)
    ble_feex_init                            0x0001ab6d   Thumb Code   140  periph_service.o(i.ble_feex_init)
    ble_mac_init                             0x0001ac11   Thumb Code    64  ble_comm.o(i.ble_mac_init)
    ble_srv_is_notification_enabled          0x0001ac59   Thumb Code     8  ble_srv_common.o(i.ble_srv_is_notification_enabled)
    ble_srv_report_ref_encode                0x0001ac61   Thumb Code    12  ble_srv_common.o(i.ble_srv_report_ref_encode)
    ble_stack_init                           0x0001ac6d   Thumb Code    58  ble_init.o(i.ble_stack_init)
    boot_to_new_appilacation                 0x0001acc5   Thumb Code    94  in_flash_manage.o(i.boot_to_new_appilacation)
    call_by_sys                              0x0001ad29   Thumb Code    12  nrf_dfu.o(i.call_by_sys)
    call_by_sys_flash_manage                 0x0001ad39   Thumb Code    12  in_flash_manage.o(i.call_by_sys_flash_manage)
    check_crc                                0x0001adbd   Thumb Code    26  nrf_dfu.o(i.check_crc)
    check_is_right_firmware                  0x0001addd   Thumb Code     8  nrf_dfu.o(i.check_is_right_firmware)
    check_key_press                          0x0001ade5   Thumb Code    52  key.o(i.check_key_press)
    check_out_data                           0x0001ae21   Thumb Code    32  nrf_dfu.o(i.check_out_data)
    clean_rx_irq                             0x0001ae49   Thumb Code     8  gpio_init.o(i.clean_rx_irq)
    crc16_compute_dfu                        0x0001af99   Thumb Code    54  nrf_dfu.o(i.crc16_compute_dfu)
    crc_high_first                           0x0001afd1   Thumb Code    50  sht3x_driver.o(i.crc_high_first)
    delay_ms                                 0x0001b003   Thumb Code    26  utility.o(i.delay_ms)
    delay_us                                 0x0001b01d   Thumb Code    12  utility.o(i.delay_us)
    device_OnOff_manage                      0x0001b029   Thumb Code    94  key.o(i.device_OnOff_manage)
    dfu_prepare_space                        0x0001b1ed   Thumb Code     8  nrf_dfu.o(i.dfu_prepare_space)
    dfu_que_in                               0x0001b1f9   Thumb Code    10  nrf_dfu.o(i.dfu_que_in)
    dfu_que_init                             0x0001b209   Thumb Code    18  nrf_dfu.o(i.dfu_que_init)
    dfu_que_out                              0x0001b221   Thumb Code    28  nrf_dfu.o(i.dfu_que_out)
    dfu_transport_callby_irq                 0x0001b2e1   Thumb Code     8  nrf_dfu.o(i.dfu_transport_callby_irq)
    dfu_transport_init                       0x0001b2ed   Thumb Code    46  nrf_dfu.o(i.dfu_transport_init)
    dfu_write_flash                          0x0001b345   Thumb Code    42  nrf_dfu.o(i.dfu_write_flash)
    enable_pin_irq                           0x0001b43d   Thumb Code   122  gpio_init.o(i.enable_pin_irq)
    flash_nvic_word_write                    0x0001b629   Thumb Code    36  in_flash_manage.o(i.flash_nvic_word_write)
    gatt_evt_handler                         0x0001b655   Thumb Code    34  ble_init.o(i.gatt_evt_handler)
    gatt_init                                0x0001b6ad   Thumb Code    50  ble_init.o(i.gatt_init)
    get_3dh_sta                              0x0001b705   Thumb Code     6  lis3dh_app.o(i.get_3dh_sta)
    get_battery_level                        0x0001b711   Thumb Code     6  battery_check.o(i.get_battery_level)
    get_device_type                          0x0001b71d   Thumb Code    16  ble_comm.o(i.get_device_type)
    get_m_conn_handle                        0x0001b72d   Thumb Code     6  ble_init.o(i.get_m_conn_handle)
    get_nrf52_chip_temp                      0x0001b739   Thumb Code    36  ble_comm.o(i.get_nrf52_chip_temp)
    get_rx_irq_sta                           0x0001b779   Thumb Code     6  gpio_init.o(i.get_rx_irq_sta)
    get_time_escape_ms                       0x0001b785   Thumb Code    14  app_timer.o(i.get_time_escape_ms)
    hrs_iic_init                             0x0001b795   Thumb Code    62  iic_io.o(i.hrs_iic_init)
    hrs_iic_transfer                         0x0001b7dd   Thumb Code   220  iic_io.o(i.hrs_iic_transfer)
    init_update                              0x0001b93d   Thumb Code    22  nrf_dfu.o(i.init_update)
    is_ble_connect                           0x0001b96d   Thumb Code    20  ble_init.o(i.is_ble_connect)
    key_Init                                 0x0001b9c9   Thumb Code     8  key.o(i.key_Init)
    led_ctrl                                 0x0001b9d1   Thumb Code    38  led_manage.o(i.led_ctrl)
    led_init                                 0x0001b9fd   Thumb Code    12  led_manage.o(i.led_init)
    led_timer_init                           0x0001ba0d   Thumb Code    30  led_manage.o(i.led_timer_init)
    led_timer_manage                         0x0001ba55   Thumb Code   146  led_manage.o(i.led_timer_manage)
    lis3dh_init                              0x0001bb35   Thumb Code   174  lis3dh_app.o(i.lis3dh_init)
    main                                     0x0001bd01   Thumb Code    98  main.o(i.main)
    nrf_atfifo_item_free                     0x0001bdf1   Thumb Code    22  nrf_atfifo.o(i.nrf_atfifo_item_free)
    nrf_atfifo_item_get                      0x0001be07   Thumb Code    22  nrf_atfifo.o(i.nrf_atfifo_item_get)
    nrf_ble_gatt_att_mtu_periph_set          0x0001be2d   Thumb Code    20  nrf_ble_gatt.o(i.nrf_ble_gatt_att_mtu_periph_set)
    nrf_ble_gatt_init                        0x0001be41   Thumb Code    34  nrf_ble_gatt.o(i.nrf_ble_gatt_init)
    nrf_ble_gatt_on_ble_evt                  0x0001be65   Thumb Code   264  nrf_ble_gatt.o(i.nrf_ble_gatt_on_ble_evt)
    nrf_drv_clock_init                       0x0001c41d   Thumb Code    64  nrf_drv_clock.o(i.nrf_drv_clock_init)
    nrf_drv_clock_lfclk_release              0x0001c465   Thumb Code    40  nrf_drv_clock.o(i.nrf_drv_clock_lfclk_release)
    nrf_drv_common_irq_enable                0x0001c491   Thumb Code    56  nrf_drv_common.o(i.nrf_drv_common_irq_enable)
    nrf_drv_gpiote_in_event_disable          0x0001c4c9   Thumb Code    66  nrf_drv_gpiote.o(i.nrf_drv_gpiote_in_event_disable)
    nrf_drv_gpiote_in_event_enable           0x0001c511   Thumb Code   156  nrf_drv_gpiote.o(i.nrf_drv_gpiote_in_event_enable)
    nrf_drv_gpiote_in_init                   0x0001c5b5   Thumb Code   172  nrf_drv_gpiote.o(i.nrf_drv_gpiote_in_init)
    nrf_drv_gpiote_in_uninit                 0x0001c66d   Thumb Code    64  nrf_drv_gpiote.o(i.nrf_drv_gpiote_in_uninit)
    nrf_drv_gpiote_init                      0x0001c6b5   Thumb Code    84  nrf_drv_gpiote.o(i.nrf_drv_gpiote_init)
    nrf_drv_gpiote_is_init                   0x0001c711   Thumb Code    14  nrf_drv_gpiote.o(i.nrf_drv_gpiote_is_init)
    nrf_drv_uart_init                        0x0001c735   Thumb Code   134  nrf_drv_uart.o(i.nrf_drv_uart_init)
    nrf_drv_uart_rx                          0x0001c7c5   Thumb Code   106  nrf_drv_uart.o(i.nrf_drv_uart_rx)
    nrf_drv_uart_rx_enable                   0x0001c835   Thumb Code     2  nrf_drv_uart.o(i.nrf_drv_uart_rx_enable)
    nrf_drv_uart_tx                          0x0001c8f1   Thumb Code   160  nrf_drv_uart.o(i.nrf_drv_uart_tx)
    nrf_drv_uart_tx_in_progress              0x0001c995   Thumb Code    22  nrf_drv_uart.o(i.nrf_drv_uart_tx_in_progress)
    nrf_drv_uart_uninit                      0x0001c9b1   Thumb Code   158  nrf_drv_uart.o(i.nrf_drv_uart_uninit)
    nrf_fstorage_sdh_req_handler             0x0001ca59   Thumb Code    18  nrf_fstorage_sd.o(i.nrf_fstorage_sdh_req_handler)
    nrf_fstorage_sdh_state_handler           0x0001ca71   Thumb Code    28  nrf_fstorage_sd.o(i.nrf_fstorage_sdh_state_handler)
    nrf_fstorage_sys_evt_handler             0x0001ca91   Thumb Code   150  nrf_fstorage_sd.o(i.nrf_fstorage_sys_evt_handler)
    nrf_sdh_ble_app_ram_start_get            0x0001cce9   Thumb Code    18  nrf_sdh_ble.o(i.nrf_sdh_ble_app_ram_start_get)
    nrf_sdh_ble_default_cfg_set              0x0001cd01   Thumb Code   152  nrf_sdh_ble.o(i.nrf_sdh_ble_default_cfg_set)
    nrf_sdh_ble_enable                       0x0001cd99   Thumb Code    78  nrf_sdh_ble.o(i.nrf_sdh_ble_enable)
    nrf_sdh_disable_request                  0x0001cef5   Thumb Code    54  nrf_sdh.o(i.nrf_sdh_disable_request)
    nrf_sdh_enable_request                   0x0001cf31   Thumb Code    72  nrf_sdh.o(i.nrf_sdh_enable_request)
    nrf_sdh_evts_poll                        0x0001cf85   Thumb Code    32  nrf_sdh.o(i.nrf_sdh_evts_poll)
    nrf_sdh_is_enabled                       0x0001cfa9   Thumb Code     6  nrf_sdh.o(i.nrf_sdh_is_enabled)
    nrf_sdh_request_continue                 0x0001cfb5   Thumb Code    22  nrf_sdh.o(i.nrf_sdh_request_continue)
    nrf_section_iter_init                    0x0001d041   Thumb Code    10  nrf_section_iter.o(i.nrf_section_iter_init)
    nrf_section_iter_next                    0x0001d06f   Thumb Code    32  nrf_section_iter.o(i.nrf_section_iter_next)
    nrf_strerror_find                        0x0001d0b1   Thumb Code    52  nrf_strerror.o(i.nrf_strerror_find)
    nrf_strerror_get                         0x0001d0e9   Thumb Code    14  nrf_strerror.o(i.nrf_strerror_get)
    nus_send_cmd                             0x0001d113   Thumb Code    74  ble_data.o(i.nus_send_cmd)
    on_dfu_pkt_write                         0x0001d335   Thumb Code    48  nrf_dfu.o(i.on_dfu_pkt_write)
    periph_service_on_ble_evt                0x0001d369   Thumb Code    64  periph_service.o(i.periph_service_on_ble_evt)
    pin_irq_handle                           0x0001d3dd   Thumb Code    82  gpio_init.o(i.pin_irq_handle)
    queue_dt_delete                          0x0001d479   Thumb Code    44  fifo_bytes.o(i.queue_dt_delete)
    queue_dt_in                              0x0001d4a5   Thumb Code    84  fifo_bytes.o(i.queue_dt_in)
    queue_dt_init                            0x0001d4f9   Thumb Code    22  fifo_bytes.o(i.queue_dt_init)
    queue_dt_out                             0x0001d50f   Thumb Code    44  fifo_bytes.o(i.queue_dt_out)
    read_factory_flash                       0x0001d5e5   Thumb Code    62  user_flash.o(i.read_factory_flash)
    read_user_flash                          0x0001d631   Thumb Code   130  user_flash.o(i.read_user_flash)
    save_user_flash                          0x0001d765   Thumb Code     8  user_flash.o(i.save_user_flash)
    sdk_mapped_flags_bulk_update_by_key      0x0001d865   Thumb Code    68  sdk_mapped_flags.o(i.sdk_mapped_flags_bulk_update_by_key)
    sdk_mapped_flags_first_key_index_get     0x0001d8a9   Thumb Code    34  sdk_mapped_flags.o(i.sdk_mapped_flags_first_key_index_get)
    sdk_mapped_flags_key_list_get            0x0001d8db   Thumb Code    74  sdk_mapped_flags.o(i.sdk_mapped_flags_key_list_get)
    sdk_mapped_flags_update_by_key           0x0001d925   Thumb Code    14  sdk_mapped_flags.o(i.sdk_mapped_flags_update_by_key)
    set_ble_mac                              0x0001d971   Thumb Code    74  ble_comm.o(i.set_ble_mac)
    set_ble_start                            0x0001d9e1   Thumb Code     8  ble_adv.o(i.set_ble_start)
    sht30_read_reg                           0x0001d9ed   Thumb Code    44  sht3x_driver.o(i.sht30_read_reg)
    sht30_write_reg                          0x0001da19   Thumb Code    28  sht3x_driver.o(i.sht30_write_reg)
    sht3x_Init                               0x0001da35   Thumb Code   140  sht3x_driver.o(i.sht3x_Init)
    simple_uart_init                         0x0001daed   Thumb Code    58  simple_uart.o(i.simple_uart_init)
    software_spi00_receiver_buf              0x0001dc55   Thumb Code    24  spi_io.o(i.software_spi00_receiver_buf)
    software_spi00_receiver_dat              0x0001dc6d   Thumb Code   402  spi_io.o(i.software_spi00_receiver_dat)
    software_spi00_send_dat                  0x0001de0d   Thumb Code   514  spi_io.o(i.software_spi00_send_dat)
    software_spi_init                        0x0001e01d   Thumb Code    82  spi_io.o(i.software_spi_init)
    start_uart                               0x0001e0d5   Thumb Code    80  simple_uart.o(i.start_uart)
    system_timer_init                        0x0001e1d1   Thumb Code    30  system_time.o(i.system_timer_init)
    system_timer_start                       0x0001e21d   Thumb Code    34  system_time.o(i.system_timer_start)
    task_ble_adv_start                       0x0001e269   Thumb Code    36  ble_adv.o(i.task_ble_adv_start)
    task_ble_tx_power                        0x0001e291   Thumb Code    34  ble_comm.o(i.task_ble_tx_power)
    task_check_uart_timeout                  0x0001e2d9   Thumb Code    24  simple_uart.o(i.task_check_uart_timeout)
    task_dfu_upfile                          0x0001e2f5   Thumb Code   608  nrf_dfu.o(i.task_dfu_upfile)
    task_process_uart_data                   0x0001e585   Thumb Code   272  simple_uart.o(i.task_process_uart_data)
    task_read_3dh                            0x0001e6a1   Thumb Code    74  lis3dh_app.o(i.task_read_3dh)
    task_read_sht3x                          0x0001e711   Thumb Code   152  sht3x_driver.o(i.task_read_sht3x)
    task_save_flash                          0x0001e7e5   Thumb Code   118  user_flash.o(i.task_save_flash)
    task_system_timer                        0x0001e8b5   Thumb Code    62  system_time.o(i.task_system_timer)
    task_uart_manage                         0x0001e8f9   Thumb Code    60  simple_uart.o(i.task_uart_manage)
    uart_send                                0x0001edbd   Thumb Code    48  simple_uart.o(i.uart_send)
    uart_send_cmd                            0x0001eded   Thumb Code   124  uart_commd.o(i.uart_send_cmd)
    user_gpio_init                           0x0001f08d   Thumb Code    40  gpio_init.o(i.user_gpio_init)
    user_service_init                        0x0001f0e9   Thumb Code    30  periph_service.o(i.user_service_init)
    wait_after_operation                     0x0001f131   Thumb Code    34  in_flash_manage.o(i.wait_after_operation)
    watchdog_init                            0x0001f159   Thumb Code    60  wdt.o(i.watchdog_init)
    write_factory_flash                      0x0001f1a1   Thumb Code    50  user_flash.o(i.write_factory_flash)
    write_user_flash                         0x0001f1e1   Thumb Code   108  user_flash.o(i.write_user_flash)
    m_ram_start                              0x0001f494   Data           4  nrf_sdh_ble.o(.constdata)
    Region$$Table$$Base                      0x0001f814   Number         0  anon$$obj.o(Region$$Table)
    Region$$Table$$Limit                     0x0001f834   Number         0  anon$$obj.o(Region$$Table)
    m_nrf_log_ble_gatt_logs_data_const       0x0001f834   Data           8  nrf_ble_gatt.o(log_const_data)
    m_nrf_log_clock_logs_data_const          0x0001f83c   Data           8  nrf_drv_clock.o(log_const_data)
    m_nrf_log_gpiote_logs_data_const         0x0001f844   Data           8  nrf_drv_gpiote.o(log_const_data)
    m_nrf_log_uart_logs_data_const           0x0001f84c   Data           8  nrf_drv_uart.o(log_const_data)
    m_nrf_log_saadc_logs_data_const          0x0001f854   Data           8  nrf_drv_saadc.o(log_const_data)
    m_nrf_log_balloc_logs_data_const         0x0001f85c   Data           8  nrf_balloc.o(log_const_data)
    m_nrf_log_nrf_sdh_logs_data_const        0x0001f864   Data           8  nrf_sdh.o(log_const_data)
    m_nrf_log_nrf_sdh_soc_logs_data_const    0x0001f86c   Data           8  nrf_sdh_soc.o(log_const_data)
    m_nrf_log_nrf_sdh_ble_logs_data_const    0x0001f874   Data           8  nrf_sdh_ble.o(log_const_data)
    sdh_ble_observers0$$Base                 0x0001f87c   Number         0  ble_conn_state.o(sdh_ble_observers0)
    sdh_ble_observers0$$Limit                0x0001f884   Number         0  ble_conn_state.o(sdh_ble_observers0)
    sdh_ble_observers1$$Base                 0x0001f884   Number         0  ble_init.o(sdh_ble_observers1)
    sdh_ble_observers1$$Limit                0x0001f894   Number         0  ble_conn_params.o(sdh_ble_observers1)
    sdh_ble_observers3$$Base                 0x0001f894   Number         0  ble_init.o(sdh_ble_observers3)
    m_req_obs                                0x0001f89c   Data           8  nrf_fstorage_sd.o(sdh_req_observers0)
    sdh_ble_observers3$$Limit                0x0001f89c   Number         0  ble_init.o(sdh_ble_observers3)
    sdh_req_observers0$$Base                 0x0001f89c   Number         0  nrf_fstorage_sd.o(sdh_req_observers0)
    sdh_req_observers0$$Limit                0x0001f8a4   Number         0  nrf_fstorage_sd.o(sdh_req_observers0)
    sdh_soc_observers0$$Base                 0x0001f8a4   Number         0  ble_init.o(sdh_soc_observers0)
    sdh_soc_observers0$$Limit                0x0001f8c4   Number         0  nrf_fstorage_sd.o(sdh_soc_observers0)
    sdh_stack_observers0$$Base               0x0001f8c4   Number         0  nrf_sdh_soc.o(sdh_stack_observers0)
    sdh_stack_observers0$$Limit              0x0001f8d4   Number         0  nrf_sdh_ble.o(sdh_stack_observers0)
    sdh_state_observers0$$Base               0x0001f8d4   Number         0  nrf_drv_clock.o(sdh_state_observers0)
    sdh_state_observers0$$Limit              0x0001f8e4   Number         0  nrf_fstorage_sd.o(sdh_state_observers0)
    Image$$RW_IRAM1$$Base                    0x20002ac0   Number         0  anon$$obj.o ABSOLUTE
    m_conn_handle                            0x20002ac0   Data           2  ble_init.o(.data)
    beacon_infor                             0x20002ac5   Data          21  ble_adv.o(.data)
    c_hvn_tx_complete                        0x20002ada   Data           1  periph_service.o(.data)
    m_device_addr                            0x20002add   Data           7  ble_comm.o(.data)
    avg_sample                               0x20002aec   Data           4  battery_check.o(.data)
    busy_ms                                  0x20002af0   Data           4  battery_check.o(.data)
    key_press_flg                            0x20002b03   Data           1  gpio_init.o(.data)
    Temp_valu                                0x20002b10   Data           4  sht3x_driver.o(.data)
    Hum_valu                                 0x20002b14   Data           4  sht3x_driver.o(.data)
    TemHum_buf                               0x20002b18   Data           6  sht3x_driver.o(.data)
    last_index                               0x20002b21   Data           1  stk832x_driver.o(.data)
    sda_hrs                                  0x20002b26   Data           1  iic_io.o(.data)
    scl_hrs                                  0x20002b27   Data           1  iic_io.o(.data)
    end_addr                                 0x20002b6c   Data           4  nrf_sdh_ble.o(.data)
    SystemCoreClock                          0x20002b70   Data           4  system_nrf52810.o(.data)
    StuQueuedfu                              0x20002b8c   Data           8  nrf_dfu.o(.data)
    m_nrf_log_ble_gatt_logs_data_dynamic     0x20002b9c   Data          12  nrf_ble_gatt.o(log_dynamic_data)
    m_nrf_log_clock_logs_data_dynamic        0x20002ba8   Data          12  nrf_drv_clock.o(log_dynamic_data)
    m_nrf_log_gpiote_logs_data_dynamic       0x20002bb4   Data          12  nrf_drv_gpiote.o(log_dynamic_data)
    m_nrf_log_uart_logs_data_dynamic         0x20002bc0   Data          12  nrf_drv_uart.o(log_dynamic_data)
    m_nrf_log_saadc_logs_data_dynamic        0x20002bcc   Data          12  nrf_drv_saadc.o(log_dynamic_data)
    m_nrf_log_balloc_logs_data_dynamic       0x20002bd8   Data          12  nrf_balloc.o(log_dynamic_data)
    m_nrf_log_nrf_sdh_logs_data_dynamic      0x20002be4   Data          12  nrf_sdh.o(log_dynamic_data)
    m_nrf_log_nrf_sdh_soc_logs_data_dynamic  0x20002bf0   Data          12  nrf_sdh_soc.o(log_dynamic_data)
    m_nrf_log_nrf_sdh_ble_logs_data_dynamic  0x20002bfc   Data          12  nrf_sdh_ble.o(log_dynamic_data)
    m_feex_servive                           0x20002c80   Data          48  periph_service.o(.bss)
    read_flash_buf                           0x20002cb0   Data         104  user_flash.o(.bss)
    flash_write_buf                          0x20002d18   Data         104  user_flash.o(.bss)
    StuHis                                   0x20002d80   Data          96  user_flash.o(.bss)
    nrf_nvic_state                           0x200033d4   Data          12  app_util_platform.o(.bss)
    _SEGGER_RTT                              0x2000359c   Data          72  segger_rtt.o(.bss)
    IapFlg                                   0x200036e4   Data          12  nrf_dfu.o(.bss)
    __initial_sp                             0x20003f20   Data           0  arm_startup_nrf52810.o(STACK)



==============================================================================

Memory Map of the image

  Image Entry point : 0x00018201

  Load Region LR_IROM1 (Base: 0x00018000, Size: 0x00007a2c, Max: 0x0000a000, ABSOLUTE, COMPRESSED[0x00007920])

    Execution Region ER_IROM1 (Base: 0x00018000, Size: 0x000078e4, Max: 0x0000a000, ABSOLUTE)

    Base Addr    Size         Type   Attr      Idx    E Section Name        Object

    0x00018000   0x00000200   Data   RO         4551    RESET               arm_startup_nrf52810.o
    0x00018200   0x00000000   Code   RO         4981  * .ARM.Collect$$$$00000000  mc_w.l(entry.o)
    0x00018200   0x00000004   Code   RO         5026    .ARM.Collect$$$$00000001  mc_w.l(entry2.o)
    0x00018204   0x00000004   Code   RO         5029    .ARM.Collect$$$$00000004  mc_w.l(entry5.o)
    0x00018208   0x00000000   Code   RO         5031    .ARM.Collect$$$$00000008  mc_w.l(entry7b.o)
    0x00018208   0x00000000   Code   RO         5033    .ARM.Collect$$$$0000000A  mc_w.l(entry8b.o)
    0x00018208   0x00000008   Code   RO         5034    .ARM.Collect$$$$0000000B  mc_w.l(entry9a.o)
    0x00018210   0x00000000   Code   RO         5036    .ARM.Collect$$$$0000000D  mc_w.l(entry10a.o)
    0x00018210   0x00000000   Code   RO         5038    .ARM.Collect$$$$0000000F  mc_w.l(entry11a.o)
    0x00018210   0x00000004   Code   RO         5027    .ARM.Collect$$$$00002712  mc_w.l(entry2.o)
    0x00018214   0x000000c8   Code   RO         3595    .emb_text           nrf_atfifo.o
    0x000182dc   0x00000024   Code   RO         4552    .text               arm_startup_nrf52810.o
    0x00018300   0x00000062   Code   RO         4984    .text               mc_w.l(uldiv.o)
    0x00018362   0x00000024   Code   RO         4986    .text               mc_w.l(memcpya.o)
    0x00018386   0x00000024   Code   RO         4988    .text               mc_w.l(memseta.o)
    0x000183aa   0x0000001a   Code   RO         4992    .text               mc_w.l(memcmp.o)
    0x000183c4   0x00000012   Code   RO         4994    .text               mc_w.l(strcpy.o)
    0x000183d6   0x0000001e   Code   RO         5040    .text               mc_w.l(llshl.o)
    0x000183f4   0x00000004   Code   RO         1179    i.STK832x_read_data  stk832x_app.o
    0x000183f8   0x00000004   Code   RO         3312    i.SWI0_EGU0_IRQHandler  app_timer.o
    0x000183fc   0x00000004   Code   RO         4124    i.SWI2_IRQHandler   nrf_sdh.o
    0x00018400   0x00000003   Data   RO         1549    .ARM.__AT_0x00018400  in_flash_manage.o
    0x00018403   0x00000001   PAD
    0x00018404   0x00000020   Code   RO         5042    .text               mc_w.l(llushr.o)
    0x00018424   0x00000024   Code   RO         5046    .text               mc_w.l(init.o)
    0x00018448   0x0000003a   Code   RO         5056    .text               mc_w.l(__dczerorl.o)
    0x00018482   0x00000012   Code   RO         1535    i.CheckAddr         in_flash_manage.o
    0x00018494   0x00000030   Code   RO         1536    i.EraseBoot         in_flash_manage.o
    0x000184c4   0x0000002c   Code   RO         4595    i.EraseBvkFlash     dfu.lib(nrf_dfu.o)
    0x000184f0   0x0000001c   Code   RO         1638    i.Feed_WacthDog     wdt.o
    0x0001850c   0x00000030   Code   RO         1537    i.Flash_Erase_Page  in_flash_manage.o
    0x0001853c   0x00000024   Code   RO         1539    i.Flash_Write_World  in_flash_manage.o
    0x00018560   0x00000174   Code   RO         2620    i.GPIOTE_IRQHandler  nrf_drv_gpiote.o
    0x000186d4   0x00000014   Code   RO         1540    i.InflashRead       in_flash_manage.o
    0x000186e8   0x0000001c   Code   RO         4596    i.IsRightBoard      dfu.lib(nrf_dfu.o)
    0x00018704   0x00000166   Code   RO         1277    i.LIS3DH_FIFOModeEnable  lis3dh_driver.o
    0x0001886a   0x00000066   Code   RO         1278    i.LIS3DH_GetAccAxesRaw  lis3dh_driver.o
    0x000188d0   0x0000002c   Code   RO         1279    i.LIS3DH_HPFAOI1Enable  lis3dh_driver.o
    0x000188fc   0x00000030   Code   RO         1280    i.LIS3DH_Int1LatchEnable  lis3dh_driver.o
    0x0001892c   0x00000048   Code   RO         1281    i.LIS3DH_ReadReg    lis3dh_driver.o
    0x00018974   0x0000004c   Code   RO         1282    i.LIS3DH_SetAxis    lis3dh_driver.o
    0x000189c0   0x00000030   Code   RO         1286    i.LIS3DH_SetFullScale  lis3dh_driver.o
    0x000189f0   0x00000024   Code   RO         1287    i.LIS3DH_SetInt1Pin  lis3dh_driver.o
    0x00018a14   0x000000c4   Code   RO         1288    i.LIS3DH_SetMode    lis3dh_driver.o
    0x00018ad8   0x00000030   Code   RO         1289    i.LIS3DH_SetODR     lis3dh_driver.o
    0x00018b08   0x0000003c   Code   RO         1291    i.LIS3DH_WriteReg   lis3dh_driver.o
    0x00018b44   0x00000016   Code   RO         3307    i.NVIC_ClearPendingIRQ  app_timer.o
    0x00018b5a   0x00000016   Code   RO         3308    i.NVIC_EnableIRQ    app_timer.o
    0x00018b70   0x00000016   Code   RO         3309    i.NVIC_SetPendingIRQ  app_timer.o
    0x00018b86   0x00000020   Code   RO         3310    i.NVIC_SetPriority  app_timer.o
    0x00018ba6   0x00000002   PAD
    0x00018ba8   0x00000058   Code   RO         2418    i.POWER_CLOCK_IRQHandler  nrf_drv_clock.o
    0x00018c00   0x00000138   Code   RO          502    i.Periph_service_send  periph_service.o
    0x00018d38   0x00000050   Code   RO          206    i.Platform_driver_init  driver_init.o
    0x00018d88   0x0000002c   Code   RO          207    i.Power_manager     driver_init.o
    0x00018db4   0x00000024   Code   RO         3311    i.RTC1_IRQHandler   app_timer.o
    0x00018dd8   0x0000004c   Code   RO         1387    i.ReadAccRegister   stk832x_driver.o
    0x00018e24   0x00000148   Code   RO         3024    i.SAADC_IRQHandler  nrf_drv_saadc.o
    0x00018f6c   0x0000003c   Code   RO         4360    i.SEGGER_RTT_Write  segger_rtt.o
    0x00018fa8   0x0000005c   Code   RO         4361    i.SEGGER_RTT_WriteNoLock  segger_rtt.o
    0x00019004   0x00000016   Code   RO         4498    i.SEGGER_RTT_printf  segger_rtt_printf.o
    0x0001901a   0x00000002   PAD
    0x0001901c   0x000001a0   Code   RO         4499    i.SEGGER_RTT_vprintf  segger_rtt_printf.o
    0x000191bc   0x0000000e   Code   RO         1389    i.STK832x_BANDWIDTH_SET  stk832x_driver.o
    0x000191ca   0x00000002   PAD
    0x000191cc   0x0000007c   Code   RO         1390    i.STK832x_Check_chip_id  stk832x_driver.o
    0x00019248   0x0000001a   Code   RO         1391    i.STK832x_ESM_MODE_SET  stk832x_driver.o
    0x00019262   0x0000000e   Code   RO         1392    i.STK832x_FIFOMODE_SET  stk832x_driver.o
    0x00019270   0x0000005a   Code   RO         1394    i.STK832x_INT1_SET  stk832x_driver.o
    0x000192ca   0x00000064   Code   RO         1178    i.STK832x_Init      stk832x_app.o
    0x0001932e   0x00000002   PAD
    0x00019330   0x000000c0   Code   RO         1395    i.STK832x_Initialization  stk832x_driver.o
    0x000193f0   0x0000000e   Code   RO         1396    i.STK832x_RANGE_SET  stk832x_driver.o
    0x000193fe   0x00000002   PAD
    0x00019400   0x00000050   Code   RO         1397    i.STK832x_REG_COMMAND_SET  stk832x_driver.o
    0x00019450   0x0000002c   Code   RO         1399    i.STK832x_SPI_MODE_SET  stk832x_driver.o
    0x0001947c   0x00000020   Code   RO         1400    i.STK832x_Suspend_mode  stk832x_driver.o
    0x0001949c   0x00000016   Code   RO         1401    i.STK832x_set_int_ths_valu  stk832x_driver.o
    0x000194b2   0x00000012   Code   RO         1402    i.STK_SOFT_RESET    stk832x_driver.o
    0x000194c4   0x000002dc   Code   RO         4560    i.SystemInit        system_nrf52810.o
    0x000197a0   0x00000010   Code   RO         2861    i.UARTE0_IRQHandler  nrf_drv_uart.o
    0x000197b0   0x00000044   Code   RO         1403    i.WriteAccRegister  stk832x_driver.o
    0x000197f4   0x00000068   Code   RO         4364    i._DoInit           segger_rtt.o
    0x0001985c   0x00000016   Code   RO         4365    i._GetAvailWriteSpace  segger_rtt.o
    0x00019872   0x00000002   PAD
    0x00019874   0x000000c6   Code   RO         4500    i._PrintInt         segger_rtt_printf.o
    0x0001993a   0x00000002   PAD
    0x0001993c   0x000000d4   Code   RO         4501    i._PrintUnsigned    segger_rtt_printf.o
    0x00019a10   0x0000003e   Code   RO         4502    i._StoreChar        segger_rtt_printf.o
    0x00019a4e   0x0000005a   Code   RO         4367    i._WriteBlocking    segger_rtt.o
    0x00019aa8   0x0000003e   Code   RO         4368    i._WriteNoCheck     segger_rtt.o
    0x00019ae6   0x0000000e   Code   RO         5050    i.__scatterload_copy  mc_w.l(handlers.o)
    0x00019af4   0x00000002   Code   RO         5051    i.__scatterload_null  mc_w.l(handlers.o)
    0x00019af6   0x0000000e   Code   RO         5052    i.__scatterload_zeroinit  mc_w.l(handlers.o)
    0x00019b04   0x00000024   Code   RO         4125    i.__sd_nvic_app_accessible_irq  nrf_sdh.o
    0x00019b28   0x00000016   Code   RO         4126    i.__sd_nvic_is_app_accessible_priority  nrf_sdh.o
    0x00019b3e   0x00000002   PAD
    0x00019b40   0x00000070   Code   RO          436    i.adv_data_padding  ble_adv.o
    0x00019bb0   0x000000d4   Code   RO         1879    i.analyze_uart_data  uart_commd.o
    0x00019c84   0x0000012c   Code   RO         3185    i.app_error_fault_handler  app_error_weak.o
    0x00019db0   0x00000018   Code   RO         3145    i.app_error_handler  app_error.o
    0x00019dc8   0x00000064   Code   RO         3147    i.app_error_save_and_stop  app_error.o
    0x00019e2c   0x00000028   Code   RO         3315    i.app_timer_create  app_timer.o
    0x00019e54   0x00000054   Code   RO         3316    i.app_timer_init    app_timer.o
    0x00019ea8   0x00000088   Code   RO         3319    i.app_timer_start   app_timer.o
    0x00019f30   0x00000020   Code   RO         3320    i.app_timer_stop    app_timer.o
    0x00019f50   0x00000010   Code   RO         4032    i.app_uart_close    app_uart.o
    0x00019f60   0x00000020   Code   RO         4034    i.app_uart_get      app_uart.o
    0x00019f80   0x00000088   Code   RO         4035    i.app_uart_init     app_uart.o
    0x0001a008   0x00000024   Code   RO         4036    i.app_uart_put      app_uart.o
    0x0001a02c   0x00000048   Code   RO         3482    i.app_util_critical_region_enter  app_util_platform.o
    0x0001a074   0x00000034   Code   RO         3483    i.app_util_critical_region_exit  app_util_platform.o
    0x0001a0a8   0x00000088   Code   RO         2862    i.apply_config      nrf_drv_uart.o
    0x0001a130   0x00000010   Code   RO          781    i.ask_save_factory  user_flash.o
    0x0001a140   0x0000014e   Code   RO         2377    i.battery_level_char_add  ble_bas.o
    0x0001a28e   0x00000002   PAD
    0x0001a290   0x0000008c   Code   RO          300    i.battery_service_Init  ble_init.o
    0x0001a31c   0x000000b0   Code   RO          301    i.ble_Init          ble_init.o
    0x0001a3cc   0x00000094   Code   RO          437    i.ble_adv_start     ble_adv.o
    0x0001a460   0x0000002c   Code   RO          438    i.ble_adv_stop      ble_adv.o
    0x0001a48c   0x00000044   Code   RO         2379    i.ble_bas_init      ble_bas.o
    0x0001a4d0   0x0000009c   Code   RO          583    i.ble_commd_analyze  ble_data.o
    0x0001a56c   0x00000068   Code   RO         1992    i.ble_conn_params_init  ble_conn_params.o
    0x0001a5d4   0x00000024   Code   RO         1993    i.ble_conn_params_stop  ble_conn_params.o
    0x0001a5f8   0x0000008c   Code   RO         4860    i.ble_dfu_init      dfu.lib(ble_dfu.o)
    0x0001a684   0x0000008a   Code   RO         4861    i.ble_dfu_on_ble_evt  dfu.lib(ble_dfu.o)
    0x0001a70e   0x00000002   PAD
    0x0001a710   0x00000070   Code   RO         4862    i.ble_dfu_pkts_rcpt_notify  dfu.lib(ble_dfu.o)
    0x0001a780   0x00000060   Code   RO         4863    i.ble_dfu_response_send  dfu.lib(ble_dfu.o)
    0x0001a7e0   0x00000014   Code   RO          626    i.ble_disconnect    ble_comm.o
    0x0001a7f4   0x00000158   Code   RO          303    i.ble_evt_handler   ble_init.o
    0x0001a94c   0x000000fc   Code   RO         1994    i.ble_evt_handler   ble_conn_params.o
    0x0001aa48   0x00000124   Code   RO         2085    i.ble_evt_handler   ble_conn_state.o
    0x0001ab6c   0x000000a4   Code   RO          503    i.ble_feex_init     periph_service.o
    0x0001ac10   0x00000048   Code   RO          627    i.ble_mac_init      ble_comm.o
    0x0001ac58   0x00000008   Code   RO         2208    i.ble_srv_is_notification_enabled  ble_srv_common.o
    0x0001ac60   0x0000000c   Code   RO         2209    i.ble_srv_report_ref_encode  ble_srv_common.o
    0x0001ac6c   0x00000058   Code   RO          304    i.ble_stack_init    ble_init.o
    0x0001acc4   0x00000064   Code   RO         1541    i.boot_to_new_appilacation  in_flash_manage.o
    0x0001ad28   0x00000010   Code   RO         4598    i.call_by_sys       dfu.lib(nrf_dfu.o)
    0x0001ad38   0x00000010   Code   RO         1542    i.call_by_sys_flash_manage  in_flash_manage.o
    0x0001ad48   0x0000001c   Code   RO         2621    i.channel_free      nrf_drv_gpiote.o
    0x0001ad64   0x00000048   Code   RO         2622    i.channel_port_alloc  nrf_drv_gpiote.o
    0x0001adac   0x00000010   Code   RO         2623    i.channel_port_get  nrf_drv_gpiote.o
    0x0001adbc   0x00000020   Code   RO         4599    i.check_crc         dfu.lib(nrf_dfu.o)
    0x0001addc   0x00000008   Code   RO         4600    i.check_is_right_firmware  dfu.lib(nrf_dfu.o)
    0x0001ade4   0x0000003c   Code   RO         1069    i.check_key_press   key.o
    0x0001ae20   0x00000028   Code   RO         4601    i.check_out_data    dfu.lib(nrf_dfu.o)
    0x0001ae48   0x0000000c   Code   RO          994    i.clean_rx_irq      gpio_init.o
    0x0001ae54   0x00000028   Code   RO         2419    i.clock_clk_started_notify  nrf_drv_clock.o
    0x0001ae7c   0x000000ac   Code   RO         3322    i.compare_reg_update  app_timer.o
    0x0001af28   0x00000028   Code   RO          305    i.conn_params_error_handler  ble_init.o
    0x0001af50   0x00000048   Code   RO         1995    i.conn_params_negotiation  ble_conn_params.o
    0x0001af98   0x00000036   Code   RO         4602    i.crc16_compute_dfu  dfu.lib(nrf_dfu.o)
    0x0001afce   0x00000002   PAD
    0x0001afd0   0x00000032   Code   RO         1221    i.crc_high_first    sht3x_driver.o
    0x0001b002   0x0000001a   Code   RO         1775    i.delay_ms          utility.o
    0x0001b01c   0x0000000c   Code   RO         1776    i.delay_us          utility.o
    0x0001b028   0x0000008c   Code   RO         1070    i.device_OnOff_manage  key.o
    0x0001b0b4   0x0000009c   Code   RO         4864    i.dfu_ctrl_pt_add   dfu.lib(ble_dfu.o)
    0x0001b150   0x0000009c   Code   RO         4865    i.dfu_pkt_char_add  dfu.lib(ble_dfu.o)
    0x0001b1ec   0x0000000c   Code   RO         4603    i.dfu_prepare_space  dfu.lib(nrf_dfu.o)
    0x0001b1f8   0x00000010   Code   RO         4604    i.dfu_que_in        dfu.lib(nrf_dfu.o)
    0x0001b208   0x00000018   Code   RO         4605    i.dfu_que_init      dfu.lib(nrf_dfu.o)
    0x0001b220   0x00000020   Code   RO         4606    i.dfu_que_out       dfu.lib(nrf_dfu.o)
    0x0001b240   0x0000009e   Code   RO         4866    i.dfu_rev_char_add  dfu.lib(ble_dfu.o)
    0x0001b2de   0x00000002   PAD
    0x0001b2e0   0x0000000c   Code   RO         4607    i.dfu_transport_callby_irq  dfu.lib(nrf_dfu.o)
    0x0001b2ec   0x00000058   Code   RO         4608    i.dfu_transport_init  dfu.lib(nrf_dfu.o)
    0x0001b344   0x00000030   Code   RO         4609    i.dfu_write_flash   dfu.lib(nrf_dfu.o)
    0x0001b374   0x00000040   Code   RO         3323    i.elapsed_ticks_acquire  app_timer.o
    0x0001b3b4   0x00000088   Code   RO          504    i.enable_feex_ccfg  periph_service.o
    0x0001b43c   0x000000a4   Code   RO          995    i.enable_pin_irq    gpio_init.o
    0x0001b4e0   0x0000004e   Code   RO         3779    i.event_send        nrf_fstorage_sd.o
    0x0001b52e   0x000000f8   Code   RO          505    i.feex_char_add     periph_service.o
    0x0001b626   0x00000002   PAD
    0x0001b628   0x0000002c   Code   RO         1543    i.flash_nvic_word_write  in_flash_manage.o
    0x0001b654   0x00000058   Code   RO          306    i.gatt_evt_handler  ble_init.o
    0x0001b6ac   0x00000058   Code   RO          307    i.gatt_init         ble_init.o
    0x0001b704   0x0000000c   Code   RO         1122    i.get_3dh_sta       lis3dh_app.o
    0x0001b710   0x0000000c   Code   RO          697    i.get_battery_level  battery_check.o
    0x0001b71c   0x00000010   Code   RO          628    i.get_device_type   ble_comm.o
    0x0001b72c   0x0000000c   Code   RO          308    i.get_m_conn_handle  ble_init.o
    0x0001b738   0x00000040   Code   RO          629    i.get_nrf52_chip_temp  ble_comm.o
    0x0001b778   0x0000000c   Code   RO          996    i.get_rx_irq_sta    gpio_init.o
    0x0001b784   0x0000000e   Code   RO         3324    i.get_time_escape_ms  app_timer.o
    0x0001b792   0x00000002   PAD
    0x0001b794   0x00000048   Code   RO         1668    i.hrs_iic_init      iic_io.o
    0x0001b7dc   0x000000e4   Code   RO         1669    i.hrs_iic_transfer  iic_io.o
    0x0001b8c0   0x00000040   Code   RO          439    i.iBeacon_adv_pack_set  ble_adv.o
    0x0001b900   0x0000003c   Code   RO          440    i.iBeacon_rsp_pack_set  ble_adv.o
    0x0001b93c   0x0000001c   Code   RO         4610    i.init_update       dfu.lib(nrf_dfu.o)
    0x0001b958   0x00000014   Code   RO         1996    i.instance_get      ble_conn_params.o
    0x0001b96c   0x00000018   Code   RO          309    i.is_ble_connect    ble_init.o
    0x0001b984   0x00000044   Code   RO         1997    i.is_conn_params_ok  ble_conn_params.o
    0x0001b9c8   0x00000008   Code   RO         1072    i.key_Init          key.o
    0x0001b9d0   0x0000002c   Code   RO          927    i.led_ctrl          led_manage.o
    0x0001b9fc   0x00000010   Code   RO          928    i.led_init          led_manage.o
    0x0001ba0c   0x00000048   Code   RO          929    i.led_timer_init    led_manage.o
    0x0001ba54   0x00000098   Code   RO          930    i.led_timer_manage  led_manage.o
    0x0001baec   0x00000010   Code   RO          931    i.led_timer_timeout  led_manage.o
    0x0001bafc   0x00000028   Code   RO         2422    i.lfclk_stop        nrf_drv_clock.o
    0x0001bb24   0x0000000e   Code   RO         2265    i.link_init         nrf_ble_gatt.o
    0x0001bb32   0x00000002   PAD
    0x0001bb34   0x000000d4   Code   RO         1123    i.lis3dh_init       lis3dh_app.o
    0x0001bc08   0x000000f8   Code   RO         3325    i.list_insertions_handler  app_timer.o
    0x0001bd00   0x000000f0   Code   RO            5    i.main              main.o
    0x0001bdf0   0x00000016   Code   RO         3601    i.nrf_atfifo_item_free  nrf_atfifo.o
    0x0001be06   0x00000016   Code   RO         3602    i.nrf_atfifo_item_get  nrf_atfifo.o
    0x0001be1c   0x00000010   Code   RO         2624    i.nrf_bitmask_bit_is_set  nrf_drv_gpiote.o
    0x0001be2c   0x00000014   Code   RO         2267    i.nrf_ble_gatt_att_mtu_periph_set  nrf_ble_gatt.o
    0x0001be40   0x00000022   Code   RO         2269    i.nrf_ble_gatt_init  nrf_ble_gatt.o
    0x0001be62   0x00000002   PAD
    0x0001be64   0x0000010c   Code   RO         2270    i.nrf_ble_gatt_on_ble_evt  nrf_ble_gatt.o
    0x0001bf70   0x0000000e   Code   RO         2423    i.nrf_clock_event_check  nrf_drv_clock.o
    0x0001bf7e   0x00000010   Code   RO         2424    i.nrf_clock_event_clear  nrf_drv_clock.o
    0x0001bf8e   0x00000012   Code   RO         1405    i.nrf_delay_ms      stk832x_driver.o
    0x0001bfa0   0x0000000a   Code   RO         4611    i.nrf_delay_ms      dfu.lib(nrf_dfu.o)
    0x0001bfaa   0x00000002   PAD
    0x0001bfac   0x0000008c   Code   RO          782    i.nrf_delay_us      user_flash.o
    0x0001c038   0x0000008c   Code   RO          997    i.nrf_delay_us      gpio_init.o
    0x0001c0c4   0x0000008c   Code   RO         1124    i.nrf_delay_us      lis3dh_app.o
    0x0001c150   0x0000009c   Code   RO         1406    i.nrf_delay_us      stk832x_driver.o
    0x0001c1ec   0x0000008c   Code   RO         1544    i.nrf_delay_us      in_flash_manage.o
    0x0001c278   0x0000008c   Code   RO         1880    i.nrf_delay_us      uart_commd.o
    0x0001c304   0x0000008c   Code   RO         3326    i.nrf_delay_us      app_timer.o
    0x0001c390   0x0000008c   Code   RO         4612    i.nrf_delay_us      dfu.lib(nrf_dfu.o)
    0x0001c41c   0x00000048   Code   RO         2431    i.nrf_drv_clock_init  nrf_drv_clock.o
    0x0001c464   0x0000002c   Code   RO         2435    i.nrf_drv_clock_lfclk_release  nrf_drv_clock.o
    0x0001c490   0x00000038   Code   RO         2584    i.nrf_drv_common_irq_enable  nrf_drv_common.o
    0x0001c4c8   0x00000048   Code   RO         2628    i.nrf_drv_gpiote_in_event_disable  nrf_drv_gpiote.o
    0x0001c510   0x000000a4   Code   RO         2629    i.nrf_drv_gpiote_in_event_enable  nrf_drv_gpiote.o
    0x0001c5b4   0x000000b8   Code   RO         2630    i.nrf_drv_gpiote_in_init  nrf_drv_gpiote.o
    0x0001c66c   0x00000048   Code   RO         2632    i.nrf_drv_gpiote_in_uninit  nrf_drv_gpiote.o
    0x0001c6b4   0x0000005c   Code   RO         2633    i.nrf_drv_gpiote_init  nrf_drv_gpiote.o
    0x0001c710   0x00000014   Code   RO         2634    i.nrf_drv_gpiote_is_init  nrf_drv_gpiote.o
    0x0001c724   0x00000010   Code   RO         2863    i.nrf_drv_is_in_RAM  nrf_drv_uart.o
    0x0001c734   0x00000090   Code   RO         2865    i.nrf_drv_uart_init  nrf_drv_uart.o
    0x0001c7c4   0x00000070   Code   RO         2866    i.nrf_drv_uart_rx   nrf_drv_uart.o
    0x0001c834   0x00000002   Code   RO         2869    i.nrf_drv_uart_rx_enable  nrf_drv_uart.o
    0x0001c836   0x00000002   PAD
    0x0001c838   0x000000b8   Code   RO         2870    i.nrf_drv_uart_rx_for_uarte  nrf_drv_uart.o
    0x0001c8f0   0x000000a4   Code   RO         2872    i.nrf_drv_uart_tx   nrf_drv_uart.o
    0x0001c994   0x0000001c   Code   RO         2874    i.nrf_drv_uart_tx_in_progress  nrf_drv_uart.o
    0x0001c9b0   0x000000a8   Code   RO         2875    i.nrf_drv_uart_uninit  nrf_drv_uart.o
    0x0001ca58   0x00000018   Code   RO         3782    i.nrf_fstorage_sdh_req_handler  nrf_fstorage_sd.o
    0x0001ca70   0x00000020   Code   RO         3783    i.nrf_fstorage_sdh_state_handler  nrf_fstorage_sd.o
    0x0001ca90   0x000000a4   Code   RO         3784    i.nrf_fstorage_sys_evt_handler  nrf_fstorage_sd.o
    0x0001cb34   0x00000028   Code   RO         1721    i.nrf_gpio_cfg      spi_io.o
    0x0001cb5c   0x00000024   Code   RO         2648    i.nrf_gpio_cfg      nrf_drv_gpiote.o
    0x0001cb80   0x00000024   Code   RO         2876    i.nrf_gpio_cfg      nrf_drv_uart.o
    0x0001cba4   0x00000012   Code   RO         2649    i.nrf_gpio_cfg_default  nrf_drv_gpiote.o
    0x0001cbb6   0x00000012   Code   RO         2877    i.nrf_gpio_cfg_default  nrf_drv_uart.o
    0x0001cbc8   0x00000014   Code   RO         1796    i.nrf_gpio_cfg_input  simple_uart.o
    0x0001cbdc   0x00000012   Code   RO         2878    i.nrf_gpio_cfg_input  nrf_drv_uart.o
    0x0001cbee   0x00000018   Code   RO         1722    i.nrf_gpio_cfg_output  spi_io.o
    0x0001cc06   0x00000014   Code   RO         2879    i.nrf_gpio_cfg_output  nrf_drv_uart.o
    0x0001cc1a   0x00000022   Code   RO         2650    i.nrf_gpio_cfg_sense_set  nrf_drv_gpiote.o
    0x0001cc3c   0x00000016   Code   RO          932    i.nrf_gpio_pin_write  led_manage.o
    0x0001cc52   0x00000016   Code   RO         4613    i.nrf_gpio_pin_write  dfu.lib(nrf_dfu.o)
    0x0001cc68   0x00000028   Code   RO         2651    i.nrf_gpio_ports_read  nrf_drv_gpiote.o
    0x0001cc90   0x00000014   Code   RO         2652    i.nrf_gpiote_event_clear  nrf_drv_gpiote.o
    0x0001cca4   0x00000010   Code   RO         2653    i.nrf_gpiote_event_is_set  nrf_drv_gpiote.o
    0x0001ccb4   0x00000010   Code   RO         3031    i.nrf_saadc_buffer_init  nrf_drv_saadc.o
    0x0001ccc4   0x00000010   Code   RO         3033    i.nrf_saadc_event_check  nrf_drv_saadc.o
    0x0001ccd4   0x00000014   Code   RO         3034    i.nrf_saadc_event_clear  nrf_drv_saadc.o
    0x0001cce8   0x00000018   Code   RO         4292    i.nrf_sdh_ble_app_ram_start_get  nrf_sdh_ble.o
    0x0001cd00   0x00000098   Code   RO         4293    i.nrf_sdh_ble_default_cfg_set  nrf_sdh_ble.o
    0x0001cd98   0x000000c4   Code   RO         4294    i.nrf_sdh_ble_enable  nrf_sdh_ble.o
    0x0001ce5c   0x00000098   Code   RO         4295    i.nrf_sdh_ble_evts_poll  nrf_sdh_ble.o
    0x0001cef4   0x0000003c   Code   RO         4127    i.nrf_sdh_disable_request  nrf_sdh.o
    0x0001cf30   0x00000054   Code   RO         4128    i.nrf_sdh_enable_request  nrf_sdh.o
    0x0001cf84   0x00000024   Code   RO         4129    i.nrf_sdh_evts_poll  nrf_sdh.o
    0x0001cfa8   0x0000000c   Code   RO         4130    i.nrf_sdh_is_enabled  nrf_sdh.o
    0x0001cfb4   0x0000001c   Code   RO         4132    i.nrf_sdh_request_continue  nrf_sdh.o
    0x0001cfd0   0x00000070   Code   RO         4260    i.nrf_sdh_soc_evts_poll  nrf_sdh_soc.o
    0x0001d040   0x0000000a   Code   RO         3894    i.nrf_section_iter_init  nrf_section_iter.o
    0x0001d04a   0x00000024   Code   RO         3895    i.nrf_section_iter_item_set  nrf_section_iter.o
    0x0001d06e   0x00000020   Code   RO         3896    i.nrf_section_iter_next  nrf_section_iter.o
    0x0001d08e   0x00000002   PAD
    0x0001d090   0x00000020   Code   RO          310    i.nrf_stack_evt     ble_init.o
    0x0001d0b0   0x00000038   Code   RO         4091    i.nrf_strerror_find  nrf_strerror.o
    0x0001d0e8   0x00000014   Code   RO         4092    i.nrf_strerror_get  nrf_strerror.o
    0x0001d0fc   0x0000000a   Code   RO         2880    i.nrf_uarte_event_check  nrf_drv_uart.o
    0x0001d106   0x0000000c   Code   RO         2881    i.nrf_uarte_event_clear  nrf_drv_uart.o
    0x0001d112   0x0000004a   Code   RO          584    i.nus_send_cmd      ble_data.o
    0x0001d15c   0x00000040   Code   RO          311    i.on_conn_params_evt  ble_init.o
    0x0001d19c   0x000000f8   Code   RO         4867    i.on_ctrl_pt_write  dfu.lib(ble_dfu.o)
    0x0001d294   0x000000a0   Code   RO         4614    i.on_dfu_evt        dfu.lib(nrf_dfu.o)
    0x0001d334   0x00000034   Code   RO         4615    i.on_dfu_pkt_write  dfu.lib(nrf_dfu.o)
    0x0001d368   0x00000044   Code   RO          506    i.periph_service_on_ble_evt  periph_service.o
    0x0001d3ac   0x00000018   Code   RO         2654    i.pin_in_use_by_port  nrf_drv_gpiote.o
    0x0001d3c4   0x00000018   Code   RO         2655    i.pin_in_use_by_te  nrf_drv_gpiote.o
    0x0001d3dc   0x0000009c   Code   RO          998    i.pin_irq_handle    gpio_init.o
    0x0001d478   0x0000002c   Code   RO         4945    i.queue_dt_delete   dfu.lib(fifo_bytes.o)
    0x0001d4a4   0x00000054   Code   RO         4946    i.queue_dt_in       dfu.lib(fifo_bytes.o)
    0x0001d4f8   0x00000016   Code   RO         4947    i.queue_dt_init     dfu.lib(fifo_bytes.o)
    0x0001d50e   0x0000002c   Code   RO         4948    i.queue_dt_out      dfu.lib(fifo_bytes.o)
    0x0001d53a   0x00000002   PAD
    0x0001d53c   0x00000098   Code   RO         3785    i.queue_process     nrf_fstorage_sd.o
    0x0001d5d4   0x00000010   Code   RO         4296    i.ram_end_address_get  nrf_sdh_ble.o
    0x0001d5e4   0x0000004c   Code   RO          783    i.read_factory_flash  user_flash.o
    0x0001d630   0x000000e0   Code   RO          784    i.read_user_flash   user_flash.o
    0x0001d710   0x0000003c   Code   RO         3327    i.rtc1_stop         app_timer.o
    0x0001d74c   0x00000018   Code   RO         2882    i.rx_done_event     nrf_drv_uart.o
    0x0001d764   0x0000000c   Code   RO          785    i.save_user_flash   user_flash.o
    0x0001d770   0x00000042   Code   RO         4135    i.sd_nvic_SetPriority  nrf_sdh.o
    0x0001d7b2   0x00000002   PAD
    0x0001d7b4   0x00000054   Code   RO         2438    i.sd_state_evt_handler  nrf_drv_clock.o
    0x0001d808   0x00000030   Code   RO         4136    i.sdh_request_observer_notify  nrf_sdh.o
    0x0001d838   0x0000002c   Code   RO         4137    i.sdh_state_observer_notify  nrf_sdh.o
    0x0001d864   0x00000044   Code   RO         3967    i.sdk_mapped_flags_bulk_update_by_key  sdk_mapped_flags.o
    0x0001d8a8   0x00000022   Code   RO         3968    i.sdk_mapped_flags_first_key_index_get  sdk_mapped_flags.o
    0x0001d8ca   0x00000010   Code   RO         3969    i.sdk_mapped_flags_get_by_index  sdk_mapped_flags.o
    0x0001d8da   0x0000004a   Code   RO         3972    i.sdk_mapped_flags_key_list_get  sdk_mapped_flags.o
    0x0001d924   0x0000000e   Code   RO         3974    i.sdk_mapped_flags_update_by_key  sdk_mapped_flags.o
    0x0001d932   0x00000002   PAD
    0x0001d934   0x00000010   Code   RO         1998    i.send_error_evt    ble_conn_params.o
    0x0001d944   0x0000002c   Code   RO         4616    i.service_error_handler  dfu.lib(nrf_dfu.o)
    0x0001d970   0x00000070   Code   RO          630    i.set_ble_mac       ble_comm.o
    0x0001d9e0   0x0000000c   Code   RO          441    i.set_ble_start     ble_adv.o
    0x0001d9ec   0x0000002c   Code   RO         1223    i.sht30_read_reg    sht3x_driver.o
    0x0001da18   0x0000001c   Code   RO         1224    i.sht30_write_reg   sht3x_driver.o
    0x0001da34   0x000000b8   Code   RO         1225    i.sht3x_Init        sht3x_driver.o
    0x0001daec   0x00000074   Code   RO         1797    i.simple_uart_init  simple_uart.o
    0x0001db60   0x0000000a   Code   RO         2439    i.soc_evt_handler   nrf_drv_clock.o
    0x0001db6a   0x00000002   PAD
    0x0001db6c   0x00000068   Code   RO         4138    i.softdevice_evt_irq_disable  nrf_sdh.o
    0x0001dbd4   0x00000080   Code   RO         4139    i.softdevices_evt_irq_enable  nrf_sdh.o
    0x0001dc54   0x00000018   Code   RO         1723    i.software_spi00_receiver_buf  spi_io.o
    0x0001dc6c   0x000001a0   Code   RO         1724    i.software_spi00_receiver_dat  spi_io.o
    0x0001de0c   0x00000210   Code   RO         1725    i.software_spi00_send_dat  spi_io.o
    0x0001e01c   0x00000064   Code   RO         1726    i.software_spi_init  spi_io.o
    0x0001e080   0x00000054   Code   RO          933    i.start_timer       led_manage.o
    0x0001e0d4   0x0000007c   Code   RO         1799    i.start_uart        simple_uart.o
    0x0001e150   0x00000018   Code   RO         1073    i.stop_adv_mode     key.o
    0x0001e168   0x0000005c   Code   RO         4140    i.swi_interrupt_priority_workaround  nrf_sdh.o
    0x0001e1c4   0x0000000c   Code   RO          867    i.system_timer_Hand  system_time.o
    0x0001e1d0   0x0000004c   Code   RO          868    i.system_timer_init  system_time.o
    0x0001e21c   0x0000004c   Code   RO          869    i.system_timer_start  system_time.o
    0x0001e268   0x00000028   Code   RO          442    i.task_ble_adv_start  ble_adv.o
    0x0001e290   0x00000048   Code   RO          632    i.task_ble_tx_power  ble_comm.o
    0x0001e2d8   0x0000001c   Code   RO         1800    i.task_check_uart_timeout  simple_uart.o
    0x0001e2f4   0x00000290   Code   RO         4617    i.task_dfu_upfile   dfu.lib(nrf_dfu.o)
    0x0001e584   0x0000011c   Code   RO         1801    i.task_process_uart_data  simple_uart.o
    0x0001e6a0   0x00000070   Code   RO         1125    i.task_read_3dh     lis3dh_app.o
    0x0001e710   0x000000d4   Code   RO         1226    i.task_read_sht3x   sht3x_driver.o
    0x0001e7e4   0x000000d0   Code   RO          786    i.task_save_flash   user_flash.o
    0x0001e8b4   0x00000044   Code   RO          871    i.task_system_timer  system_time.o
    0x0001e8f8   0x00000040   Code   RO         1802    i.task_uart_manage  simple_uart.o
    0x0001e938   0x00000080   Code   RO         3328    i.timer_list_handler  app_timer.o
    0x0001e9b8   0x0000003c   Code   RO         3329    i.timer_list_insert  app_timer.o
    0x0001e9f4   0x00000060   Code   RO         3330    i.timer_list_remove  app_timer.o
    0x0001ea54   0x00000048   Code   RO         3331    i.timer_stop_op_schedule  app_timer.o
    0x0001ea9c   0x00000074   Code   RO         3332    i.timer_timeouts_check  app_timer.o
    0x0001eb10   0x0000009c   Code   RO         1670    i.twi_master_clear_bus  iic_io.o
    0x0001ebac   0x000000bc   Code   RO         1671    i.twi_master_clock_byte  iic_io.o
    0x0001ec68   0x000000a8   Code   RO         1672    i.twi_master_clock_byte_in  iic_io.o
    0x0001ed10   0x0000004c   Code   RO         1673    i.twi_master_wait_while_scl_low  iic_io.o
    0x0001ed5c   0x00000002   Code   RO         1803    i.uart_error_handle  simple_uart.o
    0x0001ed5e   0x00000002   PAD
    0x0001ed60   0x0000005c   Code   RO         4037    i.uart_event_handler  app_uart.o
    0x0001edbc   0x00000030   Code   RO         1804    i.uart_send         simple_uart.o
    0x0001edec   0x0000007c   Code   RO         1881    i.uart_send_cmd     uart_commd.o
    0x0001ee68   0x000000f8   Code   RO         2883    i.uarte_irq_handler  nrf_drv_uart.o
    0x0001ef60   0x00000012   Code   RO         4868    i.uint32_encode     dfu.lib(ble_dfu.o)
    0x0001ef72   0x00000002   PAD
    0x0001ef74   0x00000068   Code   RO         1999    i.update_timeout_handler  ble_conn_params.o
    0x0001efdc   0x000000b0   Code   RO          787    i.user_data_init    user_flash.o
    0x0001f08c   0x0000002c   Code   RO          999    i.user_gpio_init    gpio_init.o
    0x0001f0b8   0x00000030   Code   RO         3333    i.user_op_alloc     app_timer.o
    0x0001f0e8   0x00000048   Code   RO          507    i.user_service_init  periph_service.o
    0x0001f130   0x00000028   Code   RO         1548    i.wait_after_operation  in_flash_manage.o
    0x0001f158   0x00000048   Code   RO         1639    i.watchdog_init     wdt.o
    0x0001f1a0   0x00000040   Code   RO          788    i.write_factory_flash  user_flash.o
    0x0001f1e0   0x00000098   Code   RO          789    i.write_user_flash  user_flash.o
    0x0001f278   0x00000010   Data   RO          509    .constdata          periph_service.o
    0x0001f288   0x00000004   Data   RO          873    .constdata          system_time.o
    0x0001f28c   0x00000004   Data   RO          935    .constdata          led_manage.o
    0x0001f290   0x00000004   Data   RO         1000    .constdata          gpio_init.o
    0x0001f294   0x00000018   Data   RO         1806    .constdata          simple_uart.o
    0x0001f2ac   0x0000000e   Data   RO         2271    .constdata          nrf_ble_gatt.o
    0x0001f2ba   0x00000002   PAD
    0x0001f2bc   0x00000004   Data   RO         2657    .constdata          nrf_drv_gpiote.o
    0x0001f2c0   0x00000010   Data   RO         3794    .constdata          nrf_fstorage_sd.o
    0x0001f2d0   0x00000020   Data   RO         4038    .constdata          app_uart.o
    0x0001f2f0   0x00000104   Data   RO         4093    .constdata          nrf_strerror.o
    0x0001f3f4   0x00000010   Data   RO         4141    .constdata          nrf_sdh.o
    0x0001f404   0x00000028   Data   RO         4142    .constdata          nrf_sdh.o
    0x0001f42c   0x00000010   Data   RO         4143    .constdata          nrf_sdh.o
    0x0001f43c   0x00000010   Data   RO         4144    .constdata          nrf_sdh.o
    0x0001f44c   0x00000010   Data   RO         4261    .constdata          nrf_sdh_soc.o
    0x0001f45c   0x0000000c   Data   RO         4262    .constdata          nrf_sdh_soc.o
    0x0001f468   0x00000030   Data   RO         4297    .constdata          nrf_sdh_ble.o
    0x0001f498   0x00000010   Data   RO         4504    .constdata          segger_rtt_printf.o
    0x0001f4a8   0x00000010   Data   RO         4869    .constdata          dfu.lib(ble_dfu.o)
    0x0001f4b8   0x00000307   Data   RO         4094    .conststring        nrf_strerror.o
    0x0001f7bf   0x00000001   PAD
    0x0001f7c0   0x00000009   Data   RO         2272    .conststrlit        nrf_ble_gatt.o
    0x0001f7c9   0x00000003   PAD
    0x0001f7cc   0x00000006   Data   RO         2441    .conststrlit        nrf_drv_clock.o
    0x0001f7d2   0x00000002   PAD
    0x0001f7d4   0x00000007   Data   RO         2658    .conststrlit        nrf_drv_gpiote.o
    0x0001f7db   0x00000001   PAD
    0x0001f7dc   0x00000005   Data   RO         2885    .conststrlit        nrf_drv_uart.o
    0x0001f7e1   0x00000003   PAD
    0x0001f7e4   0x00000006   Data   RO         3038    .conststrlit        nrf_drv_saadc.o
    0x0001f7ea   0x00000002   PAD
    0x0001f7ec   0x00000007   Data   RO         3671    .conststrlit        nrf_balloc.o
    0x0001f7f3   0x00000001   PAD
    0x0001f7f4   0x00000008   Data   RO         4145    .conststrlit        nrf_sdh.o
    0x0001f7fc   0x0000000c   Data   RO         4263    .conststrlit        nrf_sdh_soc.o
    0x0001f808   0x0000000c   Data   RO         4298    .conststrlit        nrf_sdh_ble.o
    0x0001f814   0x00000020   Data   RO         5048    Region$$Table       anon$$obj.o
    0x0001f834   0x00000008   Data   RO         2273    log_const_data      nrf_ble_gatt.o
    0x0001f83c   0x00000008   Data   RO         2442    log_const_data      nrf_drv_clock.o
    0x0001f844   0x00000008   Data   RO         2659    log_const_data      nrf_drv_gpiote.o
    0x0001f84c   0x00000008   Data   RO         2886    log_const_data      nrf_drv_uart.o
    0x0001f854   0x00000008   Data   RO         3039    log_const_data      nrf_drv_saadc.o
    0x0001f85c   0x00000008   Data   RO         3672    log_const_data      nrf_balloc.o
    0x0001f864   0x00000008   Data   RO         4147    log_const_data      nrf_sdh.o
    0x0001f86c   0x00000008   Data   RO         4264    log_const_data      nrf_sdh_soc.o
    0x0001f874   0x00000008   Data   RO         4300    log_const_data      nrf_sdh_ble.o
    0x0001f87c   0x00000008   Data   RO         2088    sdh_ble_observers0  ble_conn_state.o
    0x0001f884   0x00000008   Data   RO          314    sdh_ble_observers1  ble_init.o
    0x0001f88c   0x00000008   Data   RO         2002    sdh_ble_observers1  ble_conn_params.o
    0x0001f894   0x00000008   Data   RO          315    sdh_ble_observers3  ble_init.o
    0x0001f89c   0x00000008   Data   RO         3797    sdh_req_observers0  nrf_fstorage_sd.o
    0x0001f8a4   0x00000010   Data   RO          316    sdh_soc_observers0  ble_init.o
    0x0001f8b4   0x00000008   Data   RO         2444    sdh_soc_observers0  nrf_drv_clock.o
    0x0001f8bc   0x00000008   Data   RO         3798    sdh_soc_observers0  nrf_fstorage_sd.o
    0x0001f8c4   0x00000008   Data   RO         4266    sdh_stack_observers0  nrf_sdh_soc.o
    0x0001f8cc   0x00000008   Data   RO         4302    sdh_stack_observers0  nrf_sdh_ble.o
    0x0001f8d4   0x00000008   Data   RO         2445    sdh_state_observers0  nrf_drv_clock.o
    0x0001f8dc   0x00000008   Data   RO         3799    sdh_state_observers0  nrf_fstorage_sd.o


    Execution Region RW_IRAM1 (Base: 0x20002ac0, Size: 0x00001460, Max: 0x00005540, ABSOLUTE, COMPRESSED[0x0000003c])

    Base Addr    Size         Type   Attr      Idx    E Section Name        Object

    0x20002ac0   0x00000002   Data   RW          313    .data               ble_init.o
    0x20002ac2   0x00000018   Data   RW          444    .data               ble_adv.o
    0x20002ada   0x00000001   Data   RW          510    .data               periph_service.o
    0x20002adb   0x00000009   Data   RW          633    .data               ble_comm.o
    0x20002ae4   0x00000010   Data   RW          705    .data               battery_check.o
    0x20002af4   0x00000002   Data   RW          791    .data               user_flash.o
    0x20002af6   0x00000001   Data   RW          874    .data               system_time.o
    0x20002af7   0x00000001   PAD
    0x20002af8   0x0000000a   Data   RW          936    .data               led_manage.o
    0x20002b02   0x00000002   Data   RW         1001    .data               gpio_init.o
    0x20002b04   0x00000005   Data   RW         1074    .data               key.o
    0x20002b09   0x00000002   Data   RW         1126    .data               lis3dh_app.o
    0x20002b0b   0x00000001   PAD
    0x20002b0c   0x00000012   Data   RW         1227    .data               sht3x_driver.o
    0x20002b1e   0x00000002   Data   RW         1292    .data               lis3dh_driver.o
    0x20002b20   0x00000005   Data   RW         1408    .data               stk832x_driver.o
    0x20002b25   0x00000001   Data   RW         1550    .data               in_flash_manage.o
    0x20002b26   0x00000002   Data   RW         1674    .data               iic_io.o
    0x20002b28   0x00000004   Data   RW         1727    .data               spi_io.o
    0x20002b2c   0x00000008   Data   RW         1807    .data               simple_uart.o
    0x20002b34   0x00000008   Data   RW         2001    .data               ble_conn_params.o
    0x20002b3c   0x00000014   Data   RW         3335    .data               app_timer.o
    0x20002b50   0x00000008   Data   RW         3796    .data               nrf_fstorage_sd.o
    0x20002b58   0x00000010   Data   RW         4039    .data               app_uart.o
    0x20002b68   0x00000003   Data   RW         4146    .data               nrf_sdh.o
    0x20002b6b   0x00000001   PAD
    0x20002b6c   0x00000004   Data   RW         4299    .data               nrf_sdh_ble.o
    0x20002b70   0x00000004   Data   RW         4561    .data               system_nrf52810.o
    0x20002b74   0x00000020   Data   RW         4619    .data               dfu.lib(nrf_dfu.o)
    0x20002b94   0x00000008   Data   RW         4870    .data               dfu.lib(ble_dfu.o)
    0x20002b9c   0x0000000c   Data   RW         2274    log_dynamic_data    nrf_ble_gatt.o
    0x20002ba8   0x0000000c   Data   RW         2443    log_dynamic_data    nrf_drv_clock.o
    0x20002bb4   0x0000000c   Data   RW         2660    log_dynamic_data    nrf_drv_gpiote.o
    0x20002bc0   0x0000000c   Data   RW         2887    log_dynamic_data    nrf_drv_uart.o
    0x20002bcc   0x0000000c   Data   RW         3040    log_dynamic_data    nrf_drv_saadc.o
    0x20002bd8   0x0000000c   Data   RW         3673    log_dynamic_data    nrf_balloc.o
    0x20002be4   0x0000000c   Data   RW         4148    log_dynamic_data    nrf_sdh.o
    0x20002bf0   0x0000000c   Data   RW         4265    log_dynamic_data    nrf_sdh_soc.o
    0x20002bfc   0x0000000c   Data   RW         4301    log_dynamic_data    nrf_sdh_ble.o
    0x20002c08   0x00000028   Zero   RW          312    .bss                ble_init.o
    0x20002c30   0x00000050   Zero   RW          443    .bss                ble_adv.o
    0x20002c80   0x00000030   Zero   RW          508    .bss                periph_service.o
    0x20002cb0   0x00000130   Zero   RW          790    .bss                user_flash.o
    0x20002de0   0x00000020   Zero   RW          872    .bss                system_time.o
    0x20002e00   0x00000020   Zero   RW          934    .bss                led_manage.o
    0x20002e20   0x00000267   Zero   RW         1805    .bss                simple_uart.o
    0x20003087   0x00000001   PAD
    0x20003088   0x00000050   Zero   RW         2000    .bss                ble_conn_params.o
    0x200030d8   0x000000b8   Zero   RW         2087    .bss                ble_conn_state.o
    0x20003190   0x00000014   Zero   RW         2440    .bss                nrf_drv_clock.o
    0x200031a4   0x00000058   Zero   RW         2656    .bss                nrf_drv_gpiote.o
    0x200031fc   0x0000001c   Zero   RW         2884    .bss                nrf_drv_uart.o
    0x20003218   0x00000030   Zero   RW         3035    .bss                nrf_drv_saadc.o
    0x20003248   0x00000020   Zero   RW         3148    .bss                app_error.o
    0x20003268   0x0000016c   Zero   RW         3334    .bss                app_timer.o
    0x200033d4   0x0000000c   Zero   RW         3488    .bss                app_util_platform.o
    0x200033e0   0x000000a0   Zero   RW         3792    .bss                nrf_fstorage_sd.o
    0x20003480   0x00000010   Zero   RW         3793    .bss                nrf_fstorage_sd.o
    0x20003490   0x00000154   Zero   RW         4369    .bss                segger_rtt.o
    0x200035e4   0x00000100   Zero   RW         4503    .bss                segger_rtt_printf.o
    0x200036e4   0x0000003c   Zero   RW         4618    .bss                dfu.lib(nrf_dfu.o)
    0x20003720   0x00000800   Zero   RW         4549    STACK               arm_startup_nrf52810.o


==============================================================================

Image component sizes


      Code (inc. data)   RO Data    RW Data    ZI Data      Debug   Object Name

       124          4          0          0         32       3426   app_error.o
       300        174          0          0          0       8218   app_error_weak.o
      1648        122          0         20        364      42840   app_timer.o
       312         32         32         16          0       6575   app_uart.o
       124         14          0          0         12       8910   app_util_platform.o
        36          8        512          0       2048        828   arm_startup_nrf52810.o
        12          6          0         16          0      10330   battery_check.o
       480        176          0         24         80       4535   ble_adv.o
       402          0          0          0          0       2603   ble_bas.o
       356        112          0          9          0       4098   ble_comm.o
       672         48          8          8         80      11022   ble_conn_params.o
       292         50          8          0        184       2943   ble_conn_state.o
       230          4          0          0          0       2083   ble_data.o
      1096        332         32          2         40      17540   ble_init.o
        20          0          0          0          0       1830   ble_srv_common.o
       124         56          0          0          0       3087   driver_init.o
       528        138          4          2          0      13695   gpio_init.o
       888         58          0          2          0       5504   iic_io.o
       510         50          3          1          0       7163   in_flash_manage.o
       232         60          0          5          0       6227   key.o
       406         88          4         10         32       8346   led_manage.o
       476         90          0          2          0      10238   lis3dh_app.o
      1088         64          0          2          0       8002   lis3dh_driver.o
       240        142          0          0          0      74459   main.o
       244          0          0          0          0       4317   nrf_atfifo.o
         0          0         15         12          0       1222   nrf_balloc.o
       336          4         31         12          0      13034   nrf_ble_gatt.o
       408         40         30         12         20      36799   nrf_drv_clock.o
        56          0          0          0          0      24979   nrf_drv_common.o
      1320         98         19         12         88      27020   nrf_drv_gpiote.o
       380         22         14         12         48      12079   nrf_drv_saadc.o
      1356         48         13         12         28      28779   nrf_drv_uart.o
       450         36         40          8        176       9843   nrf_fstorage_sd.o
       764        194        104         15          0      45879   nrf_sdh.o
       540        182         76         16          0       5688   nrf_sdh_ble.o
       112         52         56         12          0       2228   nrf_sdh_soc.o
        78          0          0          0          0       2264   nrf_section_iter.o
        76         10       1035          0          0       2283   nrf_strerror.o
      1000        246         16          1         48       9113   periph_service.o
       206          0          0          0          0       4626   sdk_mapped_flags.o
       430         38          0          0        340       7906   segger_rtt.o
       910         12         16          0        256       6253   segger_rtt_printf.o
       518        104          0         18          0       4637   sht3x_driver.o
       686        128         24          8        615      15834   simple_uart.o
      1132         46          0          4          0       8562   spi_io.o
       104          0          0          0          0       3619   stk832x_app.o
       988        188          0          5          0      11911   stk832x_driver.o
       732         76          0          4          0       2651   system_nrf52810.o
       232         98          4          1         32       3069   system_time.o
       476         12          0          0          0       3068   uart_commd.o
      1068        330          0          2        304      31378   user_flash.o
        38          0          0          0          0       1330   utility.o
       100         20          0          0          0       1300   wdt.o

    ----------------------------------------------------------------------
     25374       3812       2144        288       4828     596173   Object Totals
         0          0         32          0          0          0   (incl. Generated)
        38          0         16          3          1          0   (incl. Padding)

    ----------------------------------------------------------------------

      Code (inc. data)   RO Data    RW Data    ZI Data      Debug   Library Member Name

      1222         32         16          8          0      30011   ble_dfu.o
       194          0          0          0          0       2931   fifo_bytes.o
      1566        232          0         32         60      83112   nrf_dfu.o
        58          0          0          0          0          0   __dczerorl.o
         0          0          0          0          0          0   entry.o
         0          0          0          0          0          0   entry10a.o
         0          0          0          0          0          0   entry11a.o
         8          4          0          0          0          0   entry2.o
         4          0          0          0          0          0   entry5.o
         0          0          0          0          0          0   entry7b.o
         0          0          0          0          0          0   entry8b.o
         8          4          0          0          0          0   entry9a.o
        30          0          0          0          0          0   handlers.o
        36          8          0          0          0         68   init.o
        30          0          0          0          0         68   llshl.o
        32          0          0          0          0         68   llushr.o
        26          0          0          0          0         80   memcmp.o
        36          0          0          0          0         68   memcpya.o
        36          0          0          0          0        108   memseta.o
        18          0          0          0          0         68   strcpy.o
        98          0          0          0          0         92   uldiv.o

    ----------------------------------------------------------------------
      3414        280         16         40         60     116674   Library Totals
        12          0          0          0          0          0   (incl. Padding)

    ----------------------------------------------------------------------

      Code (inc. data)   RO Data    RW Data    ZI Data      Debug   Library Name

      2982        264         16         40         60     116054   dfu.lib
       420         16          0          0          0        620   mc_w.l

    ----------------------------------------------------------------------
      3414        280         16         40         60     116674   Library Totals

    ----------------------------------------------------------------------

==============================================================================


      Code (inc. data)   RO Data    RW Data    ZI Data      Debug   

     28788       4092       2160        328       4888     696075   Grand Totals
     28788       4092       2160         60       4888     696075   ELF Image Totals (compressed)
     28788       4092       2160         60          0          0   ROM Totals

==============================================================================

    Total RO  Size (Code + RO Data)                30948 (  30.22kB)
    Total RW  Size (RW Data + ZI Data)              5216 (   5.09kB)
    Total ROM Size (Code + RO Data + RW Data)      31008 (  30.28kB)

==============================================================================

