<html>
<body>
<pre>
<h1>µVision Build Log</h1>
<h2>Tool Versions:</h2>
IDE-Version: ¦ÌVision V5.18a
Copyright (C) 2016 ARM Ltd and ARM Germany GmbH. All rights reserved.
License Information: rtgy Microsoft, Microsoft, LIC=KRMW3-AS6BM-KPIZY-IUJ42-1YVSR-1EVX7
 
Tool Versions:
Toolchain:       MDK-ARM Standard  Version: 5.18a
Toolchain Path:  D:\keil_523\ARM\ARMCC\Bin
C Compiler:      Armcc.exe V5.06 update 1 (build 61)
Assembler:       Armasm.exe V5.06 update 1 (build 61)
Linker/Locator:  ArmLink.exe V5.06 update 1 (build 61)
Library Manager: ArmAr.exe V5.06 update 1 (build 61)
Hex Converter:   FromElf.exe V5.06 update 1 (build 61)
CPU DLL:         
Dialog DLL:      
Target DLL:      Segger\JL2CM3.dll V2.99.19.0
Dialog DLL:      TCM.DLL V1.14.8.0
 
<h2>Project:</h2>
F:\MOKO_Prj\BLE_Beacon_APIS_nRF52\BLE_APIS(nRF52)\MProject\BLE_SDK.uvprojx
Project File Date:  04/19/2022

<h2>Output:</h2>
*** Using Compiler 'V5.06 update 1 (build 61)', folder: 'D:\keil_523\ARM\ARMCC\Bin'
Rebuild target 'nrf52'
compiling ble_init.c...
compiling driver_init.c...
compiling main.c...
compiling periph_service.c...
compiling ble_adv.c...
compiling ble_data.c...
compiling ble_comm.c...
compiling battery_check.c...
compiling user_flash.c...
compiling system_time.c...
compiling led_manage.c...
compiling gpio_init.c...
compiling key.c...
compiling lis3dh_app.c...
compiling stk832x_app.c...
..\moko_src\driver\stk832x_app.c(46): warning:  #111-D: statement is unreachable
  	if(get_is_have_stk832x_sta()==false)  return;
..\moko_src\driver\stk832x_app.c(38): warning:  #550-D: variable "buf"  was set but never used
  	uint8_t buf[6],buf_len;
..\moko_src\driver\stk832x_app.c: 2 warnings, 0 errors
compiling sht3x_driver.c...
compiling lis3dh_driver.c...
compiling stk832x_driver.c...
compiling in_flash_manage.c...
compiling iic_io.c...
compiling wdt.c...
compiling utility.c...
compiling spi_io.c...
compiling simple_uart.c...
compiling uart_commd.c...
compiling ble_advdata.c...
compiling ble_conn_state.c...
compiling ble_conn_params.c...
compiling ble_srv_common.c...
compiling ble_dis.c...
compiling nrf_ble_gatt.c...
compiling ble_bas.c...
compiling nrf_drv_common.c...
compiling nrf_drv_clock.c...
compiling nrf_drv_gpiote.c...
compiling nrf_drv_uart.c...
compiling nrf_drv_saadc.c...
compiling nrf_saadc.c...
compiling app_error.c...
compiling app_fifo.c...
compiling app_error_weak.c...
compiling app_util_platform.c...
compiling app_timer.c...
compiling hardfault_implementation.c...
compiling nrf_assert.c...
compiling nrf_atfifo.c...
compiling nrf_fstorage.c...
compiling nrf_balloc.c...
compiling nrf_section_iter.c...
compiling nrf_fstorage_sd.c...
compiling sdk_mapped_flags.c...
compiling retarget.c...
compiling app_uart.c...
compiling nrf_strerror.c...
compiling nrf_sdh.c...
compiling nrf_sdh_soc.c...
compiling SEGGER_RTT.c...
compiling nrf_sdh_ble.c...
assembling arm_startup_nrf52810.s...
compiling SEGGER_RTT_printf.c...
compiling system_nrf52810.c...
linking...
Program Size: Code=28788 RO-data=2160 RW-data=328 ZI-data=4888  
FromELF: creating hex file...
After Build - User command #1: .\hex2bin .\_build\ibeacon.hex
hex2bin v1.0.10, Copyright (C) 2012 Jacques Pelletier & contributors
Lowest address  = 00018000
Highest address = 0001F91F
Pad Byte        = FF
8-bit Checksum = DA
".\_build\ibeacon.axf" - 0 Error(s), 2 Warning(s).

<h2>Software Packages used:</h2>

Package Vendor: ARM
                http://www.keil.com/pack/ARM.CMSIS.4.5.0.pack
                ARM::CMSIS:CORE:4.3.0
                CMSIS (Cortex Microcontroller Software Interface Standard)
   * Component: CORE Version: 4.3.0

Package Vendor: NordicSemiconductor
                http://developer.nordicsemi.com/nRF5_SDK/pieces/nRF_DeviceFamilyPack/NordicSemiconductor.nRF_DeviceFamilyPack.8.15.0.pack
                NordicSemiconductor::Device:Startup:8.15.0
                Nordic Semiconductor nRF ARM devices Device Family Pack.
   * Component: Startup Version: 8.15.0

<h2>Collection of Component include folders:</h2>
  F:\MOKO_Prj\BLE_Beacon_APIS_nRF52\BLE_APIS(nRF52)\MProject\RTE
  D:\keil_523\ARM\PACK\ARM\CMSIS\4.5.0\CMSIS\Include
  D:\keil_523\ARM\PACK\NordicSemiconductor\nRF_DeviceFamilyPack\8.15.0\Device\Include
  D:\keil_523\ARM\PACK\NordicSemiconductor\nRF_DeviceFamilyPack\8.42.0\Device\Include

<h2>Collection of Component Files used:</h2>

   * Component: ARM::CMSIS:CORE:4.3.0

   * Component: NordicSemiconductor::Device:Startup:8.15.0
      Source file:   Device\Source\arm\arm_startup_nrf52810.s
      Source file:   Device\Source\system_nrf52810.c
      Include file:  Device\Include\system_nrf52810.h
Build Time Elapsed:  00:00:32
</pre>
</body>
</html>
