Component: ARM Compiler 5.06 update 7 (build 960) Tool: armlink [4d3601]

==============================================================================

Section Cross References

    main.o(i.assert_nrf_callback) refers to app_error.o(i.app_error_handler) for app_error_handler
    main.o(i.main) refers to segger_rtt_printf.o(i.SEGGER_RTT_printf) for SEGGER_RTT_printf
    main.o(i.main) refers to in_flash_manage.o(i.boot_to_new_appilacation) for boot_to_new_appilacation
    main.o(i.main) refers to driver_init.o(i.Platform_driver_init) for Platform_driver_init
    main.o(i.main) refers to ble_init.o(i.ble_Init) for ble_Init
    main.o(i.main) refers to driver_init.o(i.Power_manager) for Power_manager
    main.o(i.main) refers to led_manage.o(i.led_timer_manage) for led_timer_manage
    main.o(i.main) refers to uart_commd.o(i.task_process_uart_data) for task_process_uart_data
    main.o(i.main) refers to simple_uart.o(i.task_uart_manage) for task_uart_manage
    main.o(i.main) refers to nrf_dfu.o(i.task_dfu_upfile) for task_dfu_upfile
    main.o(i.main) refers to system_time.o(i.task_system_timer) for task_system_timer
    main.o(i.main) refers to user_flash.o(i.task_save_flash) for task_save_flash
    main.o(i.main) refers to wdt.o(i.Feed_WacthDog) for Feed_WacthDog
    driver_init.o(i.Platform_driver_init) refers to app_timer.o(i.app_timer_init) for app_timer_init
    driver_init.o(i.Platform_driver_init) refers to app_error.o(i.app_error_handler) for app_error_handler
    driver_init.o(i.Platform_driver_init) refers to gpio_init.o(i.user_gpio_init) for user_gpio_init
    driver_init.o(i.Platform_driver_init) refers to key.o(i.key_Init) for key_Init
    driver_init.o(i.Platform_driver_init) refers to system_time.o(i.system_timer_init) for system_timer_init
    driver_init.o(i.Platform_driver_init) refers to wdt.o(i.watchdog_init) for watchdog_init
    driver_init.o(i.Platform_driver_init) refers to led_manage.o(i.led_init) for led_init
    driver_init.o(i.Platform_driver_init) refers to sht3x_driver.o(i.sht3x_Init) for sht3x_Init
    driver_init.o(i.Platform_driver_init) refers to user_flash.o(i.read_user_flash) for read_user_flash
    driver_init.o(i.Power_manager) refers to app_error.o(i.app_error_handler) for app_error_handler
    driver_init.o(i.is_newPcb) refers to driver_init.o(i.nrf_gpio_cfg) for nrf_gpio_cfg
    driver_init.o(i.is_newPcb) refers to driver_init.o(.data) for .data
    ble_init.o(i.battery_service_Init) refers to memseta.o(.text) for __aeabi_memclr4
    ble_init.o(i.battery_service_Init) refers to battery_check.o(i.get_battery_level) for get_battery_level
    ble_init.o(i.battery_service_Init) refers to ble_bas.o(i.ble_bas_init) for ble_bas_init
    ble_init.o(i.battery_service_Init) refers to app_error.o(i.app_error_handler) for app_error_handler
    ble_init.o(i.battery_service_Init) refers to ble_init.o(.bss) for .bss
    ble_init.o(i.battery_service_Init) refers to ble_init.o(i.ble_Init) for i.ble_Init
    ble_init.o(i.ble_Init) refers to ble_init.o(i.ble_stack_init) for ble_stack_init
    ble_init.o(i.ble_Init) refers to ble_comm.o(i.ble_mac_init) for ble_mac_init
    ble_init.o(i.ble_Init) refers to app_error.o(i.app_error_handler) for app_error_handler
    ble_init.o(i.ble_Init) refers to ble_init.o(i.gatt_init) for gatt_init
    ble_init.o(i.ble_Init) refers to ble_init.o(i.battery_service_Init) for battery_service_Init
    ble_init.o(i.ble_Init) refers to nrf_dfu.o(i.dfu_transport_init) for dfu_transport_init
    ble_init.o(i.ble_Init) refers to periph_service.o(i.user_service_init) for user_service_init
    ble_init.o(i.ble_Init) refers to memseta.o(.text) for __aeabi_memclr4
    ble_init.o(i.ble_Init) refers to ble_conn_params.o(i.ble_conn_params_init) for ble_conn_params_init
    ble_init.o(i.ble_Init) refers to ble_init.o(i.on_conn_params_evt) for on_conn_params_evt
    ble_init.o(i.ble_Init) refers to ble_init.o(i.conn_params_error_handler) for conn_params_error_handler
    ble_init.o(i.ble_bas_battery_update) refers to battery_check.o(i.get_battery_level) for get_battery_level
    ble_init.o(i.ble_bas_battery_update) refers to ble_bas.o(i.ble_bas_battery_level_update) for ble_bas_battery_level_update
    ble_init.o(i.ble_bas_battery_update) refers to ble_init.o(.bss) for .bss
    ble_init.o(i.ble_evt_handler) refers to segger_rtt_printf.o(i.SEGGER_RTT_printf) for SEGGER_RTT_printf
    ble_init.o(i.ble_evt_handler) refers to ble_adv.o(i.set_ble_start) for set_ble_start
    ble_init.o(i.ble_evt_handler) refers to app_error.o(i.app_error_handler) for app_error_handler
    ble_init.o(i.ble_evt_handler) refers to memcpya.o(.text) for __aeabi_memcpy
    ble_init.o(i.ble_evt_handler) refers to ble_init.o(.data) for .data
    ble_init.o(i.ble_stack_init) refers to nrf_sdh.o(i.nrf_sdh_enable_request) for nrf_sdh_enable_request
    ble_init.o(i.ble_stack_init) refers to app_error.o(i.app_error_handler) for app_error_handler
[...]
    QDEC_IRQHandler                          0x000182fb   Thumb Code     0  arm_startup_nrf52810.o(.text)
    RADIO_IRQHandler                         0x000182fb   Thumb Code     0  arm_startup_nrf52810.o(.text)
    RNG_IRQHandler                           0x000182fb   Thumb Code     0  arm_startup_nrf52810.o(.text)
    RTC0_IRQHandler                          0x000182fb   Thumb Code     0  arm_startup_nrf52810.o(.text)
    SPIM0_SPIS0_IRQHandler                   0x000182fb   Thumb Code     0  arm_startup_nrf52810.o(.text)
    SWI1_EGU1_IRQHandler                     0x000182fb   Thumb Code     0  arm_startup_nrf52810.o(.text)
    SWI3_IRQHandler                          0x000182fb   Thumb Code     0  arm_startup_nrf52810.o(.text)
    SWI4_IRQHandler                          0x000182fb   Thumb Code     0  arm_startup_nrf52810.o(.text)
    SWI5_IRQHandler                          0x000182fb   Thumb Code     0  arm_startup_nrf52810.o(.text)
    TEMP_IRQHandler                          0x000182fb   Thumb Code     0  arm_startup_nrf52810.o(.text)
    TIMER0_IRQHandler                        0x000182fb   Thumb Code     0  arm_startup_nrf52810.o(.text)
    TIMER1_IRQHandler                        0x000182fb   Thumb Code     0  arm_startup_nrf52810.o(.text)
    TIMER2_IRQHandler                        0x000182fb   Thumb Code     0  arm_startup_nrf52810.o(.text)
    TWIM0_TWIS0_IRQHandler                   0x000182fb   Thumb Code     0  arm_startup_nrf52810.o(.text)
    WDT_IRQHandler                           0x000182fb   Thumb Code     0  arm_startup_nrf52810.o(.text)
    __aeabi_uldivmod                         0x00018305   Thumb Code    98  uldiv.o(.text)
    __aeabi_memcpy                           0x00018367   Thumb Code    36  memcpya.o(.text)
    __aeabi_memcpy4                          0x00018367   Thumb Code     0  memcpya.o(.text)
    __aeabi_memcpy8                          0x00018367   Thumb Code     0  memcpya.o(.text)
    __aeabi_memset                           0x0001838b   Thumb Code    14  memseta.o(.text)
    __aeabi_memset4                          0x0001838b   Thumb Code     0  memseta.o(.text)
    __aeabi_memset8                          0x0001838b   Thumb Code     0  memseta.o(.text)
    __aeabi_memclr                           0x00018399   Thumb Code     4  memseta.o(.text)
    __aeabi_memclr4                          0x00018399   Thumb Code     0  memseta.o(.text)
    __aeabi_memclr8                          0x00018399   Thumb Code     0  memseta.o(.text)
    _memset$wrapper                          0x0001839d   Thumb Code    18  memseta.o(.text)
    memcmp                                   0x000183af   Thumb Code    26  memcmp.o(.text)
    strcpy                                   0x000183c9   Thumb Code    18  strcpy.o(.text)
    __aeabi_llsl                             0x000183db   Thumb Code    30  llshl.o(.text)
    _ll_shift_l                              0x000183db   Thumb Code     0  llshl.o(.text)
    SWI0_EGU0_IRQHandler                     0x000183f9   Thumb Code     4  app_timer.o(i.SWI0_EGU0_IRQHandler)
    SWI2_IRQHandler                          0x000183fd   Thumb Code     4  nrf_sdh.o(i.SWI2_IRQHandler)
    version                                  0x00018400   Data           3  in_flash_manage.o(.ARM.__AT_0x00018400)
    __aeabi_llsr                             0x00018405   Thumb Code    32  llushr.o(.text)
    _ll_ushift_r                             0x00018405   Thumb Code     0  llushr.o(.text)
    __scatterload                            0x00018425   Thumb Code    28  init.o(.text)
    __scatterload_rt2                        0x00018425   Thumb Code     0  init.o(.text)
    __decompress                             0x00018449   Thumb Code     0  __dczerorl.o(.text)
    __decompress0                            0x00018449   Thumb Code    58  __dczerorl.o(.text)
    CheckAddr                                0x00018483   Thumb Code    18  in_flash_manage.o(i.CheckAddr)
    EraseBoot                                0x00018495   Thumb Code    40  in_flash_manage.o(i.EraseBoot)
    EraseBvkFlash                            0x000184c5   Thumb Code    44  nrf_dfu.o(i.EraseBvkFlash)
    Feed_WacthDog                            0x000184f1   Thumb Code    20  wdt.o(i.Feed_WacthDog)
    Flash_Erase_Page                         0x0001850d   Thumb Code    42  in_flash_manage.o(i.Flash_Erase_Page)
    Flash_Write_World                        0x0001853d   Thumb Code    32  in_flash_manage.o(i.Flash_Write_World)
    GPIOTE_IRQHandler                        0x00018561   Thumb Code   362  nrf_drv_gpiote.o(i.GPIOTE_IRQHandler)
    InflashRead                              0x000186d5   Thumb Code    20  in_flash_manage.o(i.InflashRead)
    IsRightBoard                             0x000186e9   Thumb Code    22  nrf_dfu.o(i.IsRightBoard)
    LIS3DH_FIFOModeEnable                    0x00018705   Thumb Code   358  lis3dh_driver.o(i.LIS3DH_FIFOModeEnable)
    LIS3DH_GetAccAxesRaw                     0x0001886b   Thumb Code   102  lis3dh_driver.o(i.LIS3DH_GetAccAxesRaw)
    LIS3DH_HPFAOI1Enable                     0x000188d1   Thumb Code    44  lis3dh_driver.o(i.LIS3DH_HPFAOI1Enable)
    LIS3DH_Int1LatchEnable                   0x000188fd   Thumb Code    48  lis3dh_driver.o(i.LIS3DH_Int1LatchEnable)
    LIS3DH_ReadReg                           0x0001892d   Thumb Code    64  lis3dh_driver.o(i.LIS3DH_ReadReg)
    LIS3DH_SetAxis                           0x00018975   Thumb Code    56  lis3dh_driver.o(i.LIS3DH_SetAxis)
    LIS3DH_SetFullScale                      0x000189c1   Thumb Code    48  lis3dh_driver.o(i.LIS3DH_SetFullScale)
    LIS3DH_SetInt1Pin                        0x000189f1   Thumb Code    36  lis3dh_driver.o(i.LIS3DH_SetInt1Pin)
    LIS3DH_SetMode                           0x00018a15   Thumb Code   170  lis3dh_driver.o(i.LIS3DH_SetMode)
    LIS3DH_SetODR                            0x00018ad9   Thumb Code    48  lis3dh_driver.o(i.LIS3DH_SetODR)
    LIS3DH_WriteReg                          0x00018b09   Thumb Code    50  lis3dh_driver.o(i.LIS3DH_WriteReg)
    POWER_CLOCK_IRQHandler                   0x00018ba9   Thumb Code    84  nrf_drv_clock.o(i.POWER_CLOCK_IRQHandler)
    Periph_service_send                      0x00018c01   Thumb Code   158  periph_service.o(i.Periph_service_send)
    Platform_driver_init                     0x00018d39   Thumb Code    52  driver_init.o(i.Platform_driver_init)
    Power_manager                            0x00018d89   Thumb Code    16  driver_init.o(i.Power_manager)
    RTC1_IRQHandler                          0x00018db5   Thumb Code    32  app_timer.o(i.RTC1_IRQHandler)
    SAADC_IRQHandler                         0x00018e79   Thumb Code   320  nrf_drv_saadc.o(i.SAADC_IRQHandler)
    SEGGER_RTT_Write                         0x00018fc1   Thumb Code    56  segger_rtt.o(i.SEGGER_RTT_Write)
    SEGGER_RTT_WriteNoLock                   0x00018ffd   Thumb Code    86  segger_rtt.o(i.SEGGER_RTT_WriteNoLock)
    SEGGER_RTT_printf                        0x00019059   Thumb Code    22  segger_rtt_printf.o(i.SEGGER_RTT_printf)
    SEGGER_RTT_vprintf                       0x00019071   Thumb Code   410  segger_rtt_printf.o(i.SEGGER_RTT_vprintf)
    STK832x_BANDWIDTH_SET                    0x00019211   Thumb Code    14  stk832x_driver.o(i.STK832x_BANDWIDTH_SET)
    STK832x_Check_chip_id                    0x00019221   Thumb Code    76  stk832x_driver.o(i.STK832x_Check_chip_id)
    STK832x_ESM_MODE_SET                     0x0001929d   Thumb Code    26  stk832x_driver.o(i.STK832x_ESM_MODE_SET)
    STK832x_FIFOMODE_SET                     0x000192b7   Thumb Code    14  stk832x_driver.o(i.STK832x_FIFOMODE_SET)
    STK832x_Getfifo_buf                      0x000192c5   Thumb Code   250  stk832x_driver.o(i.STK832x_Getfifo_buf)
    STK832x_INT1_SET                         0x000193d9   Thumb Code    90  stk832x_driver.o(i.STK832x_INT1_SET)
    STK832x_Init                             0x00019433   Thumb Code   100  stk832x_app.o(i.STK832x_Init)
    STK832x_Initialization                   0x00019499   Thumb Code   116  stk832x_driver.o(i.STK832x_Initialization)
    STK832x_RANGE_SET                        0x00019559   Thumb Code    14  stk832x_driver.o(i.STK832x_RANGE_SET)
    STK832x_REG_COMMAND_SET                  0x00019569   Thumb Code    44  stk832x_driver.o(i.STK832x_REG_COMMAND_SET)
    STK832x_Read_fifo_len                    0x000195b9   Thumb Code    52  stk832x_driver.o(i.STK832x_Read_fifo_len)
    STK832x_SPI_MODE_SET                     0x000195f5   Thumb Code    44  stk832x_driver.o(i.STK832x_SPI_MODE_SET)
    STK832x_Suspend_mode                     0x00019621   Thumb Code    32  stk832x_driver.o(i.STK832x_Suspend_mode)
    STK832x_read_data                        0x00019641   Thumb Code   196  stk832x_app.o(i.STK832x_read_data)
    STK832x_set_int_ths_valu                 0x0001970d   Thumb Code    22  stk832x_driver.o(i.STK832x_set_int_ths_valu)
    STK_SOFT_RESET                           0x00019723   Thumb Code    18  stk832x_driver.o(i.STK_SOFT_RESET)
    SystemInit                               0x00019735   Thumb Code   656  system_nrf52810.o(i.SystemInit)
    UARTE0_IRQHandler                        0x00019a11   Thumb Code     8  nrf_drv_uart.o(i.UARTE0_IRQHandler)
    __scatterload_copy                       0x00019d57   Thumb Code    14  handlers.o(i.__scatterload_copy)
    __scatterload_null                       0x00019d65   Thumb Code     2  handlers.o(i.__scatterload_null)
    __scatterload_zeroinit                   0x00019d67   Thumb Code    14  handlers.o(i.__scatterload_zeroinit)
    analyze_uart_data                        0x00019e21   Thumb Code   218  uart_commd.o(i.analyze_uart_data)
    app_error_fault_handler                  0x00019f01   Thumb Code   126  app_error_weak.o(i.app_error_fault_handler)
    app_error_handler                        0x0001a02d   Thumb Code    24  app_error.o(i.app_error_handler)
    app_error_save_and_stop                  0x0001a045   Thumb Code    96  app_error.o(i.app_error_save_and_stop)
    app_timer_create                         0x0001a0a9   Thumb Code    36  app_timer.o(i.app_timer_create)
    app_timer_init                           0x0001a0d1   Thumb Code    70  app_timer.o(i.app_timer_init)
    app_timer_start                          0x0001a125   Thumb Code   128  app_timer.o(i.app_timer_start)
    app_timer_stop                           0x0001a1ad   Thumb Code    26  app_timer.o(i.app_timer_stop)
    app_uart_close                           0x0001a1cd   Thumb Code    12  app_uart.o(i.app_uart_close)
    app_uart_get                             0x0001a1dd   Thumb Code    26  app_uart.o(i.app_uart_get)
    app_uart_init                            0x0001a1fd   Thumb Code   122  app_uart.o(i.app_uart_init)
    app_uart_put                             0x0001a285   Thumb Code    32  app_uart.o(i.app_uart_put)
    app_util_critical_region_enter           0x0001a2a9   Thumb Code    64  app_util_platform.o(i.app_util_critical_region_enter)
    app_util_critical_region_exit            0x0001a2f1   Thumb Code    46  app_util_platform.o(i.app_util_critical_region_exit)
    ask_save_factory                         0x0001a3ad   Thumb Code    10  user_flash.o(i.ask_save_factory)
    ble_Init                                 0x0001a599   Thumb Code   140  ble_init.o(i.ble_Init)
    ble_adv_stop                             0x0001a6dd   Thumb Code    16  ble_adv.o(i.ble_adv_stop)
    ble_bas_init                             0x0001a709   Thumb Code    68  ble_bas.o(i.ble_bas_init)
    ble_commd_analyze                        0x0001a74d   Thumb Code   152  ble_data.o(i.ble_commd_analyze)
    ble_conn_params_init                     0x0001a7e9   Thumb Code    90  ble_conn_params.o(i.ble_conn_params_init)
    ble_conn_params_stop                     0x0001a851   Thumb Code    32  ble_conn_params.o(i.ble_conn_params_stop)
    ble_dfu_init                             0x0001a875   Thumb Code   130  ble_dfu.o(i.ble_dfu_init)
    ble_dfu_on_ble_evt                       0x0001a901   Thumb Code   138  ble_dfu.o(i.ble_dfu_on_ble_evt)
    ble_dfu_pkts_rcpt_notify                 0x0001a98d   Thumb Code   106  ble_dfu.o(i.ble_dfu_pkts_rcpt_notify)
    ble_dfu_response_send                    0x0001a9fd   Thumb Code    90  ble_dfu.o(i.ble_dfu_response_send)
    ble_disconnect                           0x0001aa5d   Thumb Code    20  ble_comm.o(i.ble_disconnect)
    ble_feex_init                            0x0001ade9   Thumb Code   140  periph_service.o(i.ble_feex_init)
    ble_mac_init                             0x0001ae8d   Thumb Code    64  ble_comm.o(i.ble_mac_init)
    ble_srv_is_notification_enabled          0x0001aed5   Thumb Code     8  ble_srv_common.o(i.ble_srv_is_notification_enabled)
    ble_srv_report_ref_encode                0x0001aedd   Thumb Code    12  ble_srv_common.o(i.ble_srv_report_ref_encode)
    ble_stack_init                           0x0001aee9   Thumb Code    58  ble_init.o(i.ble_stack_init)
    boot_to_new_appilacation                 0x0001af41   Thumb Code    94  in_flash_manage.o(i.boot_to_new_appilacation)
    call_by_sys                              0x0001afa5   Thumb Code    12  nrf_dfu.o(i.call_by_sys)
    call_by_sys_flash_manage                 0x0001afb5   Thumb Code    12  in_flash_manage.o(i.call_by_sys_flash_manage)
    check_crc                                0x0001b039   Thumb Code    26  nrf_dfu.o(i.check_crc)
    check_is_right_firmware                  0x0001b059   Thumb Code     8  nrf_dfu.o(i.check_is_right_firmware)
    check_key_press                          0x0001b061   Thumb Code    52  key.o(i.check_key_press)
    check_out_data                           0x0001b09d   Thumb Code    32  nrf_dfu.o(i.check_out_data)
    clean_rx_irq                             0x0001b0c5   Thumb Code     8  gpio_init.o(i.clean_rx_irq)
    crc16_compute_dfu                        0x0001b215   Thumb Code    54  nrf_dfu.o(i.crc16_compute_dfu)
    crc_high_first                           0x0001b24d   Thumb Code    50  sht3x_driver.o(i.crc_high_first)
    delay_ms                                 0x0001b27f   Thumb Code    26  utility.o(i.delay_ms)
    delay_us                                 0x0001b299   Thumb Code    12  utility.o(i.delay_us)
    device_OnOff_manage                      0x0001b2a5   Thumb Code    94  key.o(i.device_OnOff_manage)
    dfu_prepare_space                        0x0001b469   Thumb Code     8  nrf_dfu.o(i.dfu_prepare_space)
    dfu_que_in                               0x0001b475   Thumb Code    10  nrf_dfu.o(i.dfu_que_in)
    dfu_que_init                             0x0001b485   Thumb Code    18  nrf_dfu.o(i.dfu_que_init)
    dfu_que_out                              0x0001b49d   Thumb Code    28  nrf_dfu.o(i.dfu_que_out)
    dfu_transport_callby_irq                 0x0001b55d   Thumb Code     8  nrf_dfu.o(i.dfu_transport_callby_irq)
    dfu_transport_init                       0x0001b569   Thumb Code    46  nrf_dfu.o(i.dfu_transport_init)
    dfu_write_flash                          0x0001b5c1   Thumb Code    42  nrf_dfu.o(i.dfu_write_flash)
    enable_pin_irq                           0x0001b6b9   Thumb Code   122  gpio_init.o(i.enable_pin_irq)
    flash_nvic_word_write                    0x0001b8a5   Thumb Code    36  in_flash_manage.o(i.flash_nvic_word_write)
    free                                     0x0001b8d1   Thumb Code    76  malloc.o(i.free)
    gatt_evt_handler                         0x0001b921   Thumb Code    34  ble_init.o(i.gatt_evt_handler)
    gatt_init                                0x0001b979   Thumb Code    50  ble_init.o(i.gatt_init)
    get_3dh_sensor_state                     0x0001b9d1   Thumb Code     6  lis3dh_app.o(i.get_3dh_sensor_state)
    get_battery_level                        0x0001b9dd   Thumb Code     6  battery_check.o(i.get_battery_level)
    get_device_type                          0x0001b9e9   Thumb Code    72  ble_comm.o(i.get_device_type)
    get_is_have_stk832x_sta                  0x0001ba31   Thumb Code     6  stk832x_driver.o(i.get_is_have_stk832x_sta)
    get_m_conn_handle                        0x0001ba3d   Thumb Code     6  ble_init.o(i.get_m_conn_handle)
    get_nrf52_chip_temp                      0x0001ba49   Thumb Code    36  ble_comm.o(i.get_nrf52_chip_temp)
    get_rx_irq_sta                           0x0001ba89   Thumb Code     6  gpio_init.o(i.get_rx_irq_sta)
    get_time_escape_ms                       0x0001ba95   Thumb Code    14  app_timer.o(i.get_time_escape_ms)
    hrs_iic_init                             0x0001baa5   Thumb Code    62  iic_io.o(i.hrs_iic_init)
    hrs_iic_transfer                         0x0001baed   Thumb Code   220  iic_io.o(i.hrs_iic_transfer)
    init_update                              0x0001bc4d   Thumb Code    22  nrf_dfu.o(i.init_update)
    is_ble_connect                           0x0001bc7d   Thumb Code    20  ble_init.o(i.is_ble_connect)
    key_Init                                 0x0001bcd9   Thumb Code     8  key.o(i.key_Init)
    led_ctrl                                 0x0001bce1   Thumb Code    38  led_manage.o(i.led_ctrl)
    led_init                                 0x0001bd0d   Thumb Code    12  led_manage.o(i.led_init)
    led_timer_init                           0x0001bd1d   Thumb Code    30  led_manage.o(i.led_timer_init)
    led_timer_manage                         0x0001bd65   Thumb Code   146  led_manage.o(i.led_timer_manage)
    lis3dh_init                              0x0001be45   Thumb Code   174  lis3dh_app.o(i.lis3dh_init)
    main                                     0x0001c011   Thumb Code    98  main.o(i.main)
    malloc                                   0x0001c101   Thumb Code    92  malloc.o(i.malloc)
    nrf_atfifo_item_free                     0x0001c16d   Thumb Code    22  nrf_atfifo.o(i.nrf_atfifo_item_free)
    nrf_atfifo_item_get                      0x0001c183   Thumb Code    22  nrf_atfifo.o(i.nrf_atfifo_item_get)
    nrf_ble_gatt_att_mtu_periph_set          0x0001c1a9   Thumb Code    20  nrf_ble_gatt.o(i.nrf_ble_gatt_att_mtu_periph_set)
    nrf_ble_gatt_init                        0x0001c1bd   Thumb Code    34  nrf_ble_gatt.o(i.nrf_ble_gatt_init)
    nrf_ble_gatt_on_ble_evt                  0x0001c1e1   Thumb Code   264  nrf_ble_gatt.o(i.nrf_ble_gatt_on_ble_evt)
    nrf_drv_clock_init                       0x0001c799   Thumb Code    64  nrf_drv_clock.o(i.nrf_drv_clock_init)
    nrf_drv_clock_lfclk_release              0x0001c7e1   Thumb Code    40  nrf_drv_clock.o(i.nrf_drv_clock_lfclk_release)
    nrf_drv_common_irq_enable                0x0001c80d   Thumb Code    56  nrf_drv_common.o(i.nrf_drv_common_irq_enable)
    nrf_drv_gpiote_in_event_disable          0x0001c845   Thumb Code    66  nrf_drv_gpiote.o(i.nrf_drv_gpiote_in_event_disable)
    nrf_drv_gpiote_in_event_enable           0x0001c88d   Thumb Code   156  nrf_drv_gpiote.o(i.nrf_drv_gpiote_in_event_enable)
    nrf_drv_gpiote_in_init                   0x0001c931   Thumb Code   172  nrf_drv_gpiote.o(i.nrf_drv_gpiote_in_init)
    nrf_drv_gpiote_in_uninit                 0x0001c9e9   Thumb Code    64  nrf_drv_gpiote.o(i.nrf_drv_gpiote_in_uninit)
    nrf_drv_gpiote_init                      0x0001ca31   Thumb Code    84  nrf_drv_gpiote.o(i.nrf_drv_gpiote_init)
    nrf_drv_gpiote_is_init                   0x0001ca8d   Thumb Code    14  nrf_drv_gpiote.o(i.nrf_drv_gpiote_is_init)
    nrf_drv_uart_init                        0x0001cab1   Thumb Code   134  nrf_drv_uart.o(i.nrf_drv_uart_init)
    nrf_drv_uart_rx                          0x0001cb41   Thumb Code   106  nrf_drv_uart.o(i.nrf_drv_uart_rx)
    nrf_drv_uart_rx_enable                   0x0001cbb1   Thumb Code     2  nrf_drv_uart.o(i.nrf_drv_uart_rx_enable)
    nrf_drv_uart_tx                          0x0001cc6d   Thumb Code   160  nrf_drv_uart.o(i.nrf_drv_uart_tx)
    nrf_drv_uart_tx_in_progress              0x0001cd11   Thumb Code    22  nrf_drv_uart.o(i.nrf_drv_uart_tx_in_progress)
    nrf_drv_uart_uninit                      0x0001cd2d   Thumb Code   158  nrf_drv_uart.o(i.nrf_drv_uart_uninit)
    nrf_fstorage_sdh_req_handler             0x0001cdd5   Thumb Code    18  nrf_fstorage_sd.o(i.nrf_fstorage_sdh_req_handler)
    nrf_fstorage_sdh_state_handler           0x0001cded   Thumb Code    28  nrf_fstorage_sd.o(i.nrf_fstorage_sdh_state_handler)
    nrf_fstorage_sys_evt_handler             0x0001ce0d   Thumb Code   150  nrf_fstorage_sd.o(i.nrf_fstorage_sys_evt_handler)
    nrf_sdh_ble_app_ram_start_get            0x0001d065   Thumb Code    18  nrf_sdh_ble.o(i.nrf_sdh_ble_app_ram_start_get)
    nrf_sdh_ble_default_cfg_set              0x0001d07d   Thumb Code   152  nrf_sdh_ble.o(i.nrf_sdh_ble_default_cfg_set)
    nrf_sdh_ble_enable                       0x0001d115   Thumb Code    78  nrf_sdh_ble.o(i.nrf_sdh_ble_enable)
    nrf_sdh_disable_request                  0x0001d271   Thumb Code    54  nrf_sdh.o(i.nrf_sdh_disable_request)
    nrf_sdh_enable_request                   0x0001d2ad   Thumb Code    72  nrf_sdh.o(i.nrf_sdh_enable_request)
    nrf_sdh_evts_poll                        0x0001d301   Thumb Code    32  nrf_sdh.o(i.nrf_sdh_evts_poll)
    nrf_sdh_is_enabled                       0x0001d325   Thumb Code     6  nrf_sdh.o(i.nrf_sdh_is_enabled)
    nrf_sdh_request_continue                 0x0001d331   Thumb Code    22  nrf_sdh.o(i.nrf_sdh_request_continue)
    nrf_section_iter_init                    0x0001d3bd   Thumb Code    10  nrf_section_iter.o(i.nrf_section_iter_init)
    nrf_section_iter_next                    0x0001d3eb   Thumb Code    32  nrf_section_iter.o(i.nrf_section_iter_next)
    nrf_strerror_find                        0x0001d42d   Thumb Code    52  nrf_strerror.o(i.nrf_strerror_find)
    nrf_strerror_get                         0x0001d465   Thumb Code    14  nrf_strerror.o(i.nrf_strerror_get)
    nus_send_cmd                             0x0001d48f   Thumb Code    74  ble_data.o(i.nus_send_cmd)
    on_dfu_pkt_write                         0x0001d6b1   Thumb Code    48  nrf_dfu.o(i.on_dfu_pkt_write)
    periph_service_on_ble_evt                0x0001d6e5   Thumb Code    64  periph_service.o(i.periph_service_on_ble_evt)
    pin_irq_handle                           0x0001d759   Thumb Code    82  gpio_init.o(i.pin_irq_handle)
    queue_dt_delete                          0x0001d7f5   Thumb Code    44  fifo_bytes.o(i.queue_dt_delete)
    queue_dt_in                              0x0001d821   Thumb Code    84  fifo_bytes.o(i.queue_dt_in)
    queue_dt_init                            0x0001d875   Thumb Code    22  fifo_bytes.o(i.queue_dt_init)
    queue_dt_out                             0x0001d88b   Thumb Code    44  fifo_bytes.o(i.queue_dt_out)
    read_factory_flash                       0x0001d961   Thumb Code    62  user_flash.o(i.read_factory_flash)
    read_user_flash                          0x0001d9ad   Thumb Code   130  user_flash.o(i.read_user_flash)
    save_user_flash                          0x0001dae1   Thumb Code     8  user_flash.o(i.save_user_flash)
    sdk_mapped_flags_bulk_update_by_key      0x0001dbe1   Thumb Code    68  sdk_mapped_flags.o(i.sdk_mapped_flags_bulk_update_by_key)
    sdk_mapped_flags_first_key_index_get     0x0001dc25   Thumb Code    34  sdk_mapped_flags.o(i.sdk_mapped_flags_first_key_index_get)
    sdk_mapped_flags_key_list_get            0x0001dc57   Thumb Code    74  sdk_mapped_flags.o(i.sdk_mapped_flags_key_list_get)
    sdk_mapped_flags_update_by_key           0x0001dca1   Thumb Code    14  sdk_mapped_flags.o(i.sdk_mapped_flags_update_by_key)
    set_ble_mac                              0x0001dced   Thumb Code    74  ble_comm.o(i.set_ble_mac)
    set_ble_start                            0x0001dd5d   Thumb Code     8  ble_adv.o(i.set_ble_start)
    sht30_read_reg                           0x0001dd69   Thumb Code    44  sht3x_driver.o(i.sht30_read_reg)
    sht30_write_reg                          0x0001dd95   Thumb Code    28  sht3x_driver.o(i.sht30_write_reg)
    sht3x_Init                               0x0001ddb1   Thumb Code   140  sht3x_driver.o(i.sht3x_Init)
    simple_uart_init                         0x0001de69   Thumb Code    58  simple_uart.o(i.simple_uart_init)
    software_spi00_receiver_buf              0x0001dfd1   Thumb Code    24  spi_io.o(i.software_spi00_receiver_buf)
    software_spi00_receiver_dat              0x0001dfe9   Thumb Code   402  spi_io.o(i.software_spi00_receiver_dat)
    software_spi00_send_dat                  0x0001e189   Thumb Code   514  spi_io.o(i.software_spi00_send_dat)
    software_spi_init                        0x0001e399   Thumb Code    82  spi_io.o(i.software_spi_init)
    start_uart                               0x0001e451   Thumb Code    80  simple_uart.o(i.start_uart)
    system_timer_init                        0x0001e54d   Thumb Code    30  system_time.o(i.system_timer_init)
    system_timer_start                       0x0001e599   Thumb Code    34  system_time.o(i.system_timer_start)
    task_ble_adv_start                       0x0001e5e5   Thumb Code    36  ble_adv.o(i.task_ble_adv_start)
    task_ble_tx_power                        0x0001e60d   Thumb Code    34  ble_comm.o(i.task_ble_tx_power)
    task_check_uart_timeout                  0x0001e655   Thumb Code    24  simple_uart.o(i.task_check_uart_timeout)
    task_dfu_upfile                          0x0001e671   Thumb Code   608  nrf_dfu.o(i.task_dfu_upfile)
    task_process_uart_data                   0x0001e901   Thumb Code   272  uart_commd.o(i.task_process_uart_data)
    task_read_3dh                            0x0001ea1d   Thumb Code    74  lis3dh_app.o(i.task_read_3dh)
    task_read_sht3x                          0x0001ea8d   Thumb Code   152  sht3x_driver.o(i.task_read_sht3x)
    task_save_flash                          0x0001eb61   Thumb Code   118  user_flash.o(i.task_save_flash)
    task_system_timer                        0x0001ec31   Thumb Code    60  system_time.o(i.task_system_timer)
    task_uart_manage                         0x0001ec71   Thumb Code    60  simple_uart.o(i.task_uart_manage)
    uart_send                                0x0001f135   Thumb Code    48  simple_uart.o(i.uart_send)
    uart_send_cmd                            0x0001f165   Thumb Code   124  uart_commd.o(i.uart_send_cmd)
    user_gpio_init                           0x0001f405   Thumb Code    40  gpio_init.o(i.user_gpio_init)
    user_service_init                        0x0001f461   Thumb Code    30  periph_service.o(i.user_service_init)
    wait_after_operation                     0x0001f4a9   Thumb Code    34  in_flash_manage.o(i.wait_after_operation)
    watchdog_init                            0x0001f4d1   Thumb Code    60  wdt.o(i.watchdog_init)
    write_factory_flash                      0x0001f519   Thumb Code    50  user_flash.o(i.write_factory_flash)
    write_user_flash                         0x0001f559   Thumb Code   108  user_flash.o(i.write_user_flash)
    m_ram_start                              0x0001f80c   Data           4  nrf_sdh_ble.o(.constdata)
    Region$$Table$$Base                      0x0001fb8c   Number         0  anon$$obj.o(Region$$Table)
    Region$$Table$$Limit                     0x0001fbac   Number         0  anon$$obj.o(Region$$Table)
    m_nrf_log_ble_gatt_logs_data_const       0x0001fbac   Data           8  nrf_ble_gatt.o(log_const_data)
    m_nrf_log_clock_logs_data_const          0x0001fbb4   Data           8  nrf_drv_clock.o(log_const_data)
    m_nrf_log_gpiote_logs_data_const         0x0001fbbc   Data           8  nrf_drv_gpiote.o(log_const_data)
    m_nrf_log_uart_logs_data_const           0x0001fbc4   Data           8  nrf_drv_uart.o(log_const_data)
    m_nrf_log_saadc_logs_data_const          0x0001fbcc   Data           8  nrf_drv_saadc.o(log_const_data)
    m_nrf_log_balloc_logs_data_const         0x0001fbd4   Data           8  nrf_balloc.o(log_const_data)
    m_nrf_log_nrf_sdh_logs_data_const        0x0001fbdc   Data           8  nrf_sdh.o(log_const_data)
    m_nrf_log_nrf_sdh_soc_logs_data_const    0x0001fbe4   Data           8  nrf_sdh_soc.o(log_const_data)
    m_nrf_log_nrf_sdh_ble_logs_data_const    0x0001fbec   Data           8  nrf_sdh_ble.o(log_const_data)
    sdh_ble_observers0$$Base                 0x0001fbf4   Number         0  ble_conn_state.o(sdh_ble_observers0)
    sdh_ble_observers0$$Limit                0x0001fbfc   Number         0  ble_conn_state.o(sdh_ble_observers0)
    sdh_ble_observers1$$Base                 0x0001fbfc   Number         0  ble_init.o(sdh_ble_observers1)
    sdh_ble_observers1$$Limit                0x0001fc0c   Number         0  ble_conn_params.o(sdh_ble_observers1)
    sdh_ble_observers3$$Base                 0x0001fc0c   Number         0  ble_init.o(sdh_ble_observers3)
    m_req_obs                                0x0001fc14   Data           8  nrf_fstorage_sd.o(sdh_req_observers0)
    sdh_ble_observers3$$Limit                0x0001fc14   Number         0  ble_init.o(sdh_ble_observers3)
    sdh_req_observers0$$Base                 0x0001fc14   Number         0  nrf_fstorage_sd.o(sdh_req_observers0)
    sdh_req_observers0$$Limit                0x0001fc1c   Number         0  nrf_fstorage_sd.o(sdh_req_observers0)
    sdh_soc_observers0$$Base                 0x0001fc1c   Number         0  ble_init.o(sdh_soc_observers0)
    sdh_soc_observers0$$Limit                0x0001fc3c   Number         0  nrf_fstorage_sd.o(sdh_soc_observers0)
    sdh_stack_observers0$$Base               0x0001fc3c   Number         0  nrf_sdh_soc.o(sdh_stack_observers0)
    sdh_stack_observers0$$Limit              0x0001fc4c   Number         0  nrf_sdh_ble.o(sdh_stack_observers0)
    sdh_state_observers0$$Base               0x0001fc4c   Number         0  nrf_drv_clock.o(sdh_state_observers0)
    sdh_state_observers0$$Limit              0x0001fc5c   Number         0  nrf_fstorage_sd.o(sdh_state_observers0)
    Image$$RW_IRAM1$$Base                    0x20002ac0   Number         0  anon$$obj.o ABSOLUTE
    m_conn_handle                            0x20002ac0   Data           2  ble_init.o(.data)
    beacon_infor                             0x20002ac5   Data          21  ble_adv.o(.data)
    c_hvn_tx_complete                        0x20002ada   Data           1  periph_service.o(.data)
    m_device_addr                            0x20002add   Data           7  ble_comm.o(.data)
    avg_sample                               0x20002aec   Data           4  battery_check.o(.data)
    busy_ms                                  0x20002af0   Data           4  battery_check.o(.data)
    key_press_flg                            0x20002b03   Data           1  gpio_init.o(.data)
    Temp_valu                                0x20002b14   Data           4  sht3x_driver.o(.data)
    Hum_valu                                 0x20002b18   Data           4  sht3x_driver.o(.data)
    TemHum_buf                               0x20002b1c   Data           6  sht3x_driver.o(.data)
    last_index                               0x20002b25   Data           1  stk832x_driver.o(.data)
    sda_hrs                                  0x20002b2a   Data           1  iic_io.o(.data)
    scl_hrs                                  0x20002b2b   Data           1  iic_io.o(.data)
    end_addr                                 0x20002b70   Data           4  nrf_sdh_ble.o(.data)
    SystemCoreClock                          0x20002b74   Data           4  system_nrf52810.o(.data)
    StuQueuedfu                              0x20002b90   Data           8  nrf_dfu.o(.data)
    __microlib_freelist                      0x20002ba0   Data           4  mvars.o(.data)
    __microlib_freelist_initialised          0x20002ba4   Data           4  mvars.o(.data)
    m_nrf_log_ble_gatt_logs_data_dynamic     0x20002ba8   Data          12  nrf_ble_gatt.o(log_dynamic_data)
    m_nrf_log_clock_logs_data_dynamic        0x20002bb4   Data          12  nrf_drv_clock.o(log_dynamic_data)
    m_nrf_log_gpiote_logs_data_dynamic       0x20002bc0   Data          12  nrf_drv_gpiote.o(log_dynamic_data)
    m_nrf_log_uart_logs_data_dynamic         0x20002bcc   Data          12  nrf_drv_uart.o(log_dynamic_data)
    m_nrf_log_saadc_logs_data_dynamic        0x20002bd8   Data          12  nrf_drv_saadc.o(log_dynamic_data)
    m_nrf_log_balloc_logs_data_dynamic       0x20002be4   Data          12  nrf_balloc.o(log_dynamic_data)
    m_nrf_log_nrf_sdh_logs_data_dynamic      0x20002bf0   Data          12  nrf_sdh.o(log_dynamic_data)
    m_nrf_log_nrf_sdh_soc_logs_data_dynamic  0x20002bfc   Data          12  nrf_sdh_soc.o(log_dynamic_data)
    m_nrf_log_nrf_sdh_ble_logs_data_dynamic  0x20002c08   Data          12  nrf_sdh_ble.o(log_dynamic_data)
    m_feex_servive                           0x20002c8c   Data          48  periph_service.o(.bss)
    read_flash_buf                           0x20002cbc   Data         104  user_flash.o(.bss)
    flash_write_buf                          0x20002d24   Data         104  user_flash.o(.bss)
    StuHis                                   0x20002d8c   Data          96  user_flash.o(.bss)
    stk_axes                                 0x20002e2c   Data          60  stk832x_app.o(.bss)
    nrf_nvic_state                           0x2000341c   Data          12  app_util_platform.o(.bss)
    _SEGGER_RTT                              0x200035e4   Data          72  segger_rtt.o(.bss)
    IapFlg                                   0x2000372c   Data          12  nrf_dfu.o(.bss)
    __heap_base                              0x20003768   Data           0  arm_startup_nrf52810.o(HEAP)
    __heap_limit                             0x20003f68   Data           0  arm_startup_nrf52810.o(HEAP)
    __initial_sp                             0x20004768   Data           0  arm_startup_nrf52810.o(STACK)



==============================================================================

Memory Map of the image

  Image Entry point : 0x00018201

  Load Region LR_IROM1 (Base: 0x00018000, Size: 0x00007db0, Max: 0x0000a000, ABSOLUTE, COMPRESSED[0x00007c9c])

    Execution Region ER_IROM1 (Exec base: 0x00018000, Load base: 0x00018000, Size: 0x00007c5c, Max: 0x0000a000, ABSOLUTE)

    Exec Addr    Load Addr    Size         Type   Attr      Idx    E Section Name        Object

    0x00018000   0x00018000   0x00000200   Data   RO         4553    RESET               arm_startup_nrf52810.o
    0x00018200   0x00018200   0x00000000   Code   RO         5057  * .ARM.Collect$$$$00000000  mc_w.l(entry.o)
    0x00018200   0x00018200   0x00000004   Code   RO         5102    .ARM.Collect$$$$00000001  mc_w.l(entry2.o)
    0x00018204   0x00018204   0x00000004   Code   RO         5105    .ARM.Collect$$$$00000004  mc_w.l(entry5.o)
    0x00018208   0x00018208   0x00000000   Code   RO         5107    .ARM.Collect$$$$00000008  mc_w.l(entry7b.o)
    0x00018208   0x00018208   0x00000000   Code   RO         5109    .ARM.Collect$$$$0000000A  mc_w.l(entry8b.o)
    0x00018208   0x00018208   0x00000008   Code   RO         5110    .ARM.Collect$$$$0000000B  mc_w.l(entry9a.o)
    0x00018210   0x00018210   0x00000004   Code   RO         5117    .ARM.Collect$$$$0000000E  mc_w.l(entry12b.o)
    0x00018214   0x00018214   0x00000000   Code   RO         5112    .ARM.Collect$$$$0000000F  mc_w.l(entry10a.o)
    0x00018214   0x00018214   0x00000000   Code   RO         5114    .ARM.Collect$$$$00000011  mc_w.l(entry11a.o)
    0x00018214   0x00018214   0x00000004   Code   RO         5103    .ARM.Collect$$$$00002712  mc_w.l(entry2.o)
    0x00018218   0x00018218   0x000000c8   Code   RO         3597    .emb_text           nrf_atfifo.o
    0x000182e0   0x000182e0   0x00000024   Code   RO         4554    .text               arm_startup_nrf52810.o
    0x00018304   0x00018304   0x00000062   Code   RO         5060    .text               mc_w.l(uldiv.o)
    0x00018366   0x00018366   0x00000024   Code   RO         5062    .text               mc_w.l(memcpya.o)
    0x0001838a   0x0001838a   0x00000024   Code   RO         5064    .text               mc_w.l(memseta.o)
    0x000183ae   0x000183ae   0x0000001a   Code   RO         5068    .text               mc_w.l(memcmp.o)
    0x000183c8   0x000183c8   0x00000012   Code   RO         5070    .text               mc_w.l(strcpy.o)
    0x000183da   0x000183da   0x0000001e   Code   RO         5118    .text               mc_w.l(llshl.o)
    0x000183f8   0x000183f8   0x00000004   Code   RO         3314    i.SWI0_EGU0_IRQHandler  app_timer.o
    0x000183fc   0x000183fc   0x00000004   Code   RO         4126    i.SWI2_IRQHandler   nrf_sdh.o
    0x00018400   0x00018400   0x00000003   Data   RO         1549    .ARM.__AT_0x00018400  in_flash_manage.o
    0x00018403   0x00018403   0x00000001   PAD
    0x00018404   0x00018404   0x00000020   Code   RO         5120    .text               mc_w.l(llushr.o)
    0x00018424   0x00018424   0x00000024   Code   RO         5124    .text               mc_w.l(init.o)
    0x00018448   0x00018448   0x0000003a   Code   RO         5134    .text               mc_w.l(__dczerorl.o)
    0x00018482   0x00018482   0x00000012   Code   RO         1535    i.CheckAddr         in_flash_manage.o
    0x00018494   0x00018494   0x00000030   Code   RO         1536    i.EraseBoot         in_flash_manage.o
    0x000184c4   0x000184c4   0x0000002c   Code   RO         4597    i.EraseBvkFlash     dfu.lib(nrf_dfu.o)
    0x000184f0   0x000184f0   0x0000001c   Code   RO         1638    i.Feed_WacthDog     wdt.o
    0x0001850c   0x0001850c   0x00000030   Code   RO         1537    i.Flash_Erase_Page  in_flash_manage.o
    0x0001853c   0x0001853c   0x00000024   Code   RO         1539    i.Flash_Write_World  in_flash_manage.o
    0x00018560   0x00018560   0x00000174   Code   RO         2622    i.GPIOTE_IRQHandler  nrf_drv_gpiote.o
    0x000186d4   0x000186d4   0x00000014   Code   RO         1540    i.InflashRead       in_flash_manage.o
    0x000186e8   0x000186e8   0x0000001c   Code   RO         4598    i.IsRightBoard      dfu.lib(nrf_dfu.o)
    0x00018704   0x00018704   0x00000166   Code   RO         1277    i.LIS3DH_FIFOModeEnable  lis3dh_driver.o
    0x0001886a   0x0001886a   0x00000066   Code   RO         1278    i.LIS3DH_GetAccAxesRaw  lis3dh_driver.o
    0x000188d0   0x000188d0   0x0000002c   Code   RO         1279    i.LIS3DH_HPFAOI1Enable  lis3dh_driver.o
    0x000188fc   0x000188fc   0x00000030   Code   RO         1280    i.LIS3DH_Int1LatchEnable  lis3dh_driver.o
    0x0001892c   0x0001892c   0x00000048   Code   RO         1281    i.LIS3DH_ReadReg    lis3dh_driver.o
    0x00018974   0x00018974   0x0000004c   Code   RO         1282    i.LIS3DH_SetAxis    lis3dh_driver.o
    0x000189c0   0x000189c0   0x00000030   Code   RO         1286    i.LIS3DH_SetFullScale  lis3dh_driver.o
    0x000189f0   0x000189f0   0x00000024   Code   RO         1287    i.LIS3DH_SetInt1Pin  lis3dh_driver.o
    0x00018a14   0x00018a14   0x000000c4   Code   RO         1288    i.LIS3DH_SetMode    lis3dh_driver.o
    0x00018ad8   0x00018ad8   0x00000030   Code   RO         1289    i.LIS3DH_SetODR     lis3dh_driver.o
    0x00018b08   0x00018b08   0x0000003c   Code   RO         1291    i.LIS3DH_WriteReg   lis3dh_driver.o
    0x00018b44   0x00018b44   0x00000016   Code   RO         3309    i.NVIC_ClearPendingIRQ  app_timer.o
    0x00018b5a   0x00018b5a   0x00000016   Code   RO         3310    i.NVIC_EnableIRQ    app_timer.o
    0x00018b70   0x00018b70   0x00000016   Code   RO         3311    i.NVIC_SetPendingIRQ  app_timer.o
    0x00018b86   0x00018b86   0x00000020   Code   RO         3312    i.NVIC_SetPriority  app_timer.o
    0x00018ba6   0x00018ba6   0x00000002   PAD
    0x00018ba8   0x00018ba8   0x00000058   Code   RO         2420    i.POWER_CLOCK_IRQHandler  nrf_drv_clock.o
    0x00018c00   0x00018c00   0x00000138   Code   RO          502    i.Periph_service_send  periph_service.o
    0x00018d38   0x00018d38   0x00000050   Code   RO          206    i.Platform_driver_init  driver_init.o
    0x00018d88   0x00018d88   0x0000002c   Code   RO          207    i.Power_manager     driver_init.o
    0x00018db4   0x00018db4   0x00000024   Code   RO         3313    i.RTC1_IRQHandler   app_timer.o
    0x00018dd8   0x00018dd8   0x0000004c   Code   RO         1387    i.ReadAccRegister   stk832x_driver.o
    0x00018e24   0x00018e24   0x00000054   Code   RO         1388    i.ReadMultiRegister  stk832x_driver.o
    0x00018e78   0x00018e78   0x00000148   Code   RO         3026    i.SAADC_IRQHandler  nrf_drv_saadc.o
    0x00018fc0   0x00018fc0   0x0000003c   Code   RO         4362    i.SEGGER_RTT_Write  segger_rtt.o
    0x00018ffc   0x00018ffc   0x0000005c   Code   RO         4363    i.SEGGER_RTT_WriteNoLock  segger_rtt.o
    0x00019058   0x00019058   0x00000016   Code   RO         4500    i.SEGGER_RTT_printf  segger_rtt_printf.o
    0x0001906e   0x0001906e   0x00000002   PAD
    0x00019070   0x00019070   0x000001a0   Code   RO         4501    i.SEGGER_RTT_vprintf  segger_rtt_printf.o
    0x00019210   0x00019210   0x0000000e   Code   RO         1389    i.STK832x_BANDWIDTH_SET  stk832x_driver.o
    0x0001921e   0x0001921e   0x00000002   PAD
    0x00019220   0x00019220   0x0000007c   Code   RO         1390    i.STK832x_Check_chip_id  stk832x_driver.o
    0x0001929c   0x0001929c   0x0000001a   Code   RO         1391    i.STK832x_ESM_MODE_SET  stk832x_driver.o
    0x000192b6   0x000192b6   0x0000000e   Code   RO         1392    i.STK832x_FIFOMODE_SET  stk832x_driver.o
    0x000192c4   0x000192c4   0x00000114   Code   RO         1393    i.STK832x_Getfifo_buf  stk832x_driver.o
    0x000193d8   0x000193d8   0x0000005a   Code   RO         1394    i.STK832x_INT1_SET  stk832x_driver.o
    0x00019432   0x00019432   0x00000064   Code   RO         1178    i.STK832x_Init      stk832x_app.o
    0x00019496   0x00019496   0x00000002   PAD
    0x00019498   0x00019498   0x000000c0   Code   RO         1395    i.STK832x_Initialization  stk832x_driver.o
    0x00019558   0x00019558   0x0000000e   Code   RO         1396    i.STK832x_RANGE_SET  stk832x_driver.o
    0x00019566   0x00019566   0x00000002   PAD
    0x00019568   0x00019568   0x00000050   Code   RO         1397    i.STK832x_REG_COMMAND_SET  stk832x_driver.o
    0x000195b8   0x000195b8   0x0000003c   Code   RO         1398    i.STK832x_Read_fifo_len  stk832x_driver.o
    0x000195f4   0x000195f4   0x0000002c   Code   RO         1399    i.STK832x_SPI_MODE_SET  stk832x_driver.o
    0x00019620   0x00019620   0x00000020   Code   RO         1400    i.STK832x_Suspend_mode  stk832x_driver.o
    0x00019640   0x00019640   0x000000cc   Code   RO         1179    i.STK832x_read_data  stk832x_app.o
    0x0001970c   0x0001970c   0x00000016   Code   RO         1401    i.STK832x_set_int_ths_valu  stk832x_driver.o
    0x00019722   0x00019722   0x00000012   Code   RO         1402    i.STK_SOFT_RESET    stk832x_driver.o
    0x00019734   0x00019734   0x000002dc   Code   RO         4562    i.SystemInit        system_nrf52810.o
    0x00019a10   0x00019a10   0x00000010   Code   RO         2863    i.UARTE0_IRQHandler  nrf_drv_uart.o
    0x00019a20   0x00019a20   0x00000044   Code   RO         1403    i.WriteAccRegister  stk832x_driver.o
    0x00019a64   0x00019a64   0x00000068   Code   RO         4366    i._DoInit           segger_rtt.o
    0x00019acc   0x00019acc   0x00000016   Code   RO         4367    i._GetAvailWriteSpace  segger_rtt.o
    0x00019ae2   0x00019ae2   0x00000002   PAD
    0x00019ae4   0x00019ae4   0x000000c6   Code   RO         4502    i._PrintInt         segger_rtt_printf.o
    0x00019baa   0x00019baa   0x00000002   PAD
    0x00019bac   0x00019bac   0x000000d4   Code   RO         4503    i._PrintUnsigned    segger_rtt_printf.o
    0x00019c80   0x00019c80   0x0000003e   Code   RO         4504    i._StoreChar        segger_rtt_printf.o
    0x00019cbe   0x00019cbe   0x0000005a   Code   RO         4369    i._WriteBlocking    segger_rtt.o
    0x00019d18   0x00019d18   0x0000003e   Code   RO         4370    i._WriteNoCheck     segger_rtt.o
    0x00019d56   0x00019d56   0x0000000e   Code   RO         5128    i.__scatterload_copy  mc_w.l(handlers.o)
    0x00019d64   0x00019d64   0x00000002   Code   RO         5129    i.__scatterload_null  mc_w.l(handlers.o)
    0x00019d66   0x00019d66   0x0000000e   Code   RO         5130    i.__scatterload_zeroinit  mc_w.l(handlers.o)
    0x00019d74   0x00019d74   0x00000024   Code   RO         4127    i.__sd_nvic_app_accessible_irq  nrf_sdh.o
    0x00019d98   0x00019d98   0x00000016   Code   RO         4128    i.__sd_nvic_is_app_accessible_priority  nrf_sdh.o
    0x00019dae   0x00019dae   0x00000002   PAD
    0x00019db0   0x00019db0   0x00000070   Code   RO          436    i.adv_data_padding  ble_adv.o
    0x00019e20   0x00019e20   0x000000e0   Code   RO         1873    i.analyze_uart_data  uart_commd.o
    0x00019f00   0x00019f00   0x0000012c   Code   RO         3187    i.app_error_fault_handler  app_error_weak.o
    0x0001a02c   0x0001a02c   0x00000018   Code   RO         3147    i.app_error_handler  app_error.o
    0x0001a044   0x0001a044   0x00000064   Code   RO         3149    i.app_error_save_and_stop  app_error.o
    0x0001a0a8   0x0001a0a8   0x00000028   Code   RO         3317    i.app_timer_create  app_timer.o
    0x0001a0d0   0x0001a0d0   0x00000054   Code   RO         3318    i.app_timer_init    app_timer.o
    0x0001a124   0x0001a124   0x00000088   Code   RO         3321    i.app_timer_start   app_timer.o
    0x0001a1ac   0x0001a1ac   0x00000020   Code   RO         3322    i.app_timer_stop    app_timer.o
    0x0001a1cc   0x0001a1cc   0x00000010   Code   RO         4034    i.app_uart_close    app_uart.o
    0x0001a1dc   0x0001a1dc   0x00000020   Code   RO         4036    i.app_uart_get      app_uart.o
    0x0001a1fc   0x0001a1fc   0x00000088   Code   RO         4037    i.app_uart_init     app_uart.o
    0x0001a284   0x0001a284   0x00000024   Code   RO         4038    i.app_uart_put      app_uart.o
    0x0001a2a8   0x0001a2a8   0x00000048   Code   RO         3484    i.app_util_critical_region_enter  app_util_platform.o
    0x0001a2f0   0x0001a2f0   0x00000034   Code   RO         3485    i.app_util_critical_region_exit  app_util_platform.o
    0x0001a324   0x0001a324   0x00000088   Code   RO         2864    i.apply_config      nrf_drv_uart.o
    0x0001a3ac   0x0001a3ac   0x00000010   Code   RO          781    i.ask_save_factory  user_flash.o
    0x0001a3bc   0x0001a3bc   0x0000014e   Code   RO         2379    i.battery_level_char_add  ble_bas.o
    0x0001a50a   0x0001a50a   0x00000002   PAD
    0x0001a50c   0x0001a50c   0x0000008c   Code   RO          300    i.battery_service_Init  ble_init.o
    0x0001a598   0x0001a598   0x000000b0   Code   RO          301    i.ble_Init          ble_init.o
    0x0001a648   0x0001a648   0x00000094   Code   RO          437    i.ble_adv_start     ble_adv.o
    0x0001a6dc   0x0001a6dc   0x0000002c   Code   RO          438    i.ble_adv_stop      ble_adv.o
    0x0001a708   0x0001a708   0x00000044   Code   RO         2381    i.ble_bas_init      ble_bas.o
    0x0001a74c   0x0001a74c   0x0000009c   Code   RO          583    i.ble_commd_analyze  ble_data.o
    0x0001a7e8   0x0001a7e8   0x00000068   Code   RO         1994    i.ble_conn_params_init  ble_conn_params.o
    0x0001a850   0x0001a850   0x00000024   Code   RO         1995    i.ble_conn_params_stop  ble_conn_params.o
    0x0001a874   0x0001a874   0x0000008c   Code   RO         4922    i.ble_dfu_init      dfu.lib(ble_dfu.o)
    0x0001a900   0x0001a900   0x0000008a   Code   RO         4923    i.ble_dfu_on_ble_evt  dfu.lib(ble_dfu.o)
    0x0001a98a   0x0001a98a   0x00000002   PAD
    0x0001a98c   0x0001a98c   0x00000070   Code   RO         4924    i.ble_dfu_pkts_rcpt_notify  dfu.lib(ble_dfu.o)
    0x0001a9fc   0x0001a9fc   0x00000060   Code   RO         4925    i.ble_dfu_response_send  dfu.lib(ble_dfu.o)
    0x0001aa5c   0x0001aa5c   0x00000014   Code   RO          626    i.ble_disconnect    ble_comm.o
    0x0001aa70   0x0001aa70   0x00000158   Code   RO          303    i.ble_evt_handler   ble_init.o
    0x0001abc8   0x0001abc8   0x000000fc   Code   RO         1996    i.ble_evt_handler   ble_conn_params.o
    0x0001acc4   0x0001acc4   0x00000124   Code   RO         2087    i.ble_evt_handler   ble_conn_state.o
    0x0001ade8   0x0001ade8   0x000000a4   Code   RO          503    i.ble_feex_init     periph_service.o
    0x0001ae8c   0x0001ae8c   0x00000048   Code   RO          627    i.ble_mac_init      ble_comm.o
    0x0001aed4   0x0001aed4   0x00000008   Code   RO         2210    i.ble_srv_is_notification_enabled  ble_srv_common.o
    0x0001aedc   0x0001aedc   0x0000000c   Code   RO         2211    i.ble_srv_report_ref_encode  ble_srv_common.o
    0x0001aee8   0x0001aee8   0x00000058   Code   RO          304    i.ble_stack_init    ble_init.o
    0x0001af40   0x0001af40   0x00000064   Code   RO         1541    i.boot_to_new_appilacation  in_flash_manage.o
    0x0001afa4   0x0001afa4   0x00000010   Code   RO         4600    i.call_by_sys       dfu.lib(nrf_dfu.o)
    0x0001afb4   0x0001afb4   0x00000010   Code   RO         1542    i.call_by_sys_flash_manage  in_flash_manage.o
    0x0001afc4   0x0001afc4   0x0000001c   Code   RO         2623    i.channel_free      nrf_drv_gpiote.o
    0x0001afe0   0x0001afe0   0x00000048   Code   RO         2624    i.channel_port_alloc  nrf_drv_gpiote.o
    0x0001b028   0x0001b028   0x00000010   Code   RO         2625    i.channel_port_get  nrf_drv_gpiote.o
    0x0001b038   0x0001b038   0x00000020   Code   RO         4601    i.check_crc         dfu.lib(nrf_dfu.o)
    0x0001b058   0x0001b058   0x00000008   Code   RO         4602    i.check_is_right_firmware  dfu.lib(nrf_dfu.o)
    0x0001b060   0x0001b060   0x0000003c   Code   RO         1069    i.check_key_press   key.o
    0x0001b09c   0x0001b09c   0x00000028   Code   RO         4603    i.check_out_data    dfu.lib(nrf_dfu.o)
    0x0001b0c4   0x0001b0c4   0x0000000c   Code   RO          994    i.clean_rx_irq      gpio_init.o
    0x0001b0d0   0x0001b0d0   0x00000028   Code   RO         2421    i.clock_clk_started_notify  nrf_drv_clock.o
    0x0001b0f8   0x0001b0f8   0x000000ac   Code   RO         3324    i.compare_reg_update  app_timer.o
    0x0001b1a4   0x0001b1a4   0x00000028   Code   RO          305    i.conn_params_error_handler  ble_init.o
    0x0001b1cc   0x0001b1cc   0x00000048   Code   RO         1997    i.conn_params_negotiation  ble_conn_params.o
    0x0001b214   0x0001b214   0x00000036   Code   RO         4604    i.crc16_compute_dfu  dfu.lib(nrf_dfu.o)
    0x0001b24a   0x0001b24a   0x00000002   PAD
    0x0001b24c   0x0001b24c   0x00000032   Code   RO         1221    i.crc_high_first    sht3x_driver.o
    0x0001b27e   0x0001b27e   0x0000001a   Code   RO         1775    i.delay_ms          utility.o
    0x0001b298   0x0001b298   0x0000000c   Code   RO         1776    i.delay_us          utility.o
    0x0001b2a4   0x0001b2a4   0x0000008c   Code   RO         1070    i.device_OnOff_manage  key.o
    0x0001b330   0x0001b330   0x0000009c   Code   RO         4926    i.dfu_ctrl_pt_add   dfu.lib(ble_dfu.o)
    0x0001b3cc   0x0001b3cc   0x0000009c   Code   RO         4927    i.dfu_pkt_char_add  dfu.lib(ble_dfu.o)
    0x0001b468   0x0001b468   0x0000000c   Code   RO         4605    i.dfu_prepare_space  dfu.lib(nrf_dfu.o)
    0x0001b474   0x0001b474   0x00000010   Code   RO         4606    i.dfu_que_in        dfu.lib(nrf_dfu.o)
    0x0001b484   0x0001b484   0x00000018   Code   RO         4607    i.dfu_que_init      dfu.lib(nrf_dfu.o)
    0x0001b49c   0x0001b49c   0x00000020   Code   RO         4608    i.dfu_que_out       dfu.lib(nrf_dfu.o)
    0x0001b4bc   0x0001b4bc   0x0000009e   Code   RO         4928    i.dfu_rev_char_add  dfu.lib(ble_dfu.o)
    0x0001b55a   0x0001b55a   0x00000002   PAD
    0x0001b55c   0x0001b55c   0x0000000c   Code   RO         4609    i.dfu_transport_callby_irq  dfu.lib(nrf_dfu.o)
    0x0001b568   0x0001b568   0x00000058   Code   RO         4610    i.dfu_transport_init  dfu.lib(nrf_dfu.o)
    0x0001b5c0   0x0001b5c0   0x00000030   Code   RO         4611    i.dfu_write_flash   dfu.lib(nrf_dfu.o)
    0x0001b5f0   0x0001b5f0   0x00000040   Code   RO         3325    i.elapsed_ticks_acquire  app_timer.o
    0x0001b630   0x0001b630   0x00000088   Code   RO          504    i.enable_feex_ccfg  periph_service.o
    0x0001b6b8   0x0001b6b8   0x000000a4   Code   RO          995    i.enable_pin_irq    gpio_init.o
    0x0001b75c   0x0001b75c   0x0000004e   Code   RO         3781    i.event_send        nrf_fstorage_sd.o
    0x0001b7aa   0x0001b7aa   0x000000f8   Code   RO          505    i.feex_char_add     periph_service.o
    0x0001b8a2   0x0001b8a2   0x00000002   PAD
    0x0001b8a4   0x0001b8a4   0x0000002c   Code   RO         1543    i.flash_nvic_word_write  in_flash_manage.o
    0x0001b8d0   0x0001b8d0   0x00000050   Code   RO         5074    i.free              mc_w.l(malloc.o)
    0x0001b920   0x0001b920   0x00000058   Code   RO          306    i.gatt_evt_handler  ble_init.o
    0x0001b978   0x0001b978   0x00000058   Code   RO          307    i.gatt_init         ble_init.o
    0x0001b9d0   0x0001b9d0   0x0000000c   Code   RO         1122    i.get_3dh_sensor_state  lis3dh_app.o
    0x0001b9dc   0x0001b9dc   0x0000000c   Code   RO          697    i.get_battery_level  battery_check.o
    0x0001b9e8   0x0001b9e8   0x00000048   Code   RO          628    i.get_device_type   ble_comm.o
    0x0001ba30   0x0001ba30   0x0000000c   Code   RO         1404    i.get_is_have_stk832x_sta  stk832x_driver.o
    0x0001ba3c   0x0001ba3c   0x0000000c   Code   RO          308    i.get_m_conn_handle  ble_init.o
    0x0001ba48   0x0001ba48   0x00000040   Code   RO          629    i.get_nrf52_chip_temp  ble_comm.o
    0x0001ba88   0x0001ba88   0x0000000c   Code   RO          996    i.get_rx_irq_sta    gpio_init.o
    0x0001ba94   0x0001ba94   0x0000000e   Code   RO         3326    i.get_time_escape_ms  app_timer.o
    0x0001baa2   0x0001baa2   0x00000002   PAD
    0x0001baa4   0x0001baa4   0x00000048   Code   RO         1668    i.hrs_iic_init      iic_io.o
    0x0001baec   0x0001baec   0x000000e4   Code   RO         1669    i.hrs_iic_transfer  iic_io.o
    0x0001bbd0   0x0001bbd0   0x00000040   Code   RO          439    i.iBeacon_adv_pack_set  ble_adv.o
    0x0001bc10   0x0001bc10   0x0000003c   Code   RO          440    i.iBeacon_rsp_pack_set  ble_adv.o
    0x0001bc4c   0x0001bc4c   0x0000001c   Code   RO         4612    i.init_update       dfu.lib(nrf_dfu.o)
    0x0001bc68   0x0001bc68   0x00000014   Code   RO         1998    i.instance_get      ble_conn_params.o
    0x0001bc7c   0x0001bc7c   0x00000018   Code   RO          309    i.is_ble_connect    ble_init.o
    0x0001bc94   0x0001bc94   0x00000044   Code   RO         1999    i.is_conn_params_ok  ble_conn_params.o
    0x0001bcd8   0x0001bcd8   0x00000008   Code   RO         1072    i.key_Init          key.o
    0x0001bce0   0x0001bce0   0x0000002c   Code   RO          927    i.led_ctrl          led_manage.o
    0x0001bd0c   0x0001bd0c   0x00000010   Code   RO          928    i.led_init          led_manage.o
    0x0001bd1c   0x0001bd1c   0x00000048   Code   RO          929    i.led_timer_init    led_manage.o
    0x0001bd64   0x0001bd64   0x00000098   Code   RO          930    i.led_timer_manage  led_manage.o
    0x0001bdfc   0x0001bdfc   0x00000010   Code   RO          931    i.led_timer_timeout  led_manage.o
    0x0001be0c   0x0001be0c   0x00000028   Code   RO         2424    i.lfclk_stop        nrf_drv_clock.o
    0x0001be34   0x0001be34   0x0000000e   Code   RO         2267    i.link_init         nrf_ble_gatt.o
    0x0001be42   0x0001be42   0x00000002   PAD
    0x0001be44   0x0001be44   0x000000d4   Code   RO         1123    i.lis3dh_init       lis3dh_app.o
    0x0001bf18   0x0001bf18   0x000000f8   Code   RO         3327    i.list_insertions_handler  app_timer.o
    0x0001c010   0x0001c010   0x000000f0   Code   RO            5    i.main              main.o
    0x0001c100   0x0001c100   0x0000006c   Code   RO         5075    i.malloc            mc_w.l(malloc.o)
    0x0001c16c   0x0001c16c   0x00000016   Code   RO         3603    i.nrf_atfifo_item_free  nrf_atfifo.o
    0x0001c182   0x0001c182   0x00000016   Code   RO         3604    i.nrf_atfifo_item_get  nrf_atfifo.o
    0x0001c198   0x0001c198   0x00000010   Code   RO         2626    i.nrf_bitmask_bit_is_set  nrf_drv_gpiote.o
    0x0001c1a8   0x0001c1a8   0x00000014   Code   RO         2269    i.nrf_ble_gatt_att_mtu_periph_set  nrf_ble_gatt.o
    0x0001c1bc   0x0001c1bc   0x00000022   Code   RO         2271    i.nrf_ble_gatt_init  nrf_ble_gatt.o
    0x0001c1de   0x0001c1de   0x00000002   PAD
    0x0001c1e0   0x0001c1e0   0x0000010c   Code   RO         2272    i.nrf_ble_gatt_on_ble_evt  nrf_ble_gatt.o
    0x0001c2ec   0x0001c2ec   0x0000000e   Code   RO         2425    i.nrf_clock_event_check  nrf_drv_clock.o
    0x0001c2fa   0x0001c2fa   0x00000010   Code   RO         2426    i.nrf_clock_event_clear  nrf_drv_clock.o
    0x0001c30a   0x0001c30a   0x00000012   Code   RO         1405    i.nrf_delay_ms      stk832x_driver.o
    0x0001c31c   0x0001c31c   0x0000000a   Code   RO         4613    i.nrf_delay_ms      dfu.lib(nrf_dfu.o)
    0x0001c326   0x0001c326   0x00000002   PAD
    0x0001c328   0x0001c328   0x0000008c   Code   RO          782    i.nrf_delay_us      user_flash.o
    0x0001c3b4   0x0001c3b4   0x0000008c   Code   RO          997    i.nrf_delay_us      gpio_init.o
    0x0001c440   0x0001c440   0x0000008c   Code   RO         1124    i.nrf_delay_us      lis3dh_app.o
    0x0001c4cc   0x0001c4cc   0x0000009c   Code   RO         1406    i.nrf_delay_us      stk832x_driver.o
    0x0001c568   0x0001c568   0x0000008c   Code   RO         1544    i.nrf_delay_us      in_flash_manage.o
    0x0001c5f4   0x0001c5f4   0x0000008c   Code   RO         1874    i.nrf_delay_us      uart_commd.o
    0x0001c680   0x0001c680   0x0000008c   Code   RO         3328    i.nrf_delay_us      app_timer.o
    0x0001c70c   0x0001c70c   0x0000008c   Code   RO         4614    i.nrf_delay_us      dfu.lib(nrf_dfu.o)
    0x0001c798   0x0001c798   0x00000048   Code   RO         2433    i.nrf_drv_clock_init  nrf_drv_clock.o
    0x0001c7e0   0x0001c7e0   0x0000002c   Code   RO         2437    i.nrf_drv_clock_lfclk_release  nrf_drv_clock.o
    0x0001c80c   0x0001c80c   0x00000038   Code   RO         2586    i.nrf_drv_common_irq_enable  nrf_drv_common.o
    0x0001c844   0x0001c844   0x00000048   Code   RO         2630    i.nrf_drv_gpiote_in_event_disable  nrf_drv_gpiote.o
    0x0001c88c   0x0001c88c   0x000000a4   Code   RO         2631    i.nrf_drv_gpiote_in_event_enable  nrf_drv_gpiote.o
    0x0001c930   0x0001c930   0x000000b8   Code   RO         2632    i.nrf_drv_gpiote_in_init  nrf_drv_gpiote.o
    0x0001c9e8   0x0001c9e8   0x00000048   Code   RO         2634    i.nrf_drv_gpiote_in_uninit  nrf_drv_gpiote.o
    0x0001ca30   0x0001ca30   0x0000005c   Code   RO         2635    i.nrf_drv_gpiote_init  nrf_drv_gpiote.o
    0x0001ca8c   0x0001ca8c   0x00000014   Code   RO         2636    i.nrf_drv_gpiote_is_init  nrf_drv_gpiote.o
    0x0001caa0   0x0001caa0   0x00000010   Code   RO         2865    i.nrf_drv_is_in_RAM  nrf_drv_uart.o
    0x0001cab0   0x0001cab0   0x00000090   Code   RO         2867    i.nrf_drv_uart_init  nrf_drv_uart.o
    0x0001cb40   0x0001cb40   0x00000070   Code   RO         2868    i.nrf_drv_uart_rx   nrf_drv_uart.o
    0x0001cbb0   0x0001cbb0   0x00000002   Code   RO         2871    i.nrf_drv_uart_rx_enable  nrf_drv_uart.o
    0x0001cbb2   0x0001cbb2   0x00000002   PAD
    0x0001cbb4   0x0001cbb4   0x000000b8   Code   RO         2872    i.nrf_drv_uart_rx_for_uarte  nrf_drv_uart.o
    0x0001cc6c   0x0001cc6c   0x000000a4   Code   RO         2874    i.nrf_drv_uart_tx   nrf_drv_uart.o
    0x0001cd10   0x0001cd10   0x0000001c   Code   RO         2876    i.nrf_drv_uart_tx_in_progress  nrf_drv_uart.o
    0x0001cd2c   0x0001cd2c   0x000000a8   Code   RO         2877    i.nrf_drv_uart_uninit  nrf_drv_uart.o
    0x0001cdd4   0x0001cdd4   0x00000018   Code   RO         3784    i.nrf_fstorage_sdh_req_handler  nrf_fstorage_sd.o
    0x0001cdec   0x0001cdec   0x00000020   Code   RO         3785    i.nrf_fstorage_sdh_state_handler  nrf_fstorage_sd.o
    0x0001ce0c   0x0001ce0c   0x000000a4   Code   RO         3786    i.nrf_fstorage_sys_evt_handler  nrf_fstorage_sd.o
    0x0001ceb0   0x0001ceb0   0x00000028   Code   RO         1721    i.nrf_gpio_cfg      spi_io.o
    0x0001ced8   0x0001ced8   0x00000024   Code   RO         2650    i.nrf_gpio_cfg      nrf_drv_gpiote.o
    0x0001cefc   0x0001cefc   0x00000024   Code   RO         2878    i.nrf_gpio_cfg      nrf_drv_uart.o
    0x0001cf20   0x0001cf20   0x00000012   Code   RO         2651    i.nrf_gpio_cfg_default  nrf_drv_gpiote.o
    0x0001cf32   0x0001cf32   0x00000012   Code   RO         2879    i.nrf_gpio_cfg_default  nrf_drv_uart.o
    0x0001cf44   0x0001cf44   0x00000014   Code   RO         1796    i.nrf_gpio_cfg_input  simple_uart.o
    0x0001cf58   0x0001cf58   0x00000012   Code   RO         2880    i.nrf_gpio_cfg_input  nrf_drv_uart.o
    0x0001cf6a   0x0001cf6a   0x00000018   Code   RO         1722    i.nrf_gpio_cfg_output  spi_io.o
    0x0001cf82   0x0001cf82   0x00000014   Code   RO         2881    i.nrf_gpio_cfg_output  nrf_drv_uart.o
    0x0001cf96   0x0001cf96   0x00000022   Code   RO         2652    i.nrf_gpio_cfg_sense_set  nrf_drv_gpiote.o
    0x0001cfb8   0x0001cfb8   0x00000016   Code   RO          932    i.nrf_gpio_pin_write  led_manage.o
    0x0001cfce   0x0001cfce   0x00000016   Code   RO         4615    i.nrf_gpio_pin_write  dfu.lib(nrf_dfu.o)
    0x0001cfe4   0x0001cfe4   0x00000028   Code   RO         2653    i.nrf_gpio_ports_read  nrf_drv_gpiote.o
    0x0001d00c   0x0001d00c   0x00000014   Code   RO         2654    i.nrf_gpiote_event_clear  nrf_drv_gpiote.o
    0x0001d020   0x0001d020   0x00000010   Code   RO         2655    i.nrf_gpiote_event_is_set  nrf_drv_gpiote.o
    0x0001d030   0x0001d030   0x00000010   Code   RO         3033    i.nrf_saadc_buffer_init  nrf_drv_saadc.o
    0x0001d040   0x0001d040   0x00000010   Code   RO         3035    i.nrf_saadc_event_check  nrf_drv_saadc.o
    0x0001d050   0x0001d050   0x00000014   Code   RO         3036    i.nrf_saadc_event_clear  nrf_drv_saadc.o
    0x0001d064   0x0001d064   0x00000018   Code   RO         4294    i.nrf_sdh_ble_app_ram_start_get  nrf_sdh_ble.o
    0x0001d07c   0x0001d07c   0x00000098   Code   RO         4295    i.nrf_sdh_ble_default_cfg_set  nrf_sdh_ble.o
    0x0001d114   0x0001d114   0x000000c4   Code   RO         4296    i.nrf_sdh_ble_enable  nrf_sdh_ble.o
    0x0001d1d8   0x0001d1d8   0x00000098   Code   RO         4297    i.nrf_sdh_ble_evts_poll  nrf_sdh_ble.o
    0x0001d270   0x0001d270   0x0000003c   Code   RO         4129    i.nrf_sdh_disable_request  nrf_sdh.o
    0x0001d2ac   0x0001d2ac   0x00000054   Code   RO         4130    i.nrf_sdh_enable_request  nrf_sdh.o
    0x0001d300   0x0001d300   0x00000024   Code   RO         4131    i.nrf_sdh_evts_poll  nrf_sdh.o
    0x0001d324   0x0001d324   0x0000000c   Code   RO         4132    i.nrf_sdh_is_enabled  nrf_sdh.o
    0x0001d330   0x0001d330   0x0000001c   Code   RO         4134    i.nrf_sdh_request_continue  nrf_sdh.o
    0x0001d34c   0x0001d34c   0x00000070   Code   RO         4262    i.nrf_sdh_soc_evts_poll  nrf_sdh_soc.o
    0x0001d3bc   0x0001d3bc   0x0000000a   Code   RO         3896    i.nrf_section_iter_init  nrf_section_iter.o
    0x0001d3c6   0x0001d3c6   0x00000024   Code   RO         3897    i.nrf_section_iter_item_set  nrf_section_iter.o
    0x0001d3ea   0x0001d3ea   0x00000020   Code   RO         3898    i.nrf_section_iter_next  nrf_section_iter.o
    0x0001d40a   0x0001d40a   0x00000002   PAD
    0x0001d40c   0x0001d40c   0x00000020   Code   RO          310    i.nrf_stack_evt     ble_init.o
    0x0001d42c   0x0001d42c   0x00000038   Code   RO         4093    i.nrf_strerror_find  nrf_strerror.o
    0x0001d464   0x0001d464   0x00000014   Code   RO         4094    i.nrf_strerror_get  nrf_strerror.o
    0x0001d478   0x0001d478   0x0000000a   Code   RO         2882    i.nrf_uarte_event_check  nrf_drv_uart.o
    0x0001d482   0x0001d482   0x0000000c   Code   RO         2883    i.nrf_uarte_event_clear  nrf_drv_uart.o
    0x0001d48e   0x0001d48e   0x0000004a   Code   RO          584    i.nus_send_cmd      ble_data.o
    0x0001d4d8   0x0001d4d8   0x00000040   Code   RO          311    i.on_conn_params_evt  ble_init.o
    0x0001d518   0x0001d518   0x000000f8   Code   RO         4929    i.on_ctrl_pt_write  dfu.lib(ble_dfu.o)
    0x0001d610   0x0001d610   0x000000a0   Code   RO         4616    i.on_dfu_evt        dfu.lib(nrf_dfu.o)
    0x0001d6b0   0x0001d6b0   0x00000034   Code   RO         4617    i.on_dfu_pkt_write  dfu.lib(nrf_dfu.o)
    0x0001d6e4   0x0001d6e4   0x00000044   Code   RO          506    i.periph_service_on_ble_evt  periph_service.o
    0x0001d728   0x0001d728   0x00000018   Code   RO         2656    i.pin_in_use_by_port  nrf_drv_gpiote.o
    0x0001d740   0x0001d740   0x00000018   Code   RO         2657    i.pin_in_use_by_te  nrf_drv_gpiote.o
    0x0001d758   0x0001d758   0x0000009c   Code   RO          998    i.pin_irq_handle    gpio_init.o
    0x0001d7f4   0x0001d7f4   0x0000002c   Code   RO         5021    i.queue_dt_delete   dfu.lib(fifo_bytes.o)
    0x0001d820   0x0001d820   0x00000054   Code   RO         5022    i.queue_dt_in       dfu.lib(fifo_bytes.o)
    0x0001d874   0x0001d874   0x00000016   Code   RO         5023    i.queue_dt_init     dfu.lib(fifo_bytes.o)
    0x0001d88a   0x0001d88a   0x0000002c   Code   RO         5024    i.queue_dt_out      dfu.lib(fifo_bytes.o)
    0x0001d8b6   0x0001d8b6   0x00000002   PAD
    0x0001d8b8   0x0001d8b8   0x00000098   Code   RO         3787    i.queue_process     nrf_fstorage_sd.o
    0x0001d950   0x0001d950   0x00000010   Code   RO         4298    i.ram_end_address_get  nrf_sdh_ble.o
    0x0001d960   0x0001d960   0x0000004c   Code   RO          783    i.read_factory_flash  user_flash.o
    0x0001d9ac   0x0001d9ac   0x000000e0   Code   RO          784    i.read_user_flash   user_flash.o
    0x0001da8c   0x0001da8c   0x0000003c   Code   RO         3329    i.rtc1_stop         app_timer.o
    0x0001dac8   0x0001dac8   0x00000018   Code   RO         2884    i.rx_done_event     nrf_drv_uart.o
    0x0001dae0   0x0001dae0   0x0000000c   Code   RO          785    i.save_user_flash   user_flash.o
    0x0001daec   0x0001daec   0x00000042   Code   RO         4137    i.sd_nvic_SetPriority  nrf_sdh.o
    0x0001db2e   0x0001db2e   0x00000002   PAD
    0x0001db30   0x0001db30   0x00000054   Code   RO         2440    i.sd_state_evt_handler  nrf_drv_clock.o
    0x0001db84   0x0001db84   0x00000030   Code   RO         4138    i.sdh_request_observer_notify  nrf_sdh.o
    0x0001dbb4   0x0001dbb4   0x0000002c   Code   RO         4139    i.sdh_state_observer_notify  nrf_sdh.o
    0x0001dbe0   0x0001dbe0   0x00000044   Code   RO         3969    i.sdk_mapped_flags_bulk_update_by_key  sdk_mapped_flags.o
    0x0001dc24   0x0001dc24   0x00000022   Code   RO         3970    i.sdk_mapped_flags_first_key_index_get  sdk_mapped_flags.o
    0x0001dc46   0x0001dc46   0x00000010   Code   RO         3971    i.sdk_mapped_flags_get_by_index  sdk_mapped_flags.o
    0x0001dc56   0x0001dc56   0x0000004a   Code   RO         3974    i.sdk_mapped_flags_key_list_get  sdk_mapped_flags.o
    0x0001dca0   0x0001dca0   0x0000000e   Code   RO         3976    i.sdk_mapped_flags_update_by_key  sdk_mapped_flags.o
    0x0001dcae   0x0001dcae   0x00000002   PAD
    0x0001dcb0   0x0001dcb0   0x00000010   Code   RO         2000    i.send_error_evt    ble_conn_params.o
    0x0001dcc0   0x0001dcc0   0x0000002c   Code   RO         4618    i.service_error_handler  dfu.lib(nrf_dfu.o)
    0x0001dcec   0x0001dcec   0x00000070   Code   RO          630    i.set_ble_mac       ble_comm.o
    0x0001dd5c   0x0001dd5c   0x0000000c   Code   RO          441    i.set_ble_start     ble_adv.o
    0x0001dd68   0x0001dd68   0x0000002c   Code   RO         1223    i.sht30_read_reg    sht3x_driver.o
    0x0001dd94   0x0001dd94   0x0000001c   Code   RO         1224    i.sht30_write_reg   sht3x_driver.o
    0x0001ddb0   0x0001ddb0   0x000000b8   Code   RO         1225    i.sht3x_Init        sht3x_driver.o
    0x0001de68   0x0001de68   0x00000074   Code   RO         1797    i.simple_uart_init  simple_uart.o
    0x0001dedc   0x0001dedc   0x0000000a   Code   RO         2441    i.soc_evt_handler   nrf_drv_clock.o
    0x0001dee6   0x0001dee6   0x00000002   PAD
    0x0001dee8   0x0001dee8   0x00000068   Code   RO         4140    i.softdevice_evt_irq_disable  nrf_sdh.o
    0x0001df50   0x0001df50   0x00000080   Code   RO         4141    i.softdevices_evt_irq_enable  nrf_sdh.o
    0x0001dfd0   0x0001dfd0   0x00000018   Code   RO         1723    i.software_spi00_receiver_buf  spi_io.o
    0x0001dfe8   0x0001dfe8   0x000001a0   Code   RO         1724    i.software_spi00_receiver_dat  spi_io.o
    0x0001e188   0x0001e188   0x00000210   Code   RO         1725    i.software_spi00_send_dat  spi_io.o
    0x0001e398   0x0001e398   0x00000064   Code   RO         1726    i.software_spi_init  spi_io.o
    0x0001e3fc   0x0001e3fc   0x00000054   Code   RO          933    i.start_timer       led_manage.o
    0x0001e450   0x0001e450   0x0000007c   Code   RO         1799    i.start_uart        simple_uart.o
    0x0001e4cc   0x0001e4cc   0x00000018   Code   RO         1073    i.stop_adv_mode     key.o
    0x0001e4e4   0x0001e4e4   0x0000005c   Code   RO         4142    i.swi_interrupt_priority_workaround  nrf_sdh.o
    0x0001e540   0x0001e540   0x0000000c   Code   RO          867    i.system_timer_Hand  system_time.o
    0x0001e54c   0x0001e54c   0x0000004c   Code   RO          868    i.system_timer_init  system_time.o
    0x0001e598   0x0001e598   0x0000004c   Code   RO          869    i.system_timer_start  system_time.o
    0x0001e5e4   0x0001e5e4   0x00000028   Code   RO          442    i.task_ble_adv_start  ble_adv.o
    0x0001e60c   0x0001e60c   0x00000048   Code   RO          632    i.task_ble_tx_power  ble_comm.o
    0x0001e654   0x0001e654   0x0000001c   Code   RO         1800    i.task_check_uart_timeout  simple_uart.o
    0x0001e670   0x0001e670   0x00000290   Code   RO         4619    i.task_dfu_upfile   dfu.lib(nrf_dfu.o)
    0x0001e900   0x0001e900   0x0000011c   Code   RO         1875    i.task_process_uart_data  uart_commd.o
    0x0001ea1c   0x0001ea1c   0x00000070   Code   RO         1125    i.task_read_3dh     lis3dh_app.o
    0x0001ea8c   0x0001ea8c   0x000000d4   Code   RO         1226    i.task_read_sht3x   sht3x_driver.o
    0x0001eb60   0x0001eb60   0x000000d0   Code   RO          786    i.task_save_flash   user_flash.o
    0x0001ec30   0x0001ec30   0x00000040   Code   RO          871    i.task_system_timer  system_time.o
    0x0001ec70   0x0001ec70   0x00000040   Code   RO         1801    i.task_uart_manage  simple_uart.o
    0x0001ecb0   0x0001ecb0   0x00000080   Code   RO         3330    i.timer_list_handler  app_timer.o
    0x0001ed30   0x0001ed30   0x0000003c   Code   RO         3331    i.timer_list_insert  app_timer.o
    0x0001ed6c   0x0001ed6c   0x00000060   Code   RO         3332    i.timer_list_remove  app_timer.o
    0x0001edcc   0x0001edcc   0x00000048   Code   RO         3333    i.timer_stop_op_schedule  app_timer.o
    0x0001ee14   0x0001ee14   0x00000074   Code   RO         3334    i.timer_timeouts_check  app_timer.o
    0x0001ee88   0x0001ee88   0x0000009c   Code   RO         1670    i.twi_master_clear_bus  iic_io.o
    0x0001ef24   0x0001ef24   0x000000bc   Code   RO         1671    i.twi_master_clock_byte  iic_io.o
    0x0001efe0   0x0001efe0   0x000000a8   Code   RO         1672    i.twi_master_clock_byte_in  iic_io.o
    0x0001f088   0x0001f088   0x0000004c   Code   RO         1673    i.twi_master_wait_while_scl_low  iic_io.o
    0x0001f0d4   0x0001f0d4   0x00000002   Code   RO         1802    i.uart_error_handle  simple_uart.o
    0x0001f0d6   0x0001f0d6   0x00000002   PAD
    0x0001f0d8   0x0001f0d8   0x0000005c   Code   RO         4039    i.uart_event_handler  app_uart.o
    0x0001f134   0x0001f134   0x00000030   Code   RO         1803    i.uart_send         simple_uart.o
    0x0001f164   0x0001f164   0x0000007c   Code   RO         1876    i.uart_send_cmd     uart_commd.o
    0x0001f1e0   0x0001f1e0   0x000000f8   Code   RO         2885    i.uarte_irq_handler  nrf_drv_uart.o
    0x0001f2d8   0x0001f2d8   0x00000012   Code   RO         4930    i.uint32_encode     dfu.lib(ble_dfu.o)
    0x0001f2ea   0x0001f2ea   0x00000002   PAD
    0x0001f2ec   0x0001f2ec   0x00000068   Code   RO         2001    i.update_timeout_handler  ble_conn_params.o
    0x0001f354   0x0001f354   0x000000b0   Code   RO          787    i.user_data_init    user_flash.o
    0x0001f404   0x0001f404   0x0000002c   Code   RO          999    i.user_gpio_init    gpio_init.o
    0x0001f430   0x0001f430   0x00000030   Code   RO         3335    i.user_op_alloc     app_timer.o
    0x0001f460   0x0001f460   0x00000048   Code   RO          507    i.user_service_init  periph_service.o
    0x0001f4a8   0x0001f4a8   0x00000028   Code   RO         1548    i.wait_after_operation  in_flash_manage.o
    0x0001f4d0   0x0001f4d0   0x00000048   Code   RO         1639    i.watchdog_init     wdt.o
    0x0001f518   0x0001f518   0x00000040   Code   RO          788    i.write_factory_flash  user_flash.o
    0x0001f558   0x0001f558   0x00000098   Code   RO          789    i.write_user_flash  user_flash.o
    0x0001f5f0   0x0001f5f0   0x00000010   Data   RO          509    .constdata          periph_service.o
    0x0001f600   0x0001f600   0x00000004   Data   RO          873    .constdata          system_time.o
    0x0001f604   0x0001f604   0x00000004   Data   RO          935    .constdata          led_manage.o
    0x0001f608   0x0001f608   0x00000004   Data   RO         1000    .constdata          gpio_init.o
    0x0001f60c   0x0001f60c   0x00000018   Data   RO         1805    .constdata          simple_uart.o
    0x0001f624   0x0001f624   0x0000000e   Data   RO         2273    .constdata          nrf_ble_gatt.o
    0x0001f632   0x0001f632   0x00000002   PAD
    0x0001f634   0x0001f634   0x00000004   Data   RO         2659    .constdata          nrf_drv_gpiote.o
    0x0001f638   0x0001f638   0x00000010   Data   RO         3796    .constdata          nrf_fstorage_sd.o
    0x0001f648   0x0001f648   0x00000020   Data   RO         4040    .constdata          app_uart.o
    0x0001f668   0x0001f668   0x00000104   Data   RO         4095    .constdata          nrf_strerror.o
    0x0001f76c   0x0001f76c   0x00000010   Data   RO         4143    .constdata          nrf_sdh.o
    0x0001f77c   0x0001f77c   0x00000028   Data   RO         4144    .constdata          nrf_sdh.o
    0x0001f7a4   0x0001f7a4   0x00000010   Data   RO         4145    .constdata          nrf_sdh.o
    0x0001f7b4   0x0001f7b4   0x00000010   Data   RO         4146    .constdata          nrf_sdh.o
    0x0001f7c4   0x0001f7c4   0x00000010   Data   RO         4263    .constdata          nrf_sdh_soc.o
    0x0001f7d4   0x0001f7d4   0x0000000c   Data   RO         4264    .constdata          nrf_sdh_soc.o
    0x0001f7e0   0x0001f7e0   0x00000030   Data   RO         4299    .constdata          nrf_sdh_ble.o
    0x0001f810   0x0001f810   0x00000010   Data   RO         4506    .constdata          segger_rtt_printf.o
    0x0001f820   0x0001f820   0x00000010   Data   RO         4931    .constdata          dfu.lib(ble_dfu.o)
    0x0001f830   0x0001f830   0x00000307   Data   RO         4096    .conststring        nrf_strerror.o
    0x0001fb37   0x0001fb37   0x00000001   PAD
    0x0001fb38   0x0001fb38   0x00000009   Data   RO         2274    .conststrlit        nrf_ble_gatt.o
    0x0001fb41   0x0001fb41   0x00000003   PAD
    0x0001fb44   0x0001fb44   0x00000006   Data   RO         2443    .conststrlit        nrf_drv_clock.o
    0x0001fb4a   0x0001fb4a   0x00000002   PAD
    0x0001fb4c   0x0001fb4c   0x00000007   Data   RO         2660    .conststrlit        nrf_drv_gpiote.o
    0x0001fb53   0x0001fb53   0x00000001   PAD
    0x0001fb54   0x0001fb54   0x00000005   Data   RO         2887    .conststrlit        nrf_drv_uart.o
    0x0001fb59   0x0001fb59   0x00000003   PAD
    0x0001fb5c   0x0001fb5c   0x00000006   Data   RO         3040    .conststrlit        nrf_drv_saadc.o
    0x0001fb62   0x0001fb62   0x00000002   PAD
    0x0001fb64   0x0001fb64   0x00000007   Data   RO         3673    .conststrlit        nrf_balloc.o
    0x0001fb6b   0x0001fb6b   0x00000001   PAD
    0x0001fb6c   0x0001fb6c   0x00000008   Data   RO         4147    .conststrlit        nrf_sdh.o
    0x0001fb74   0x0001fb74   0x0000000c   Data   RO         4265    .conststrlit        nrf_sdh_soc.o
    0x0001fb80   0x0001fb80   0x0000000c   Data   RO         4300    .conststrlit        nrf_sdh_ble.o
    0x0001fb8c   0x0001fb8c   0x00000020   Data   RO         5126    Region$$Table       anon$$obj.o
    0x0001fbac   0x0001fbac   0x00000008   Data   RO         2275    log_const_data      nrf_ble_gatt.o
    0x0001fbb4   0x0001fbb4   0x00000008   Data   RO         2444    log_const_data      nrf_drv_clock.o
    0x0001fbbc   0x0001fbbc   0x00000008   Data   RO         2661    log_const_data      nrf_drv_gpiote.o
    0x0001fbc4   0x0001fbc4   0x00000008   Data   RO         2888    log_const_data      nrf_drv_uart.o
    0x0001fbcc   0x0001fbcc   0x00000008   Data   RO         3041    log_const_data      nrf_drv_saadc.o
    0x0001fbd4   0x0001fbd4   0x00000008   Data   RO         3674    log_const_data      nrf_balloc.o
    0x0001fbdc   0x0001fbdc   0x00000008   Data   RO         4149    log_const_data      nrf_sdh.o
    0x0001fbe4   0x0001fbe4   0x00000008   Data   RO         4266    log_const_data      nrf_sdh_soc.o
    0x0001fbec   0x0001fbec   0x00000008   Data   RO         4302    log_const_data      nrf_sdh_ble.o
    0x0001fbf4   0x0001fbf4   0x00000008   Data   RO         2090    sdh_ble_observers0  ble_conn_state.o
    0x0001fbfc   0x0001fbfc   0x00000008   Data   RO          314    sdh_ble_observers1  ble_init.o
    0x0001fc04   0x0001fc04   0x00000008   Data   RO         2004    sdh_ble_observers1  ble_conn_params.o
    0x0001fc0c   0x0001fc0c   0x00000008   Data   RO          315    sdh_ble_observers3  ble_init.o
    0x0001fc14   0x0001fc14   0x00000008   Data   RO         3799    sdh_req_observers0  nrf_fstorage_sd.o
    0x0001fc1c   0x0001fc1c   0x00000010   Data   RO          316    sdh_soc_observers0  ble_init.o
    0x0001fc2c   0x0001fc2c   0x00000008   Data   RO         2446    sdh_soc_observers0  nrf_drv_clock.o
    0x0001fc34   0x0001fc34   0x00000008   Data   RO         3800    sdh_soc_observers0  nrf_fstorage_sd.o
    0x0001fc3c   0x0001fc3c   0x00000008   Data   RO         4268    sdh_stack_observers0  nrf_sdh_soc.o
    0x0001fc44   0x0001fc44   0x00000008   Data   RO         4304    sdh_stack_observers0  nrf_sdh_ble.o
    0x0001fc4c   0x0001fc4c   0x00000008   Data   RO         2447    sdh_state_observers0  nrf_drv_clock.o
    0x0001fc54   0x0001fc54   0x00000008   Data   RO         3801    sdh_state_observers0  nrf_fstorage_sd.o


    Execution Region RW_IRAM1 (Exec base: 0x20002ac0, Load base: 0x0001fc5c, Size: 0x00001ca8, Max: 0x00005540, ABSOLUTE, COMPRESSED[0x00000040])

    Exec Addr    Load Addr    Size         Type   Attr      Idx    E Section Name        Object

    0x20002ac0   COMPRESSED   0x00000002   Data   RW          313    .data               ble_init.o
    0x20002ac2   COMPRESSED   0x00000018   Data   RW          444    .data               ble_adv.o
    0x20002ada   COMPRESSED   0x00000001   Data   RW          510    .data               periph_service.o
    0x20002adb   COMPRESSED   0x00000009   Data   RW          633    .data               ble_comm.o
    0x20002ae4   COMPRESSED   0x00000010   Data   RW          705    .data               battery_check.o
    0x20002af4   COMPRESSED   0x00000002   Data   RW          791    .data               user_flash.o
    0x20002af6   COMPRESSED   0x00000001   Data   RW          874    .data               system_time.o
    0x20002af7   COMPRESSED   0x00000001   PAD
    0x20002af8   COMPRESSED   0x0000000a   Data   RW          936    .data               led_manage.o
    0x20002b02   COMPRESSED   0x00000002   Data   RW         1001    .data               gpio_init.o
    0x20002b04   COMPRESSED   0x00000005   Data   RW         1074    .data               key.o
    0x20002b09   COMPRESSED   0x00000002   Data   RW         1126    .data               lis3dh_app.o
    0x20002b0b   COMPRESSED   0x00000002   Data   RW         1181    .data               stk832x_app.o
    0x20002b0d   COMPRESSED   0x00000003   PAD
    0x20002b10   COMPRESSED   0x00000012   Data   RW         1227    .data               sht3x_driver.o
    0x20002b22   COMPRESSED   0x00000002   Data   RW         1292    .data               lis3dh_driver.o
    0x20002b24   COMPRESSED   0x00000005   Data   RW         1408    .data               stk832x_driver.o
    0x20002b29   COMPRESSED   0x00000001   Data   RW         1550    .data               in_flash_manage.o
    0x20002b2a   COMPRESSED   0x00000002   Data   RW         1674    .data               iic_io.o
    0x20002b2c   COMPRESSED   0x00000004   Data   RW         1727    .data               spi_io.o
    0x20002b30   COMPRESSED   0x00000004   Data   RW         1806    .data               simple_uart.o
    0x20002b34   COMPRESSED   0x00000004   Data   RW         1878    .data               uart_commd.o
    0x20002b38   COMPRESSED   0x00000008   Data   RW         2003    .data               ble_conn_params.o
    0x20002b40   COMPRESSED   0x00000014   Data   RW         3337    .data               app_timer.o
    0x20002b54   COMPRESSED   0x00000008   Data   RW         3798    .data               nrf_fstorage_sd.o
    0x20002b5c   COMPRESSED   0x00000010   Data   RW         4041    .data               app_uart.o
    0x20002b6c   COMPRESSED   0x00000003   Data   RW         4148    .data               nrf_sdh.o
    0x20002b6f   COMPRESSED   0x00000001   PAD
    0x20002b70   COMPRESSED   0x00000004   Data   RW         4301    .data               nrf_sdh_ble.o
    0x20002b74   COMPRESSED   0x00000004   Data   RW         4563    .data               system_nrf52810.o
    0x20002b78   COMPRESSED   0x00000020   Data   RW         4621    .data               dfu.lib(nrf_dfu.o)
    0x20002b98   COMPRESSED   0x00000008   Data   RW         4932    .data               dfu.lib(ble_dfu.o)
    0x20002ba0   COMPRESSED   0x00000004   Data   RW         5122    .data               mc_w.l(mvars.o)
    0x20002ba4   COMPRESSED   0x00000004   Data   RW         5123    .data               mc_w.l(mvars.o)
    0x20002ba8   COMPRESSED   0x0000000c   Data   RW         2276    log_dynamic_data    nrf_ble_gatt.o
    0x20002bb4   COMPRESSED   0x0000000c   Data   RW         2445    log_dynamic_data    nrf_drv_clock.o
    0x20002bc0   COMPRESSED   0x0000000c   Data   RW         2662    log_dynamic_data    nrf_drv_gpiote.o
    0x20002bcc   COMPRESSED   0x0000000c   Data   RW         2889    log_dynamic_data    nrf_drv_uart.o
    0x20002bd8   COMPRESSED   0x0000000c   Data   RW         3042    log_dynamic_data    nrf_drv_saadc.o
    0x20002be4   COMPRESSED   0x0000000c   Data   RW         3675    log_dynamic_data    nrf_balloc.o
    0x20002bf0   COMPRESSED   0x0000000c   Data   RW         4150    log_dynamic_data    nrf_sdh.o
    0x20002bfc   COMPRESSED   0x0000000c   Data   RW         4267    log_dynamic_data    nrf_sdh_soc.o
    0x20002c08   COMPRESSED   0x0000000c   Data   RW         4303    log_dynamic_data    nrf_sdh_ble.o
    0x20002c14        -       0x00000028   Zero   RW          312    .bss                ble_init.o
    0x20002c3c        -       0x00000050   Zero   RW          443    .bss                ble_adv.o
    0x20002c8c        -       0x00000030   Zero   RW          508    .bss                periph_service.o
    0x20002cbc        -       0x00000130   Zero   RW          790    .bss                user_flash.o
    0x20002dec        -       0x00000020   Zero   RW          872    .bss                system_time.o
    0x20002e0c        -       0x00000020   Zero   RW          934    .bss                led_manage.o
    0x20002e2c        -       0x0000003c   Zero   RW         1180    .bss                stk832x_app.o
    0x20002e68        -       0x00000200   Zero   RW         1804    .bss                simple_uart.o
    0x20003068        -       0x00000067   Zero   RW         1877    .bss                uart_commd.o
    0x200030cf   COMPRESSED   0x00000001   PAD
    0x200030d0        -       0x00000050   Zero   RW         2002    .bss                ble_conn_params.o
    0x20003120        -       0x000000b8   Zero   RW         2089    .bss                ble_conn_state.o
    0x200031d8        -       0x00000014   Zero   RW         2442    .bss                nrf_drv_clock.o
    0x200031ec        -       0x00000058   Zero   RW         2658    .bss                nrf_drv_gpiote.o
    0x20003244        -       0x0000001c   Zero   RW         2886    .bss                nrf_drv_uart.o
    0x20003260        -       0x00000030   Zero   RW         3037    .bss                nrf_drv_saadc.o
    0x20003290        -       0x00000020   Zero   RW         3150    .bss                app_error.o
    0x200032b0        -       0x0000016c   Zero   RW         3336    .bss                app_timer.o
    0x2000341c        -       0x0000000c   Zero   RW         3490    .bss                app_util_platform.o
    0x20003428        -       0x000000a0   Zero   RW         3794    .bss                nrf_fstorage_sd.o
    0x200034c8        -       0x00000010   Zero   RW         3795    .bss                nrf_fstorage_sd.o
    0x200034d8        -       0x00000154   Zero   RW         4371    .bss                segger_rtt.o
    0x2000362c        -       0x00000100   Zero   RW         4505    .bss                segger_rtt_printf.o
    0x2000372c        -       0x0000003c   Zero   RW         4620    .bss                dfu.lib(nrf_dfu.o)
    0x20003768        -       0x00000800   Zero   RW         4552    HEAP                arm_startup_nrf52810.o
    0x20003f68        -       0x00000800   Zero   RW         4551    STACK               arm_startup_nrf52810.o


==============================================================================

Image component sizes


      Code (inc. data)   RO Data    RW Data    ZI Data      Debug   Object Name

       124          4          0          0         32       3502   app_error.o
       300        174          0          0          0       8298   app_error_weak.o
      1648        122          0         20        364      43288   app_timer.o
       312         32         32         16          0       6735   app_uart.o
       124         14          0          0         12       8978   app_util_platform.o
        36          8        512          0       4096        848   arm_startup_nrf52810.o
        12          6          0         16          0      10474   battery_check.o
       480        176          0         24         80       4719   ble_adv.o
       402          0          0          0          0       2667   ble_bas.o
       412        112          0          9          0       4486   ble_comm.o
       672         48          8          8         80      11258   ble_conn_params.o
       292         50          8          0        184       3007   ble_conn_state.o
       230          4          0          0          0       2143   ble_data.o
      1096        332         32          2         40      17936   ble_init.o
        20          0          0          0          0       1890   ble_srv_common.o
       124         56          0          0          0       3167   driver_init.o
       528        138          4          2          0      13911   gpio_init.o
       888         58          0          2          0       5664   iic_io.o
       510         50          3          1          0       7403   in_flash_manage.o
       232         60          0          5          0       6363   key.o
       406         88          4         10         32       8542   led_manage.o
       476         90          0          2          0      10423   lis3dh_app.o
      1088         64          0          2          0       8262   lis3dh_driver.o
       240        142          0          0          0      72115   main.o
       244          0          0          0          0       4425   nrf_atfifo.o
         0          0         15         12          0       1262   nrf_balloc.o
       336          4         31         12          0      13194   nrf_ble_gatt.o
       408         40         30         12         20      37067   nrf_drv_clock.o
        56          0          0          0          0      24987   nrf_drv_common.o
      1320         98         19         12         88      27520   nrf_drv_gpiote.o
       380         22         14         12         48      12235   nrf_drv_saadc.o
      1356         48         13         12         28      29247   nrf_drv_uart.o
       450         36         40          8        176      10023   nrf_fstorage_sd.o
       764        194        104         15          0      46243   nrf_sdh.o
       540        182         76         16          0       5828   nrf_sdh_ble.o
       112         52         56         12          0       2288   nrf_sdh_soc.o
        78          0          0          0          0       2344   nrf_section_iter.o
        76         10       1035          0          0       2363   nrf_strerror.o
      1000        246         16          1         48       9321   periph_service.o
       206          0          0          0          0       4742   sdk_mapped_flags.o
       430         38          0          0        340       8086   segger_rtt.o
       910         12         16          0        256       6385   segger_rtt_printf.o
       518        104          0         18          0       4777   sht3x_driver.o
       402        110         24          4        512      15185   simple_uart.o
      1132         46          0          4          0       8738   spi_io.o
       304          8          0          2         60       4766   stk832x_app.o
      1420        238          0          5          0      14487   stk832x_driver.o
       732         76          0          4          0       2703   system_nrf52810.o
       228         96          4          1         32       3185   system_time.o
       772         32          0          4        103       4121   uart_commd.o
      1068        330          0          2        304      31614   user_flash.o
        38          0          0          0          0       1390   utility.o
       100         20          0          0          0       1360   wdt.o

    ----------------------------------------------------------------------
     26070       3870       2144        292       6936     605965   Object Totals
         0          0         32          0          0          0   (incl. Generated)
        38          0         16          5          1          0   (incl. Padding)

    ----------------------------------------------------------------------

      Code (inc. data)   RO Data    RW Data    ZI Data      Debug   Library Member Name

      1222         32         16          8          0      30011   ble_dfu.o
       194          0          0          0          0       2931   fifo_bytes.o
      1566        232          0         32         60     133683   nrf_dfu.o
        58          0          0          0          0          0   __dczerorl.o
         0          0          0          0          0          0   entry.o
         0          0          0          0          0          0   entry10a.o
         0          0          0          0          0          0   entry11a.o
         4          0          0          0          0          0   entry12b.o
         8          4          0          0          0          0   entry2.o
         4          0          0          0          0          0   entry5.o
         0          0          0          0          0          0   entry7b.o
         0          0          0          0          0          0   entry8b.o
         8          4          0          0          0          0   entry9a.o
        30          0          0          0          0          0   handlers.o
        36          8          0          0          0         68   init.o
        30          0          0          0          0         68   llshl.o
        32          0          0          0          0         68   llushr.o
       188         20          0          0          0        160   malloc.o
        26          0          0          0          0         80   memcmp.o
        36          0          0          0          0         68   memcpya.o
        36          0          0          0          0        108   memseta.o
         0          0          0          8          0          0   mvars.o
        18          0          0          0          0         68   strcpy.o
        98          0          0          0          0         92   uldiv.o

    ----------------------------------------------------------------------
      3606        300         16         48         60     167405   Library Totals
        12          0          0          0          0          0   (incl. Padding)

    ----------------------------------------------------------------------

      Code (inc. data)   RO Data    RW Data    ZI Data      Debug   Library Name

      2982        264         16         40         60     166625   dfu.lib
       612         36          0          8          0        780   mc_w.l

    ----------------------------------------------------------------------
      3606        300         16         48         60     167405   Library Totals

    ----------------------------------------------------------------------

==============================================================================


      Code (inc. data)   RO Data    RW Data    ZI Data      Debug   

     29676       4170       2160        340       6996     756338   Grand Totals
     29676       4170       2160         64       6996     756338   ELF Image Totals (compressed)
     29676       4170       2160         64          0          0   ROM Totals

==============================================================================

    Total RO  Size (Code + RO Data)                31836 (  31.09kB)
    Total RW  Size (RW Data + ZI Data)              7336 (   7.16kB)
    Total ROM Size (Code + RO Data + RW Data)      31900 (  31.15kB)

==============================================================================

