<html>
<body>
<pre>
<h1>µVision Build Log</h1>
<h2>Tool Versions:</h2>
IDE-Version: ¦ÌVision V5.18a
Copyright (C) 2016 ARM Ltd and ARM Germany GmbH. All rights reserved.
License Information: 11 11, 22, LIC=ATTEV-PZ796-J6YQ9-4SY0V-T85HE-1UFH9
 
Tool Versions:
Toolchain:       MDK-ARM Standard  Version: 5.18a
Toolchain Path:  D:\Program Files (x86)\keil5_18\ARM\ARMCC\Bin
C Compiler:      Armcc.exe V5.06 update 1 (build 61)
Assembler:       Armasm.exe V5.06 update 1 (build 61)
Linker/Locator:  ArmLink.exe V5.06 update 1 (build 61)
Library Manager: ArmAr.exe V5.06 update 1 (build 61)
Hex Converter:   FromElf.exe V5.06 update 1 (build 61)
CPU DLL:         
Dialog DLL:      
Target DLL:      Segger\JL2CM3.dll V2.99.19.0
Dialog DLL:      TCM.DLL V1.14.8.0
 
<h2>Project:</h2>
F:\52810_beacon\beacon_52810_v1.3\boot_52810_2bank\mdk_prj\ble_app_eddystone_pca10040e_s112.uvprojx
Project File Date:  09/05/2018

<h2>Output:</h2>
*** Using Compiler 'V5.06 update 1 (build 61)', folder: 'D:\Program Files (x86)\keil5_18\ARM\ARMCC\Bin'
Rebuild target 'nrf52810_xxaa'
compiling nrf_bootloader_app_start_asm.c...
compiling nrf_bootloader_app_start.c...
compiling main.c...
assembling arm_startup_nrf52810.s...
compiling boot.c...
compiling system_nrf52810.c...
compiling nrf_dfu_mbr.c...
linking...
Program Size: Code=1616 RO-data=576 RW-data=20 ZI-data=2052  
FromELF: creating hex file...
After Build - User command #1: .\hex2bin .\_build\eddystone_boot.hex
hex2bin v1.0.10, Copyright (C) 2012 Jacques Pelletier & contributors
Lowest address  = 0002F000
Highest address = 0002F8A3
Pad Byte        = FF
8-bit Checksum = 87
".\_build\eddystone_boot.axf" - 0 Error(s), 0 Warning(s).

<h2>Software Packages used:</h2>

Package Vendor: ARM
                http://www.keil.com/pack/ARM.CMSIS.4.5.0.pack
                ARM::CMSIS:CORE:4.3.0
                CMSIS (Cortex Microcontroller Software Interface Standard)
   * Component: CORE Version: 4.3.0

Package Vendor: NordicSemiconductor
                http://developer.nordicsemi.com/nRF5_SDK/pieces/nRF_DeviceFamilyPack/NordicSemiconductor.nRF_DeviceFamilyPack.8.15.0.pack
                NordicSemiconductor::Device:Startup:8.15.0
                Nordic Semiconductor nRF ARM devices Device Family Pack.
   * Component: Startup Version: 8.15.0

<h2>Collection of Component include folders:</h2>
  F:\52810_beacon\beacon_52810_v1.3\boot_52810_2bank\mdk_prj\RTE
  D:\Program Files (x86)\keil5_18\ARM\PACK\ARM\CMSIS\4.5.0\CMSIS\Include
  D:\Program Files (x86)\keil5_18\ARM\PACK\NordicSemiconductor\nRF_DeviceFamilyPack\8.15.0\Device\Include
  D:\Program Files (x86)\keil5_18\ARM\PACK\NordicSemiconductor\nRF_DeviceFamilyPack\8.16.0\Device\Include

<h2>Collection of Component Files used:</h2>

   * Component: ARM::CMSIS:CORE:4.3.0

   * Component: NordicSemiconductor::Device:Startup:8.15.0
      Source file:   Device\Source\arm\arm_startup_nrf52810.s
      Source file:   Device\Source\system_nrf52810.c
      Include file:  Device\Include\system_nrf52810.h
Build Time Elapsed:  00:00:02
</pre>
</body>
</html>
