<!doctype html public "-//w3c//dtd html 4.0 transitional//en">
<html><head>
<title>Static Call Graph - [.\_build\eddystone_boot.axf]</title></head>
<body><HR>
<H1>Static Call Graph for image .\_build\eddystone_boot.axf</H1><HR>
<BR><P>#&#060CALLGRAPH&#062# ARM Linker, 5060061: Last Updated: Tue Oct 09 11:30:22 2018
<BR><P>
<H3>Maximum Stack Usage =         56 bytes + Unknown(Cycles, Untraceable Function Pointers)</H3><H3>
Call chain for Maximum Stack Depth:</H3>
main &rArr; CleanUpflg &rArr; boot_to_new_appilacation &rArr; flash_nvic_word_write
<P>
<H3>
Mutually Recursive functions
</H3> <LI><a href="#[1]">NMI_Handler</a>&nbsp;&nbsp;&nbsp;&rArr;&nbsp;&nbsp;&nbsp;<a href="#[1]">NMI_Handler</a><BR>
 <LI><a href="#[2]">HardFault_Handler</a>&nbsp;&nbsp;&nbsp;&rArr;&nbsp;&nbsp;&nbsp;<a href="#[2]">HardFault_Handler</a><BR>
 <LI><a href="#[3]">MemoryManagement_Handler</a>&nbsp;&nbsp;&nbsp;&rArr;&nbsp;&nbsp;&nbsp;<a href="#[3]">MemoryManagement_Handler</a><BR>
 <LI><a href="#[4]">BusFault_Handler</a>&nbsp;&nbsp;&nbsp;&rArr;&nbsp;&nbsp;&nbsp;<a href="#[4]">BusFault_Handler</a><BR>
 <LI><a href="#[5]">UsageFault_Handler</a>&nbsp;&nbsp;&nbsp;&rArr;&nbsp;&nbsp;&nbsp;<a href="#[5]">UsageFault_Handler</a><BR>
 <LI><a href="#[6]">SVC_Handler</a>&nbsp;&nbsp;&nbsp;&rArr;&nbsp;&nbsp;&nbsp;<a href="#[6]">SVC_Handler</a><BR>
 <LI><a href="#[7]">DebugMon_Handler</a>&nbsp;&nbsp;&nbsp;&rArr;&nbsp;&nbsp;&nbsp;<a href="#[7]">DebugMon_Handler</a><BR>
 <LI><a href="#[8]">PendSV_Handler</a>&nbsp;&nbsp;&nbsp;&rArr;&nbsp;&nbsp;&nbsp;<a href="#[8]">PendSV_Handler</a><BR>
 <LI><a href="#[9]">SysTick_Handler</a>&nbsp;&nbsp;&nbsp;&rArr;&nbsp;&nbsp;&nbsp;<a href="#[9]">SysTick_Handler</a><BR>
 <LI><a href="#[18]">CCM_AAR_IRQHandler</a>&nbsp;&nbsp;&nbsp;&rArr;&nbsp;&nbsp;&nbsp;<a href="#[18]">CCM_AAR_IRQHandler</a><BR>
</UL>
<P>
<H3>
Function Pointers
</H3><UL>
 <LI><a href="#[4]">BusFault_Handler</a> from arm_startup_nrf52810.o(.text) referenced from arm_startup_nrf52810.o(RESET)
 <LI><a href="#[18]">CCM_AAR_IRQHandler</a> from arm_startup_nrf52810.o(.text) referenced from arm_startup_nrf52810.o(RESET)
 <LI><a href="#[1c]">COMP_IRQHandler</a> from arm_startup_nrf52810.o(.text) referenced from arm_startup_nrf52810.o(RESET)
 <LI><a href="#[7]">DebugMon_Handler</a> from arm_startup_nrf52810.o(.text) referenced from arm_startup_nrf52810.o(RESET)
 <LI><a href="#[17]">ECB_IRQHandler</a> from arm_startup_nrf52810.o(.text) referenced from arm_startup_nrf52810.o(RESET)
 <LI><a href="#[f]">GPIOTE_IRQHandler</a> from arm_startup_nrf52810.o(.text) referenced from arm_startup_nrf52810.o(RESET)
 <LI><a href="#[2]">HardFault_Handler</a> from arm_startup_nrf52810.o(.text) referenced from arm_startup_nrf52810.o(RESET)
 <LI><a href="#[3]">MemoryManagement_Handler</a> from arm_startup_nrf52810.o(.text) referenced from arm_startup_nrf52810.o(RESET)
 <LI><a href="#[1]">NMI_Handler</a> from arm_startup_nrf52810.o(.text) referenced from arm_startup_nrf52810.o(RESET)
 <LI><a href="#[24]">PDM_IRQHandler</a> from arm_startup_nrf52810.o(.text) referenced from arm_startup_nrf52810.o(RESET)
 <LI><a href="#[a]">POWER_CLOCK_IRQHandler</a> from arm_startup_nrf52810.o(.text) referenced from arm_startup_nrf52810.o(RESET)
 <LI><a href="#[23]">PWM0_IRQHandler</a> from arm_startup_nrf52810.o(.text) referenced from arm_startup_nrf52810.o(RESET)
 <LI><a href="#[8]">PendSV_Handler</a> from arm_startup_nrf52810.o(.text) referenced from arm_startup_nrf52810.o(RESET)
 <LI><a href="#[1b]">QDEC_IRQHandler</a> from arm_startup_nrf52810.o(.text) referenced from arm_startup_nrf52810.o(RESET)
 <LI><a href="#[b]">RADIO_IRQHandler</a> from arm_startup_nrf52810.o(.text) referenced from arm_startup_nrf52810.o(RESET)
 <LI><a href="#[16]">RNG_IRQHandler</a> from arm_startup_nrf52810.o(.text) referenced from arm_startup_nrf52810.o(RESET)
 <LI><a href="#[14]">RTC0_IRQHandler</a> from arm_startup_nrf52810.o(.text) referenced from arm_startup_nrf52810.o(RESET)
 <LI><a href="#[1a]">RTC1_IRQHandler</a> from arm_startup_nrf52810.o(.text) referenced from arm_startup_nrf52810.o(RESET)
 <LI><a href="#[0]">Reset_Handler</a> from arm_startup_nrf52810.o(.text) referenced from arm_startup_nrf52810.o(RESET)
 <LI><a href="#[10]">SAADC_IRQHandler</a> from arm_startup_nrf52810.o(.text) referenced from arm_startup_nrf52810.o(RESET)
 <LI><a href="#[e]">SPIM0_SPIS0_IRQHandler</a> from arm_startup_nrf52810.o(.text) referenced from arm_startup_nrf52810.o(RESET)
 <LI><a href="#[6]">SVC_Handler</a> from arm_startup_nrf52810.o(.text) referenced from arm_startup_nrf52810.o(RESET)
 <LI><a href="#[1d]">SWI0_EGU0_IRQHandler</a> from arm_startup_nrf52810.o(.text) referenced from arm_startup_nrf52810.o(RESET)
 <LI><a href="#[1e]">SWI1_EGU1_IRQHandler</a> from arm_startup_nrf52810.o(.text) referenced from arm_startup_nrf52810.o(RESET)
 <LI><a href="#[1f]">SWI2_IRQHandler</a> from arm_startup_nrf52810.o(.text) referenced from arm_startup_nrf52810.o(RESET)
 <LI><a href="#[20]">SWI3_IRQHandler</a> from arm_startup_nrf52810.o(.text) referenced from arm_startup_nrf52810.o(RESET)
 <LI><a href="#[21]">SWI4_IRQHandler</a> from arm_startup_nrf52810.o(.text) referenced from arm_startup_nrf52810.o(RESET)
 <LI><a href="#[22]">SWI5_IRQHandler</a> from arm_startup_nrf52810.o(.text) referenced from arm_startup_nrf52810.o(RESET)
 <LI><a href="#[9]">SysTick_Handler</a> from arm_startup_nrf52810.o(.text) referenced from arm_startup_nrf52810.o(RESET)
 <LI><a href="#[26]">SystemInit</a> from system_nrf52810.o(i.SystemInit) referenced from arm_startup_nrf52810.o(.text)
 <LI><a href="#[15]">TEMP_IRQHandler</a> from arm_startup_nrf52810.o(.text) referenced from arm_startup_nrf52810.o(RESET)
 <LI><a href="#[11]">TIMER0_IRQHandler</a> from arm_startup_nrf52810.o(.text) referenced from arm_startup_nrf52810.o(RESET)
 <LI><a href="#[12]">TIMER1_IRQHandler</a> from arm_startup_nrf52810.o(.text) referenced from arm_startup_nrf52810.o(RESET)
 <LI><a href="#[13]">TIMER2_IRQHandler</a> from arm_startup_nrf52810.o(.text) referenced from arm_startup_nrf52810.o(RESET)
 <LI><a href="#[d]">TWIM0_TWIS0_IRQHandler</a> from arm_startup_nrf52810.o(.text) referenced from arm_startup_nrf52810.o(RESET)
 <LI><a href="#[c]">UARTE0_IRQHandler</a> from arm_startup_nrf52810.o(.text) referenced from arm_startup_nrf52810.o(RESET)
 <LI><a href="#[5]">UsageFault_Handler</a> from arm_startup_nrf52810.o(.text) referenced from arm_startup_nrf52810.o(RESET)
 <LI><a href="#[19]">WDT_IRQHandler</a> from arm_startup_nrf52810.o(.text) referenced from arm_startup_nrf52810.o(RESET)
 <LI><a href="#[27]">__main</a> from entry.o(.ARM.Collect$$$$00000000) referenced from arm_startup_nrf52810.o(.text)
 <LI><a href="#[25]">main</a> from main.o(i.main) referenced from entry9a.o(.ARM.Collect$$$$0000000B)
</UL>
<P>
<H3>
Global Symbols
</H3>
<P><STRONG><a name="[27]"></a>__main</STRONG> (Thumb, 0 bytes, Stack size unknown bytes, entry.o(.ARM.Collect$$$$00000000))
<BR>[Address Reference Count : 1]<UL><LI> arm_startup_nrf52810.o(.text)
</UL>
<P><STRONG><a name="[3b]"></a>_main_stk</STRONG> (Thumb, 0 bytes, Stack size unknown bytes, entry2.o(.ARM.Collect$$$$00000001))

<P><STRONG><a name="[28]"></a>_main_scatterload</STRONG> (Thumb, 0 bytes, Stack size unknown bytes, entry5.o(.ARM.Collect$$$$00000004))
<BR><BR>[Calls]<UL><LI><a href="#[29]">&gt;&gt;</a>&nbsp;&nbsp;&nbsp;__scatterload
</UL>

<P><STRONG><a name="[2a]"></a>__main_after_scatterload</STRONG> (Thumb, 0 bytes, Stack size unknown bytes, entry5.o(.ARM.Collect$$$$00000004))
<BR><BR>[Called By]<UL><LI><a href="#[29]">&gt;&gt;</a>&nbsp;&nbsp;&nbsp;__scatterload
</UL>

<P><STRONG><a name="[3c]"></a>_main_clock</STRONG> (Thumb, 0 bytes, Stack size unknown bytes, entry7b.o(.ARM.Collect$$$$00000008))

<P><STRONG><a name="[3d]"></a>_main_cpp_init</STRONG> (Thumb, 0 bytes, Stack size unknown bytes, entry8b.o(.ARM.Collect$$$$0000000A))

<P><STRONG><a name="[3e]"></a>_main_init</STRONG> (Thumb, 0 bytes, Stack size unknown bytes, entry9a.o(.ARM.Collect$$$$0000000B))

<P><STRONG><a name="[3f]"></a>__rt_final_cpp</STRONG> (Thumb, 0 bytes, Stack size unknown bytes, entry10a.o(.ARM.Collect$$$$0000000D))

<P><STRONG><a name="[40]"></a>__rt_final_exit</STRONG> (Thumb, 0 bytes, Stack size unknown bytes, entry11a.o(.ARM.Collect$$$$0000000F))

<P><STRONG><a name="[3a]"></a>nrf_bootloader_app_start_impl</STRONG> (Thumb, 64 bytes, Stack size 0 bytes, nrf_bootloader_app_start_asm.o(.emb_text))
<BR><BR>[Called By]<UL><LI><a href="#[38]">&gt;&gt;</a>&nbsp;&nbsp;&nbsp;nrf_bootloader_app_start
</UL>

<P><STRONG><a name="[0]"></a>Reset_Handler</STRONG> (Thumb, 8 bytes, Stack size 0 bytes, arm_startup_nrf52810.o(.text))
<BR>[Address Reference Count : 1]<UL><LI> arm_startup_nrf52810.o(RESET)
</UL>
<P><STRONG><a name="[1]"></a>NMI_Handler</STRONG> (Thumb, 2 bytes, Stack size 0 bytes, arm_startup_nrf52810.o(.text))
<BR><BR>[Calls]<UL><LI><a href="#[1]">&gt;&gt;</a>&nbsp;&nbsp;&nbsp;NMI_Handler
</UL>
<BR>[Called By]<UL><LI><a href="#[1]">&gt;&gt;</a>&nbsp;&nbsp;&nbsp;NMI_Handler
</UL>
<BR>[Address Reference Count : 1]<UL><LI> arm_startup_nrf52810.o(RESET)
</UL>
<P><STRONG><a name="[2]"></a>HardFault_Handler</STRONG> (Thumb, 2 bytes, Stack size 0 bytes, arm_startup_nrf52810.o(.text))
<BR><BR>[Calls]<UL><LI><a href="#[2]">&gt;&gt;</a>&nbsp;&nbsp;&nbsp;HardFault_Handler
</UL>
<BR>[Called By]<UL><LI><a href="#[2]">&gt;&gt;</a>&nbsp;&nbsp;&nbsp;HardFault_Handler
</UL>
<BR>[Address Reference Count : 1]<UL><LI> arm_startup_nrf52810.o(RESET)
</UL>
<P><STRONG><a name="[3]"></a>MemoryManagement_Handler</STRONG> (Thumb, 2 bytes, Stack size 0 bytes, arm_startup_nrf52810.o(.text))
<BR><BR>[Calls]<UL><LI><a href="#[3]">&gt;&gt;</a>&nbsp;&nbsp;&nbsp;MemoryManagement_Handler
</UL>
<BR>[Called By]<UL><LI><a href="#[3]">&gt;&gt;</a>&nbsp;&nbsp;&nbsp;MemoryManagement_Handler
</UL>
<BR>[Address Reference Count : 1]<UL><LI> arm_startup_nrf52810.o(RESET)
</UL>
<P><STRONG><a name="[4]"></a>BusFault_Handler</STRONG> (Thumb, 2 bytes, Stack size 0 bytes, arm_startup_nrf52810.o(.text))
<BR><BR>[Calls]<UL><LI><a href="#[4]">&gt;&gt;</a>&nbsp;&nbsp;&nbsp;BusFault_Handler
</UL>
<BR>[Called By]<UL><LI><a href="#[4]">&gt;&gt;</a>&nbsp;&nbsp;&nbsp;BusFault_Handler
</UL>
<BR>[Address Reference Count : 1]<UL><LI> arm_startup_nrf52810.o(RESET)
</UL>
<P><STRONG><a name="[5]"></a>UsageFault_Handler</STRONG> (Thumb, 2 bytes, Stack size 0 bytes, arm_startup_nrf52810.o(.text))
<BR><BR>[Calls]<UL><LI><a href="#[5]">&gt;&gt;</a>&nbsp;&nbsp;&nbsp;UsageFault_Handler
</UL>
<BR>[Called By]<UL><LI><a href="#[5]">&gt;&gt;</a>&nbsp;&nbsp;&nbsp;UsageFault_Handler
</UL>
<BR>[Address Reference Count : 1]<UL><LI> arm_startup_nrf52810.o(RESET)
</UL>
<P><STRONG><a name="[6]"></a>SVC_Handler</STRONG> (Thumb, 2 bytes, Stack size 0 bytes, arm_startup_nrf52810.o(.text))
<BR><BR>[Calls]<UL><LI><a href="#[6]">&gt;&gt;</a>&nbsp;&nbsp;&nbsp;SVC_Handler
</UL>
<BR>[Called By]<UL><LI><a href="#[6]">&gt;&gt;</a>&nbsp;&nbsp;&nbsp;SVC_Handler
</UL>
<BR>[Address Reference Count : 1]<UL><LI> arm_startup_nrf52810.o(RESET)
</UL>
<P><STRONG><a name="[7]"></a>DebugMon_Handler</STRONG> (Thumb, 2 bytes, Stack size 0 bytes, arm_startup_nrf52810.o(.text))
<BR><BR>[Calls]<UL><LI><a href="#[7]">&gt;&gt;</a>&nbsp;&nbsp;&nbsp;DebugMon_Handler
</UL>
<BR>[Called By]<UL><LI><a href="#[7]">&gt;&gt;</a>&nbsp;&nbsp;&nbsp;DebugMon_Handler
</UL>
<BR>[Address Reference Count : 1]<UL><LI> arm_startup_nrf52810.o(RESET)
</UL>
<P><STRONG><a name="[8]"></a>PendSV_Handler</STRONG> (Thumb, 2 bytes, Stack size 0 bytes, arm_startup_nrf52810.o(.text))
<BR><BR>[Calls]<UL><LI><a href="#[8]">&gt;&gt;</a>&nbsp;&nbsp;&nbsp;PendSV_Handler
</UL>
<BR>[Called By]<UL><LI><a href="#[8]">&gt;&gt;</a>&nbsp;&nbsp;&nbsp;PendSV_Handler
</UL>
<BR>[Address Reference Count : 1]<UL><LI> arm_startup_nrf52810.o(RESET)
</UL>
<P><STRONG><a name="[9]"></a>SysTick_Handler</STRONG> (Thumb, 2 bytes, Stack size 0 bytes, arm_startup_nrf52810.o(.text))
<BR><BR>[Calls]<UL><LI><a href="#[9]">&gt;&gt;</a>&nbsp;&nbsp;&nbsp;SysTick_Handler
</UL>
<BR>[Called By]<UL><LI><a href="#[9]">&gt;&gt;</a>&nbsp;&nbsp;&nbsp;SysTick_Handler
</UL>
<BR>[Address Reference Count : 1]<UL><LI> arm_startup_nrf52810.o(RESET)
</UL>
<P><STRONG><a name="[18]"></a>CCM_AAR_IRQHandler</STRONG> (Thumb, 0 bytes, Stack size 0 bytes, arm_startup_nrf52810.o(.text))
<BR><BR>[Calls]<UL><LI><a href="#[18]">&gt;&gt;</a>&nbsp;&nbsp;&nbsp;CCM_AAR_IRQHandler
</UL>
<BR>[Called By]<UL><LI><a href="#[18]">&gt;&gt;</a>&nbsp;&nbsp;&nbsp;CCM_AAR_IRQHandler
</UL>
<BR>[Address Reference Count : 1]<UL><LI> arm_startup_nrf52810.o(RESET)
</UL>
<P><STRONG><a name="[1c]"></a>COMP_IRQHandler</STRONG> (Thumb, 0 bytes, Stack size 0 bytes, arm_startup_nrf52810.o(.text))
<BR>[Address Reference Count : 1]<UL><LI> arm_startup_nrf52810.o(RESET)
</UL>
<P><STRONG><a name="[17]"></a>ECB_IRQHandler</STRONG> (Thumb, 0 bytes, Stack size 0 bytes, arm_startup_nrf52810.o(.text))
<BR>[Address Reference Count : 1]<UL><LI> arm_startup_nrf52810.o(RESET)
</UL>
<P><STRONG><a name="[f]"></a>GPIOTE_IRQHandler</STRONG> (Thumb, 0 bytes, Stack size 0 bytes, arm_startup_nrf52810.o(.text))
<BR>[Address Reference Count : 1]<UL><LI> arm_startup_nrf52810.o(RESET)
</UL>
<P><STRONG><a name="[24]"></a>PDM_IRQHandler</STRONG> (Thumb, 0 bytes, Stack size 0 bytes, arm_startup_nrf52810.o(.text))
<BR>[Address Reference Count : 1]<UL><LI> arm_startup_nrf52810.o(RESET)
</UL>
<P><STRONG><a name="[a]"></a>POWER_CLOCK_IRQHandler</STRONG> (Thumb, 0 bytes, Stack size 0 bytes, arm_startup_nrf52810.o(.text))
<BR>[Address Reference Count : 1]<UL><LI> arm_startup_nrf52810.o(RESET)
</UL>
<P><STRONG><a name="[23]"></a>PWM0_IRQHandler</STRONG> (Thumb, 0 bytes, Stack size 0 bytes, arm_startup_nrf52810.o(.text))
<BR>[Address Reference Count : 1]<UL><LI> arm_startup_nrf52810.o(RESET)
</UL>
<P><STRONG><a name="[1b]"></a>QDEC_IRQHandler</STRONG> (Thumb, 0 bytes, Stack size 0 bytes, arm_startup_nrf52810.o(.text))
<BR>[Address Reference Count : 1]<UL><LI> arm_startup_nrf52810.o(RESET)
</UL>
<P><STRONG><a name="[b]"></a>RADIO_IRQHandler</STRONG> (Thumb, 0 bytes, Stack size 0 bytes, arm_startup_nrf52810.o(.text))
<BR>[Address Reference Count : 1]<UL><LI> arm_startup_nrf52810.o(RESET)
</UL>
<P><STRONG><a name="[16]"></a>RNG_IRQHandler</STRONG> (Thumb, 0 bytes, Stack size 0 bytes, arm_startup_nrf52810.o(.text))
<BR>[Address Reference Count : 1]<UL><LI> arm_startup_nrf52810.o(RESET)
</UL>
<P><STRONG><a name="[14]"></a>RTC0_IRQHandler</STRONG> (Thumb, 0 bytes, Stack size 0 bytes, arm_startup_nrf52810.o(.text))
<BR>[Address Reference Count : 1]<UL><LI> arm_startup_nrf52810.o(RESET)
</UL>
<P><STRONG><a name="[1a]"></a>RTC1_IRQHandler</STRONG> (Thumb, 0 bytes, Stack size 0 bytes, arm_startup_nrf52810.o(.text))
<BR>[Address Reference Count : 1]<UL><LI> arm_startup_nrf52810.o(RESET)
</UL>
<P><STRONG><a name="[10]"></a>SAADC_IRQHandler</STRONG> (Thumb, 0 bytes, Stack size 0 bytes, arm_startup_nrf52810.o(.text))
<BR>[Address Reference Count : 1]<UL><LI> arm_startup_nrf52810.o(RESET)
</UL>
<P><STRONG><a name="[e]"></a>SPIM0_SPIS0_IRQHandler</STRONG> (Thumb, 0 bytes, Stack size 0 bytes, arm_startup_nrf52810.o(.text))
<BR>[Address Reference Count : 1]<UL><LI> arm_startup_nrf52810.o(RESET)
</UL>
<P><STRONG><a name="[1d]"></a>SWI0_EGU0_IRQHandler</STRONG> (Thumb, 0 bytes, Stack size 0 bytes, arm_startup_nrf52810.o(.text))
<BR>[Address Reference Count : 1]<UL><LI> arm_startup_nrf52810.o(RESET)
</UL>
<P><STRONG><a name="[1e]"></a>SWI1_EGU1_IRQHandler</STRONG> (Thumb, 0 bytes, Stack size 0 bytes, arm_startup_nrf52810.o(.text))
<BR>[Address Reference Count : 1]<UL><LI> arm_startup_nrf52810.o(RESET)
</UL>
<P><STRONG><a name="[1f]"></a>SWI2_IRQHandler</STRONG> (Thumb, 0 bytes, Stack size 0 bytes, arm_startup_nrf52810.o(.text))
<BR>[Address Reference Count : 1]<UL><LI> arm_startup_nrf52810.o(RESET)
</UL>
<P><STRONG><a name="[20]"></a>SWI3_IRQHandler</STRONG> (Thumb, 0 bytes, Stack size 0 bytes, arm_startup_nrf52810.o(.text))
<BR>[Address Reference Count : 1]<UL><LI> arm_startup_nrf52810.o(RESET)
</UL>
<P><STRONG><a name="[21]"></a>SWI4_IRQHandler</STRONG> (Thumb, 0 bytes, Stack size 0 bytes, arm_startup_nrf52810.o(.text))
<BR>[Address Reference Count : 1]<UL><LI> arm_startup_nrf52810.o(RESET)
</UL>
<P><STRONG><a name="[22]"></a>SWI5_IRQHandler</STRONG> (Thumb, 0 bytes, Stack size 0 bytes, arm_startup_nrf52810.o(.text))
<BR>[Address Reference Count : 1]<UL><LI> arm_startup_nrf52810.o(RESET)
</UL>
<P><STRONG><a name="[15]"></a>TEMP_IRQHandler</STRONG> (Thumb, 0 bytes, Stack size 0 bytes, arm_startup_nrf52810.o(.text))
<BR>[Address Reference Count : 1]<UL><LI> arm_startup_nrf52810.o(RESET)
</UL>
<P><STRONG><a name="[11]"></a>TIMER0_IRQHandler</STRONG> (Thumb, 0 bytes, Stack size 0 bytes, arm_startup_nrf52810.o(.text))
<BR>[Address Reference Count : 1]<UL><LI> arm_startup_nrf52810.o(RESET)
</UL>
<P><STRONG><a name="[12]"></a>TIMER1_IRQHandler</STRONG> (Thumb, 0 bytes, Stack size 0 bytes, arm_startup_nrf52810.o(.text))
<BR>[Address Reference Count : 1]<UL><LI> arm_startup_nrf52810.o(RESET)
</UL>
<P><STRONG><a name="[13]"></a>TIMER2_IRQHandler</STRONG> (Thumb, 0 bytes, Stack size 0 bytes, arm_startup_nrf52810.o(.text))
<BR>[Address Reference Count : 1]<UL><LI> arm_startup_nrf52810.o(RESET)
</UL>
<P><STRONG><a name="[d]"></a>TWIM0_TWIS0_IRQHandler</STRONG> (Thumb, 0 bytes, Stack size 0 bytes, arm_startup_nrf52810.o(.text))
<BR>[Address Reference Count : 1]<UL><LI> arm_startup_nrf52810.o(RESET)
</UL>
<P><STRONG><a name="[c]"></a>UARTE0_IRQHandler</STRONG> (Thumb, 0 bytes, Stack size 0 bytes, arm_startup_nrf52810.o(.text))
<BR>[Address Reference Count : 1]<UL><LI> arm_startup_nrf52810.o(RESET)
</UL>
<P><STRONG><a name="[19]"></a>WDT_IRQHandler</STRONG> (Thumb, 0 bytes, Stack size 0 bytes, arm_startup_nrf52810.o(.text))
<BR>[Address Reference Count : 1]<UL><LI> arm_startup_nrf52810.o(RESET)
</UL>
<P><STRONG><a name="[29]"></a>__scatterload</STRONG> (Thumb, 28 bytes, Stack size 0 bytes, init.o(.text))
<BR><BR>[Calls]<UL><LI><a href="#[2a]">&gt;&gt;</a>&nbsp;&nbsp;&nbsp;__main_after_scatterload
</UL>
<BR>[Called By]<UL><LI><a href="#[28]">&gt;&gt;</a>&nbsp;&nbsp;&nbsp;_main_scatterload
</UL>

<P><STRONG><a name="[41]"></a>__scatterload_rt2</STRONG> (Thumb, 0 bytes, Stack size 0 bytes, init.o(.text), UNUSED)

<P><STRONG><a name="[2b]"></a>CleanUpflg</STRONG> (Thumb, 20 bytes, Stack size 16 bytes, main.o(i.CleanUpflg))
<BR><BR>[Stack]<UL><LI>Max Depth = 48<LI>Call Chain = CleanUpflg &rArr; boot_to_new_appilacation &rArr; flash_nvic_word_write
</UL>
<BR>[Calls]<UL><LI><a href="#[2c]">&gt;&gt;</a>&nbsp;&nbsp;&nbsp;boot_to_new_appilacation
</UL>
<BR>[Called By]<UL><LI><a href="#[25]">&gt;&gt;</a>&nbsp;&nbsp;&nbsp;main
</UL>

<P><STRONG><a name="[32]"></a>EraseBoot</STRONG> (Thumb, 40 bytes, Stack size 0 bytes, boot.o(i.EraseBoot))
<BR><BR>[Called By]<UL><LI><a href="#[2c]">&gt;&gt;</a>&nbsp;&nbsp;&nbsp;boot_to_new_appilacation
</UL>

<P><STRONG><a name="[37]"></a>IsNeedUpdata</STRONG> (Thumb, 74 bytes, Stack size 0 bytes, main.o(i.IsNeedUpdata))
<BR><BR>[Called By]<UL><LI><a href="#[25]">&gt;&gt;</a>&nbsp;&nbsp;&nbsp;main
</UL>

<P><STRONG><a name="[26]"></a>SystemInit</STRONG> (Thumb, 500 bytes, Stack size 20 bytes, system_nrf52810.o(i.SystemInit))
<BR><BR>[Stack]<UL><LI>Max Depth = 20<LI>Call Chain = SystemInit
</UL>
<BR>[Address Reference Count : 1]<UL><LI> arm_startup_nrf52810.o(.text)
</UL>
<P><STRONG><a name="[2e]"></a>V_FeedWdog</STRONG> (Thumb, 20 bytes, Stack size 0 bytes, main.o(i.V_FeedWdog))
<BR><BR>[Called By]<UL><LI><a href="#[25]">&gt;&gt;</a>&nbsp;&nbsp;&nbsp;main
<LI><a href="#[2d]">&gt;&gt;</a>&nbsp;&nbsp;&nbsp;V_InitWdt
</UL>

<P><STRONG><a name="[2d]"></a>V_InitWdt</STRONG> (Thumb, 52 bytes, Stack size 0 bytes, main.o(i.V_InitWdt))
<BR><BR>[Calls]<UL><LI><a href="#[2e]">&gt;&gt;</a>&nbsp;&nbsp;&nbsp;V_FeedWdog
</UL>
<BR>[Called By]<UL><LI><a href="#[25]">&gt;&gt;</a>&nbsp;&nbsp;&nbsp;main
</UL>

<P><STRONG><a name="[2f]"></a>WriteToFlash</STRONG> (Thumb, 82 bytes, Stack size 24 bytes, main.o(i.WriteToFlash))
<BR><BR>[Stack]<UL><LI>Max Depth = 32<LI>Call Chain = WriteToFlash &rArr; flash_nvic_word_write
</UL>
<BR>[Calls]<UL><LI><a href="#[31]">&gt;&gt;</a>&nbsp;&nbsp;&nbsp;flash_nvic_word_write
<LI><a href="#[30]">&gt;&gt;</a>&nbsp;&nbsp;&nbsp;flash_nvic_page_erase
</UL>
<BR>[Called By]<UL><LI><a href="#[25]">&gt;&gt;</a>&nbsp;&nbsp;&nbsp;main
</UL>

<P><STRONG><a name="[42]"></a>__scatterload_copy</STRONG> (Thumb, 14 bytes, Stack size unknown bytes, handlers.o(i.__scatterload_copy), UNUSED)

<P><STRONG><a name="[43]"></a>__scatterload_null</STRONG> (Thumb, 2 bytes, Stack size unknown bytes, handlers.o(i.__scatterload_null), UNUSED)

<P><STRONG><a name="[44]"></a>__scatterload_zeroinit</STRONG> (Thumb, 14 bytes, Stack size unknown bytes, handlers.o(i.__scatterload_zeroinit), UNUSED)

<P><STRONG><a name="[2c]"></a>boot_to_new_appilacation</STRONG> (Thumb, 94 bytes, Stack size 24 bytes, boot.o(i.boot_to_new_appilacation))
<BR><BR>[Stack]<UL><LI>Max Depth = 32<LI>Call Chain = boot_to_new_appilacation &rArr; flash_nvic_word_write
</UL>
<BR>[Calls]<UL><LI><a href="#[32]">&gt;&gt;</a>&nbsp;&nbsp;&nbsp;EraseBoot
<LI><a href="#[31]">&gt;&gt;</a>&nbsp;&nbsp;&nbsp;flash_nvic_word_write
</UL>
<BR>[Called By]<UL><LI><a href="#[2b]">&gt;&gt;</a>&nbsp;&nbsp;&nbsp;CleanUpflg
</UL>

<P><STRONG><a name="[33]"></a>checkok</STRONG> (Thumb, 30 bytes, Stack size 8 bytes, main.o(i.checkok))
<BR><BR>[Stack]<UL><LI>Max Depth = 16<LI>Call Chain = checkok &rArr; crc16_compute_dfu
</UL>
<BR>[Calls]<UL><LI><a href="#[34]">&gt;&gt;</a>&nbsp;&nbsp;&nbsp;crc16_compute_dfu
</UL>
<BR>[Called By]<UL><LI><a href="#[25]">&gt;&gt;</a>&nbsp;&nbsp;&nbsp;main
</UL>

<P><STRONG><a name="[34]"></a>crc16_compute_dfu</STRONG> (Thumb, 54 bytes, Stack size 8 bytes, main.o(i.crc16_compute_dfu))
<BR><BR>[Stack]<UL><LI>Max Depth = 8<LI>Call Chain = crc16_compute_dfu
</UL>
<BR>[Called By]<UL><LI><a href="#[33]">&gt;&gt;</a>&nbsp;&nbsp;&nbsp;checkok
</UL>

<P><STRONG><a name="[35]"></a>delay_ms</STRONG> (Thumb, 26 bytes, Stack size 12 bytes, main.o(i.delay_ms))
<BR><BR>[Stack]<UL><LI>Max Depth = 12<LI>Call Chain = delay_ms
</UL>
<BR>[Calls]<UL><LI><a href="#[36]">&gt;&gt;</a>&nbsp;&nbsp;&nbsp;delay_us
</UL>
<BR>[Called By]<UL><LI><a href="#[25]">&gt;&gt;</a>&nbsp;&nbsp;&nbsp;main
</UL>

<P><STRONG><a name="[36]"></a>delay_us</STRONG> (Thumb, 38 bytes, Stack size 0 bytes, main.o(i.delay_us))
<BR><BR>[Called By]<UL><LI><a href="#[35]">&gt;&gt;</a>&nbsp;&nbsp;&nbsp;delay_ms
</UL>

<P><STRONG><a name="[30]"></a>flash_nvic_page_erase</STRONG> (Thumb, 38 bytes, Stack size 0 bytes, boot.o(i.flash_nvic_page_erase))
<BR><BR>[Called By]<UL><LI><a href="#[2f]">&gt;&gt;</a>&nbsp;&nbsp;&nbsp;WriteToFlash
</UL>

<P><STRONG><a name="[31]"></a>flash_nvic_word_write</STRONG> (Thumb, 36 bytes, Stack size 8 bytes, boot.o(i.flash_nvic_word_write))
<BR><BR>[Stack]<UL><LI>Max Depth = 8<LI>Call Chain = flash_nvic_word_write
</UL>
<BR>[Called By]<UL><LI><a href="#[2c]">&gt;&gt;</a>&nbsp;&nbsp;&nbsp;boot_to_new_appilacation
<LI><a href="#[2f]">&gt;&gt;</a>&nbsp;&nbsp;&nbsp;WriteToFlash
</UL>

<P><STRONG><a name="[25]"></a>main</STRONG> (Thumb, 102 bytes, Stack size 8 bytes, main.o(i.main))
<BR><BR>[Stack]<UL><LI>Max Depth = 56<LI>Call Chain = main &rArr; CleanUpflg &rArr; boot_to_new_appilacation &rArr; flash_nvic_word_write
</UL>
<BR>[Calls]<UL><LI><a href="#[38]">&gt;&gt;</a>&nbsp;&nbsp;&nbsp;nrf_bootloader_app_start
<LI><a href="#[35]">&gt;&gt;</a>&nbsp;&nbsp;&nbsp;delay_ms
<LI><a href="#[33]">&gt;&gt;</a>&nbsp;&nbsp;&nbsp;checkok
<LI><a href="#[2f]">&gt;&gt;</a>&nbsp;&nbsp;&nbsp;WriteToFlash
<LI><a href="#[2d]">&gt;&gt;</a>&nbsp;&nbsp;&nbsp;V_InitWdt
<LI><a href="#[2e]">&gt;&gt;</a>&nbsp;&nbsp;&nbsp;V_FeedWdog
<LI><a href="#[37]">&gt;&gt;</a>&nbsp;&nbsp;&nbsp;IsNeedUpdata
<LI><a href="#[2b]">&gt;&gt;</a>&nbsp;&nbsp;&nbsp;CleanUpflg
</UL>
<BR>[Address Reference Count : 1]<UL><LI> entry9a.o(.ARM.Collect$$$$0000000B)
</UL>
<P><STRONG><a name="[38]"></a>nrf_bootloader_app_start</STRONG> (Thumb, 54 bytes, Stack size 8 bytes, nrf_bootloader_app_start.o(i.nrf_bootloader_app_start))
<BR><BR>[Stack]<UL><LI>Max Depth = 32<LI>Call Chain = nrf_bootloader_app_start &rArr; nrf_dfu_mbr_init_sd
</UL>
<BR>[Calls]<UL><LI><a href="#[39]">&gt;&gt;</a>&nbsp;&nbsp;&nbsp;nrf_dfu_mbr_init_sd
<LI><a href="#[3a]">&gt;&gt;</a>&nbsp;&nbsp;&nbsp;nrf_bootloader_app_start_impl
</UL>
<BR>[Called By]<UL><LI><a href="#[25]">&gt;&gt;</a>&nbsp;&nbsp;&nbsp;main
</UL>

<P><STRONG><a name="[39]"></a>nrf_dfu_mbr_init_sd</STRONG> (Thumb, 18 bytes, Stack size 24 bytes, nrf_dfu_mbr.o(i.nrf_dfu_mbr_init_sd))
<BR><BR>[Stack]<UL><LI>Max Depth = 24<LI>Call Chain = nrf_dfu_mbr_init_sd
</UL>
<BR>[Called By]<UL><LI><a href="#[38]">&gt;&gt;</a>&nbsp;&nbsp;&nbsp;nrf_bootloader_app_start
</UL>
<P>
<H3>
Local Symbols
</H3><P>
<H3>
Undefined Global Symbols
</H3><HR></body></html>
