Component: ARM Compiler 5.06 update 1 (build 61) Tool: armlink [4d35a8]

==============================================================================

Section Cross References

    main.o(i.CleanUpflg) refers to boot.o(i.boot_to_new_appilacation) for boot_to_new_appilacation
    main.o(i.IsNeedUpdata) refers to main.o(.data) for boot_app_addr
    main.o(i.V_InitWdt) refers to main.o(i.V_FeedWdog) for V_FeedWdog
    main.o(i.V_InitWdt) refers to main.o(i.B_ReadWdtRunStatues) for B_ReadWdtRunStatues
    main.o(i.WriteToFlash) refers to boot.o(i.flash_nvic_page_erase) for flash_nvic_page_erase
    main.o(i.WriteToFlash) refers to boot.o(i.flash_nvic_word_write) for flash_nvic_word_write
    main.o(i.WriteToFlash) refers to main.o(.data) for boot_app_bvk_addr
    main.o(i.checkok) refers to main.o(i.crc16_compute_dfu) for crc16_compute_dfu
    main.o(i.checkok) refers to main.o(.data) for size
    main.o(i.delay_ms) refers to main.o(i.delay_us) for delay_us
    main.o(i.main) refers to main.o(i.IsNeedUpdata) for IsNeedUpdata
    main.o(i.main) refers to main.o(i.V_InitWdt) for V_InitWdt
    main.o(i.main) refers to main.o(i.delay_ms) for delay_ms
    main.o(i.main) refers to main.o(i.V_FeedWdog) for V_FeedWdog
    main.o(i.main) refers to main.o(i.WriteToFlash) for WriteToFlash
    main.o(i.main) refers to main.o(i.checkok) for checkok
    main.o(i.main) refers to main.o(i.CleanUpflg) for CleanUpflg
    main.o(i.main) refers to nrf_bootloader_app_start.o(i.nrf_bootloader_app_start) for nrf_bootloader_app_start
    nrf_bootloader_app_start.o(i.nrf_bootloader_app_start) refers to nrf_dfu_mbr.o(i.nrf_dfu_mbr_init_sd) for nrf_dfu_mbr_init_sd
    nrf_bootloader_app_start.o(i.nrf_bootloader_app_start) refers to nrf_bootloader_app_start_asm.o(.emb_text) for nrf_bootloader_app_start_impl
    boot.o(i.boot_to_new_appilacation) refers to boot.o(i.EraseBoot) for EraseBoot
    boot.o(i.boot_to_new_appilacation) refers to boot.o(i.flash_nvic_word_write) for flash_nvic_word_write
    nrf_dfu_mbr.o(i.nrf_dfu_mbr_copy_sd) refers to nrf_dfu_mbr.o(.constdata) for .constdata
    nrf_dfu_mbr.o(i.nrf_dfu_mbr_init_sd) refers to nrf_dfu_mbr.o(.constdata) for .constdata
    arm_startup_nrf52810.o(RESET) refers to arm_startup_nrf52810.o(STACK) for __initial_sp
    arm_startup_nrf52810.o(RESET) refers to arm_startup_nrf52810.o(.text) for Reset_Handler
    arm_startup_nrf52810.o(.text) refers to system_nrf52810.o(i.SystemInit) for SystemInit
    arm_startup_nrf52810.o(.text) refers to entry.o(.ARM.Collect$$$$00000000) for __main
    system_nrf52810.o(i.SystemCoreClockUpdate) refers to system_nrf52810.o(.data) for SystemCoreClock
    system_nrf52810.o(i.SystemInit) refers to system_nrf52810.o(i.errata_12) for errata_12
    system_nrf52810.o(i.SystemInit) refers to system_nrf52810.o(i.errata_16) for errata_16
    system_nrf52810.o(i.SystemInit) refers to system_nrf52810.o(i.errata_31) for errata_31
    system_nrf52810.o(i.SystemInit) refers to system_nrf52810.o(i.errata_32) for errata_32
    system_nrf52810.o(i.SystemInit) refers to system_nrf52810.o(i.errata_36) for errata_36
    system_nrf52810.o(i.SystemInit) refers to system_nrf52810.o(i.errata_37) for errata_37
    system_nrf52810.o(i.SystemInit) refers to system_nrf52810.o(i.errata_57) for errata_57
    system_nrf52810.o(i.SystemInit) refers to system_nrf52810.o(i.errata_66) for errata_66
    system_nrf52810.o(i.SystemInit) refers to system_nrf52810.o(i.errata_103) for errata_103
    system_nrf52810.o(i.SystemInit) refers to system_nrf52810.o(i.errata_108) for errata_108
    system_nrf52810.o(i.SystemInit) refers to system_nrf52810.o(i.errata_136) for errata_136
    system_nrf52810.o(i.SystemInit) refers to system_nrf52810.o(i.errata_182) for errata_182
    system_nrf52810.o(i.SystemInit) refers to system_nrf52810.o(i.SystemCoreClockUpdate) for SystemCoreClockUpdate
    entry.o(.ARM.Collect$$$$00000000) refers (Special) to entry10a.o(.ARM.Collect$$$$0000000D) for __rt_final_cpp
    entry.o(.ARM.Collect$$$$00000000) refers (Special) to entry11a.o(.ARM.Collect$$$$0000000F) for __rt_final_exit
    entry.o(.ARM.Collect$$$$00000000) refers (Special) to entry7b.o(.ARM.Collect$$$$00000008) for _main_clock
    entry.o(.ARM.Collect$$$$00000000) refers (Special) to entry8b.o(.ARM.Collect$$$$0000000A) for _main_cpp_init
    entry.o(.ARM.Collect$$$$00000000) refers (Special) to entry9a.o(.ARM.Collect$$$$0000000B) for _main_init
    entry.o(.ARM.Collect$$$$00000000) refers (Special) to entry5.o(.ARM.Collect$$$$00000004) for _main_scatterload
    entry.o(.ARM.Collect$$$$00000000) refers (Special) to entry2.o(.ARM.Collect$$$$00000001) for _main_stk
    entry2.o(.ARM.Collect$$$$00000001) refers to entry2.o(.ARM.Collect$$$$00002712) for __lit__00000000
    entry2.o(.ARM.Collect$$$$00002712) refers to arm_startup_nrf52810.o(STACK) for __initial_sp
    entry2.o(__vectab_stack_and_reset_area) refers to arm_startup_nrf52810.o(STACK) for __initial_sp
    entry2.o(__vectab_stack_and_reset_area) refers to entry.o(.ARM.Collect$$$$00000000) for __main
    entry5.o(.ARM.Collect$$$$00000004) refers to init.o(.text) for __scatterload
    entry9a.o(.ARM.Collect$$$$0000000B) refers to main.o(i.main) for main
    entry9b.o(.ARM.Collect$$$$0000000C) refers to main.o(i.main) for main
    init.o(.text) refers to entry5.o(.ARM.Collect$$$$00000004) for __main_after_scatterload


==============================================================================

Removing Unused input sections from the image.

    Removing main.o(.rev16_text), (4 bytes).
    Removing main.o(.revsh_text), (4 bytes).
    Removing main.o(.rrx_text), (6 bytes).
    Removing nrf_bootloader_app_start.o(.rev16_text), (4 bytes).
    Removing nrf_bootloader_app_start.o(.revsh_text), (4 bytes).
    Removing nrf_bootloader_app_start.o(.rrx_text), (6 bytes).
    Removing boot.o(.rev16_text), (4 bytes).
    Removing boot.o(.revsh_text), (4 bytes).
    Removing boot.o(.rrx_text), (6 bytes).
    Removing nrf_dfu_mbr.o(.rev16_text), (4 bytes).
    Removing nrf_dfu_mbr.o(.revsh_text), (4 bytes).
    Removing nrf_dfu_mbr.o(.rrx_text), (6 bytes).
    Removing nrf_dfu_mbr.o(i.nrf_dfu_mbr_copy_bl), (38 bytes).
    Removing nrf_dfu_mbr.o(i.nrf_dfu_mbr_copy_sd), (56 bytes).
    Removing arm_startup_nrf52810.o(HEAP), (2048 bytes).
    Removing system_nrf52810.o(.rev16_text), (4 bytes).
    Removing system_nrf52810.o(.revsh_text), (4 bytes).
    Removing system_nrf52810.o(.rrx_text), (6 bytes).

18 unused section(s) (total 2212 bytes) removed from the image.

==============================================================================

Image Symbol Table

    Local Symbols

    Symbol Name                              Value     Ov Type        Size  Object(Section)

    ../clib/microlib/init/entry.s            0x00000000   Number         0  entry11b.o ABSOLUTE
    ../clib/microlib/init/entry.s            0x00000000   Number         0  entry11a.o ABSOLUTE
    ../clib/microlib/init/entry.s            0x00000000   Number         0  entry10b.o ABSOLUTE
    ../clib/microlib/init/entry.s            0x00000000   Number         0  entry10a.o ABSOLUTE
    ../clib/microlib/init/entry.s            0x00000000   Number         0  entry9b.o ABSOLUTE
    ../clib/microlib/init/entry.s            0x00000000   Number         0  entry9a.o ABSOLUTE
    ../clib/microlib/init/entry.s            0x00000000   Number         0  entry8b.o ABSOLUTE
    ../clib/microlib/init/entry.s            0x00000000   Number         0  entry8a.o ABSOLUTE
    ../clib/microlib/init/entry.s            0x00000000   Number         0  entry7b.o ABSOLUTE
    ../clib/microlib/init/entry.s            0x00000000   Number         0  entry7a.o ABSOLUTE
    ../clib/microlib/init/entry.s            0x00000000   Number         0  entry5.o ABSOLUTE
    ../clib/microlib/init/entry.s            0x00000000   Number         0  entry2.o ABSOLUTE
    ../clib/microlib/init/entry.s            0x00000000   Number         0  entry.o ABSOLUTE
    ..\\components\\libraries\\bootloader\\dfu\\nrf_dfu_mbr.c 0x00000000   Number         0  nrf_dfu_mbr.o ABSOLUTE
    ..\\components\\libraries\\bootloader\\nrf_bootloader_app_start.c 0x00000000   Number         0  nrf_bootloader_app_start.o ABSOLUTE
    ..\\components\\libraries\\bootloader\\nrf_bootloader_app_start_asm.c 0x00000000   Number         0  nrf_bootloader_app_start_asm.o ABSOLUTE
    ..\\src\\boot.c                          0x00000000   Number         0  boot.o ABSOLUTE
    ..\components\libraries\bootloader\dfu\nrf_dfu_mbr.c 0x00000000   Number         0  nrf_dfu_mbr.o ABSOLUTE
    ..\components\libraries\bootloader\nrf_bootloader_app_start.c 0x00000000   Number         0  nrf_bootloader_app_start.o ABSOLUTE
    ..\components\libraries\bootloader\nrf_bootloader_app_start_asm.c 0x00000000   Number         0  nrf_bootloader_app_start_asm.o ABSOLUTE
    ..\src\boot.c                            0x00000000   Number         0  boot.o ABSOLUTE
    RTE\Device\nRF52810_xxAA\arm_startup_nrf52810.s 0x00000000   Number         0  arm_startup_nrf52810.o ABSOLUTE
    RTE\Device\nRF52810_xxAA\system_nrf52810.c 0x00000000   Number         0  system_nrf52810.o ABSOLUTE
    RTE\\Device\\nRF52810_xxAA\\system_nrf52810.c 0x00000000   Number         0  system_nrf52810.o ABSOLUTE
    dc.s                                     0x00000000   Number         0  dc.o ABSOLUTE
    handlers.s                               0x00000000   Number         0  handlers.o ABSOLUTE
    init.s                                   0x00000000   Number         0  init.o ABSOLUTE
    main.c                                   0x00000000   Number         0  main.o ABSOLUTE
    main.c                                   0x00000000   Number         0  main.o ABSOLUTE
    RESET                                    0x0002f000   Section      512  arm_startup_nrf52810.o(RESET)
    .ARM.Collect$$$$00000000                 0x0002f200   Section        0  entry.o(.ARM.Collect$$$$00000000)
    .ARM.Collect$$$$00000001                 0x0002f200   Section        4  entry2.o(.ARM.Collect$$$$00000001)
    .ARM.Collect$$$$00000004                 0x0002f204   Section        4  entry5.o(.ARM.Collect$$$$00000004)
    .ARM.Collect$$$$00000008                 0x0002f208   Section        0  entry7b.o(.ARM.Collect$$$$00000008)
    .ARM.Collect$$$$0000000A                 0x0002f208   Section        0  entry8b.o(.ARM.Collect$$$$0000000A)
    .ARM.Collect$$$$0000000B                 0x0002f208   Section        8  entry9a.o(.ARM.Collect$$$$0000000B)
    .ARM.Collect$$$$0000000D                 0x0002f210   Section        0  entry10a.o(.ARM.Collect$$$$0000000D)
    .ARM.Collect$$$$0000000F                 0x0002f210   Section        0  entry11a.o(.ARM.Collect$$$$0000000F)
    .ARM.Collect$$$$00002712                 0x0002f210   Section        4  entry2.o(.ARM.Collect$$$$00002712)
    __lit__00000000                          0x0002f210   Data           4  entry2.o(.ARM.Collect$$$$00002712)
    .emb_text                                0x0002f214   Section       64  nrf_bootloader_app_start_asm.o(.emb_text)
    .text                                    0x0002f254   Section       36  arm_startup_nrf52810.o(.text)
    .text                                    0x0002f278   Section       36  init.o(.text)
    i.B_ReadWdtRunStatues                    0x0002f29c   Section        0  main.o(i.B_ReadWdtRunStatues)
    B_ReadWdtRunStatues                      0x0002f29d   Thumb Code    14  main.o(i.B_ReadWdtRunStatues)
    i.CleanUpflg                             0x0002f2b0   Section        0  main.o(i.CleanUpflg)
    i.EraseBoot                              0x0002f2c4   Section        0  boot.o(i.EraseBoot)
    i.IsNeedUpdata                           0x0002f300   Section        0  main.o(i.IsNeedUpdata)
    i.SystemCoreClockUpdate                  0x0002f368   Section        0  system_nrf52810.o(i.SystemCoreClockUpdate)
    i.SystemInit                             0x0002f378   Section        0  system_nrf52810.o(i.SystemInit)
    i.V_FeedWdog                             0x0002f544   Section        0  main.o(i.V_FeedWdog)
    i.V_InitWdt                              0x0002f564   Section        0  main.o(i.V_InitWdt)
    i.WriteToFlash                           0x0002f5bc   Section        0  main.o(i.WriteToFlash)
    i.__scatterload_copy                     0x0002f628   Section       14  handlers.o(i.__scatterload_copy)
    i.__scatterload_null                     0x0002f636   Section        2  handlers.o(i.__scatterload_null)
    i.__scatterload_zeroinit                 0x0002f638   Section       14  handlers.o(i.__scatterload_zeroinit)
    i.boot_to_new_appilacation               0x0002f648   Section        0  boot.o(i.boot_to_new_appilacation)
    i.checkok                                0x0002f6b0   Section        0  main.o(i.checkok)
    i.crc16_compute_dfu                      0x0002f6dc   Section        0  main.o(i.crc16_compute_dfu)
    i.delay_ms                               0x0002f71a   Section        0  main.o(i.delay_ms)
    i.delay_us                               0x0002f732   Section        0  main.o(i.delay_us)
    i.errata_103                             0x0002f758   Section        0  system_nrf52810.o(i.errata_103)
    errata_103                               0x0002f759   Thumb Code    24  system_nrf52810.o(i.errata_103)
    i.errata_108                             0x0002f774   Section        0  system_nrf52810.o(i.errata_108)
    errata_108                               0x0002f775   Thumb Code    78  system_nrf52810.o(i.errata_108)
    i.errata_12                              0x0002f7c8   Section        0  system_nrf52810.o(i.errata_12)
    errata_12                                0x0002f7c9   Thumb Code    78  system_nrf52810.o(i.errata_12)
    i.errata_136                             0x0002f81c   Section        0  system_nrf52810.o(i.errata_136)
    errata_136                               0x0002f81d   Thumb Code    98  system_nrf52810.o(i.errata_136)
    i.errata_16                              0x0002f888   Section        0  system_nrf52810.o(i.errata_16)
    errata_16                                0x0002f889   Thumb Code    42  system_nrf52810.o(i.errata_16)
    i.errata_182                             0x0002f8b8   Section        0  system_nrf52810.o(i.errata_182)
    errata_182                               0x0002f8b9   Thumb Code    26  system_nrf52810.o(i.errata_182)
    i.errata_31                              0x0002f8d8   Section        0  system_nrf52810.o(i.errata_31)
    errata_31                                0x0002f8d9   Thumb Code    98  system_nrf52810.o(i.errata_31)
    i.errata_32                              0x0002f944   Section        0  system_nrf52810.o(i.errata_32)
    errata_32                                0x0002f945   Thumb Code    42  system_nrf52810.o(i.errata_32)
    i.errata_36                              0x0002f974   Section        0  system_nrf52810.o(i.errata_36)
    errata_36                                0x0002f975   Thumb Code    98  system_nrf52810.o(i.errata_36)
    i.errata_37                              0x0002f9e0   Section        0  system_nrf52810.o(i.errata_37)
    errata_37                                0x0002f9e1   Thumb Code    42  system_nrf52810.o(i.errata_37)
    i.errata_57                              0x0002fa10   Section        0  system_nrf52810.o(i.errata_57)
    errata_57                                0x0002fa11   Thumb Code    42  system_nrf52810.o(i.errata_57)
    i.errata_66                              0x0002fa40   Section        0  system_nrf52810.o(i.errata_66)
    errata_66                                0x0002fa41   Thumb Code    62  system_nrf52810.o(i.errata_66)
    i.flash_nvic_page_erase                  0x0002fa88   Section        0  boot.o(i.flash_nvic_page_erase)
    i.flash_nvic_word_write                  0x0002fac4   Section        0  boot.o(i.flash_nvic_word_write)
    i.main                                   0x0002fafc   Section        0  main.o(i.main)
    i.nrf_bootloader_app_start               0x0002fb90   Section        0  nrf_bootloader_app_start.o(i.nrf_bootloader_app_start)
    i.nrf_dfu_mbr_init_sd                    0x0002fbd8   Section        0  nrf_dfu_mbr.o(i.nrf_dfu_mbr_init_sd)
    .constdata                               0x0002fbf4   Section       32  nrf_dfu_mbr.o(.constdata)
    .data                                    0x20004708   Section       16  main.o(.data)
    .data                                    0x20004718   Section        4  system_nrf52810.o(.data)
    __tagsym$$used                           0x20004718   Number         0  system_nrf52810.o(.data)
    STACK                                    0x20004720   Section     2048  arm_startup_nrf52810.o(STACK)

    Global Symbols

    Symbol Name                              Value     Ov Type        Size  Object(Section)

    BuildAttributes$$THM_ISAv4$E$P$D$K$B$S$7EM$PE$A:L22UL41UL21$X:L11$S22US41US21$IEEE1$IW$USESV6$~STKCKD$USESV7$~SHL$OSPACE$EBA8$MICROLIB$REQ8$PRES8$EABIv2 0x00000000   Number         0  anon$$obj.o ABSOLUTE
    __ARM_use_no_argv                        0x00000000   Number         0  main.o ABSOLUTE
    __cpp_initialize__aeabi_                  - Undefined Weak Reference
    __cxa_finalize                            - Undefined Weak Reference
    __decompress                              - Undefined Weak Reference
    _clock_init                               - Undefined Weak Reference
    _microlib_exit                            - Undefined Weak Reference
    __Vectors_Size                           0x00000200   Number         0  arm_startup_nrf52810.o ABSOLUTE
    __Vectors                                0x0002f000   Data           4  arm_startup_nrf52810.o(RESET)
    __Vectors_End                            0x0002f200   Data           0  arm_startup_nrf52810.o(RESET)
    __main                                   0x0002f201   Thumb Code     0  entry.o(.ARM.Collect$$$$00000000)
    _main_stk                                0x0002f201   Thumb Code     0  entry2.o(.ARM.Collect$$$$00000001)
    _main_scatterload                        0x0002f205   Thumb Code     0  entry5.o(.ARM.Collect$$$$00000004)
    __main_after_scatterload                 0x0002f209   Thumb Code     0  entry5.o(.ARM.Collect$$$$00000004)
    _main_clock                              0x0002f209   Thumb Code     0  entry7b.o(.ARM.Collect$$$$00000008)
    _main_cpp_init                           0x0002f209   Thumb Code     0  entry8b.o(.ARM.Collect$$$$0000000A)
    _main_init                               0x0002f209   Thumb Code     0  entry9a.o(.ARM.Collect$$$$0000000B)
    __rt_final_cpp                           0x0002f211   Thumb Code     0  entry10a.o(.ARM.Collect$$$$0000000D)
    __rt_final_exit                          0x0002f211   Thumb Code     0  entry11a.o(.ARM.Collect$$$$0000000F)
    nrf_bootloader_app_start_impl            0x0002f215   Thumb Code    64  nrf_bootloader_app_start_asm.o(.emb_text)
    Reset_Handler                            0x0002f255   Thumb Code     8  arm_startup_nrf52810.o(.text)
    NMI_Handler                              0x0002f25d   Thumb Code     2  arm_startup_nrf52810.o(.text)
    HardFault_Handler                        0x0002f25f   Thumb Code     2  arm_startup_nrf52810.o(.text)
    MemoryManagement_Handler                 0x0002f261   Thumb Code     2  arm_startup_nrf52810.o(.text)
    BusFault_Handler                         0x0002f263   Thumb Code     2  arm_startup_nrf52810.o(.text)
    UsageFault_Handler                       0x0002f265   Thumb Code     2  arm_startup_nrf52810.o(.text)
    SVC_Handler                              0x0002f267   Thumb Code     2  arm_startup_nrf52810.o(.text)
    DebugMon_Handler                         0x0002f269   Thumb Code     2  arm_startup_nrf52810.o(.text)
    PendSV_Handler                           0x0002f26b   Thumb Code     2  arm_startup_nrf52810.o(.text)
    SysTick_Handler                          0x0002f26d   Thumb Code     2  arm_startup_nrf52810.o(.text)
    CCM_AAR_IRQHandler                       0x0002f26f   Thumb Code     0  arm_startup_nrf52810.o(.text)
    COMP_IRQHandler                          0x0002f26f   Thumb Code     0  arm_startup_nrf52810.o(.text)
    ECB_IRQHandler                           0x0002f26f   Thumb Code     0  arm_startup_nrf52810.o(.text)
    GPIOTE_IRQHandler                        0x0002f26f   Thumb Code     0  arm_startup_nrf52810.o(.text)
    PDM_IRQHandler                           0x0002f26f   Thumb Code     0  arm_startup_nrf52810.o(.text)
    POWER_CLOCK_IRQHandler                   0x0002f26f   Thumb Code     0  arm_startup_nrf52810.o(.text)
    PWM0_IRQHandler                          0x0002f26f   Thumb Code     0  arm_startup_nrf52810.o(.text)
    QDEC_IRQHandler                          0x0002f26f   Thumb Code     0  arm_startup_nrf52810.o(.text)
    RADIO_IRQHandler                         0x0002f26f   Thumb Code     0  arm_startup_nrf52810.o(.text)
    RNG_IRQHandler                           0x0002f26f   Thumb Code     0  arm_startup_nrf52810.o(.text)
    RTC0_IRQHandler                          0x0002f26f   Thumb Code     0  arm_startup_nrf52810.o(.text)
    RTC1_IRQHandler                          0x0002f26f   Thumb Code     0  arm_startup_nrf52810.o(.text)
    SAADC_IRQHandler                         0x0002f26f   Thumb Code     0  arm_startup_nrf52810.o(.text)
    SPIM0_SPIS0_IRQHandler                   0x0002f26f   Thumb Code     0  arm_startup_nrf52810.o(.text)
    SWI0_EGU0_IRQHandler                     0x0002f26f   Thumb Code     0  arm_startup_nrf52810.o(.text)
    SWI1_EGU1_IRQHandler                     0x0002f26f   Thumb Code     0  arm_startup_nrf52810.o(.text)
    SWI2_IRQHandler                          0x0002f26f   Thumb Code     0  arm_startup_nrf52810.o(.text)
    SWI3_IRQHandler                          0x0002f26f   Thumb Code     0  arm_startup_nrf52810.o(.text)
    SWI4_IRQHandler                          0x0002f26f   Thumb Code     0  arm_startup_nrf52810.o(.text)
    SWI5_IRQHandler                          0x0002f26f   Thumb Code     0  arm_startup_nrf52810.o(.text)
    TEMP_IRQHandler                          0x0002f26f   Thumb Code     0  arm_startup_nrf52810.o(.text)
    TIMER0_IRQHandler                        0x0002f26f   Thumb Code     0  arm_startup_nrf52810.o(.text)
    TIMER1_IRQHandler                        0x0002f26f   Thumb Code     0  arm_startup_nrf52810.o(.text)
    TIMER2_IRQHandler                        0x0002f26f   Thumb Code     0  arm_startup_nrf52810.o(.text)
    TWIM0_TWIS0_IRQHandler                   0x0002f26f   Thumb Code     0  arm_startup_nrf52810.o(.text)
    UARTE0_IRQHandler                        0x0002f26f   Thumb Code     0  arm_startup_nrf52810.o(.text)
    WDT_IRQHandler                           0x0002f26f   Thumb Code     0  arm_startup_nrf52810.o(.text)
    __scatterload                            0x0002f279   Thumb Code    28  init.o(.text)
    __scatterload_rt2                        0x0002f279   Thumb Code     0  init.o(.text)
    CleanUpflg                               0x0002f2b1   Thumb Code    20  main.o(i.CleanUpflg)
    EraseBoot                                0x0002f2c5   Thumb Code    52  boot.o(i.EraseBoot)
    IsNeedUpdata                             0x0002f301   Thumb Code    82  main.o(i.IsNeedUpdata)
    SystemCoreClockUpdate                    0x0002f369   Thumb Code     8  system_nrf52810.o(i.SystemCoreClockUpdate)
    SystemInit                               0x0002f379   Thumb Code   404  system_nrf52810.o(i.SystemInit)
    V_FeedWdog                               0x0002f545   Thumb Code    22  main.o(i.V_FeedWdog)
    V_InitWdt                                0x0002f565   Thumb Code    74  main.o(i.V_InitWdt)
    WriteToFlash                             0x0002f5bd   Thumb Code    94  main.o(i.WriteToFlash)
    __scatterload_copy                       0x0002f629   Thumb Code    14  handlers.o(i.__scatterload_copy)
    __scatterload_null                       0x0002f637   Thumb Code     2  handlers.o(i.__scatterload_null)
    __scatterload_zeroinit                   0x0002f639   Thumb Code    14  handlers.o(i.__scatterload_zeroinit)
    boot_to_new_appilacation                 0x0002f649   Thumb Code    98  boot.o(i.boot_to_new_appilacation)
    checkok                                  0x0002f6b1   Thumb Code    34  main.o(i.checkok)
    crc16_compute_dfu                        0x0002f6dd   Thumb Code    62  main.o(i.crc16_compute_dfu)
    delay_ms                                 0x0002f71b   Thumb Code    24  main.o(i.delay_ms)
    delay_us                                 0x0002f733   Thumb Code    36  main.o(i.delay_us)
    flash_nvic_page_erase                    0x0002fa89   Thumb Code    50  boot.o(i.flash_nvic_page_erase)
    flash_nvic_word_write                    0x0002fac5   Thumb Code    46  boot.o(i.flash_nvic_word_write)
    main                                     0x0002fafd   Thumb Code   140  main.o(i.main)
    nrf_bootloader_app_start                 0x0002fb91   Thumb Code    62  nrf_bootloader_app_start.o(i.nrf_bootloader_app_start)
    nrf_dfu_mbr_init_sd                      0x0002fbd9   Thumb Code    22  nrf_dfu_mbr.o(i.nrf_dfu_mbr_init_sd)
    Region$$Table$$Base                      0x0002fc14   Number         0  anon$$obj.o(Region$$Table)
    Region$$Table$$Limit                     0x0002fc34   Number         0  anon$$obj.o(Region$$Table)
    boot_app_addr                            0x20004708   Data           4  main.o(.data)
    boot_app_bvk_addr                        0x2000470c   Data           4  main.o(.data)
    size                                     0x20004710   Data           4  main.o(.data)
    crc                                      0x20004714   Data           2  main.o(.data)
    version_boot                             0x20004716   Data           2  main.o(.data)
    SystemCoreClock                          0x20004718   Data           4  system_nrf52810.o(.data)
    __initial_sp                             0x20004f20   Data           0  arm_startup_nrf52810.o(STACK)



==============================================================================

Memory Map of the image

  Image Entry point : 0x0002f201

  Load Region LR_IROM1 (Base: 0x0002f000, Size: 0x00000c48, Max: 0x00001000, ABSOLUTE)

    Execution Region ER_IROM1 (Base: 0x0002f000, Size: 0x00000c34, Max: 0x00001000, ABSOLUTE)

    Base Addr    Size         Type   Attr      Idx    E Section Name        Object

    0x0002f000   0x00000200   Data   RO          464    RESET               arm_startup_nrf52810.o
    0x0002f200   0x00000000   Code   RO          565  * .ARM.Collect$$$$00000000  mc_w.l(entry.o)
    0x0002f200   0x00000004   Code   RO          568    .ARM.Collect$$$$00000001  mc_w.l(entry2.o)
    0x0002f204   0x00000004   Code   RO          571    .ARM.Collect$$$$00000004  mc_w.l(entry5.o)
    0x0002f208   0x00000000   Code   RO          573    .ARM.Collect$$$$00000008  mc_w.l(entry7b.o)
    0x0002f208   0x00000000   Code   RO          575    .ARM.Collect$$$$0000000A  mc_w.l(entry8b.o)
    0x0002f208   0x00000008   Code   RO          576    .ARM.Collect$$$$0000000B  mc_w.l(entry9a.o)
    0x0002f210   0x00000000   Code   RO          578    .ARM.Collect$$$$0000000D  mc_w.l(entry10a.o)
    0x0002f210   0x00000000   Code   RO          580    .ARM.Collect$$$$0000000F  mc_w.l(entry11a.o)
    0x0002f210   0x00000004   Code   RO          569    .ARM.Collect$$$$00002712  mc_w.l(entry2.o)
    0x0002f214   0x00000040   Code   RO          354    .emb_text           nrf_bootloader_app_start_asm.o
    0x0002f254   0x00000024   Code   RO          465    .text               arm_startup_nrf52810.o
    0x0002f278   0x00000024   Code   RO          582    .text               mc_w.l(init.o)
    0x0002f29c   0x00000014   Code   RO            4    i.B_ReadWdtRunStatues  main.o
    0x0002f2b0   0x00000014   Code   RO            5    i.CleanUpflg        main.o
    0x0002f2c4   0x0000003c   Code   RO          367    i.EraseBoot         boot.o
    0x0002f300   0x00000068   Code   RO            6    i.IsNeedUpdata      main.o
    0x0002f368   0x00000010   Code   RO          472    i.SystemCoreClockUpdate  system_nrf52810.o
    0x0002f378   0x000001cc   Code   RO          473    i.SystemInit        system_nrf52810.o
    0x0002f544   0x00000020   Code   RO            7    i.V_FeedWdog        main.o
    0x0002f564   0x00000058   Code   RO            8    i.V_InitWdt         main.o
    0x0002f5bc   0x0000006c   Code   RO            9    i.WriteToFlash      main.o
    0x0002f628   0x0000000e   Code   RO          586    i.__scatterload_copy  mc_w.l(handlers.o)
    0x0002f636   0x00000002   Code   RO          587    i.__scatterload_null  mc_w.l(handlers.o)
    0x0002f638   0x0000000e   Code   RO          588    i.__scatterload_zeroinit  mc_w.l(handlers.o)
    0x0002f646   0x00000002   PAD
    0x0002f648   0x00000068   Code   RO          368    i.boot_to_new_appilacation  boot.o
    0x0002f6b0   0x0000002c   Code   RO           10    i.checkok           main.o
    0x0002f6dc   0x0000003e   Code   RO           11    i.crc16_compute_dfu  main.o
    0x0002f71a   0x00000018   Code   RO           12    i.delay_ms          main.o
    0x0002f732   0x00000024   Code   RO           13    i.delay_us          main.o
    0x0002f756   0x00000002   PAD
    0x0002f758   0x0000001c   Code   RO          474    i.errata_103        system_nrf52810.o
    0x0002f774   0x00000054   Code   RO          475    i.errata_108        system_nrf52810.o
    0x0002f7c8   0x00000054   Code   RO          476    i.errata_12         system_nrf52810.o
    0x0002f81c   0x0000006c   Code   RO          477    i.errata_136        system_nrf52810.o
    0x0002f888   0x00000030   Code   RO          478    i.errata_16         system_nrf52810.o
    0x0002f8b8   0x00000020   Code   RO          479    i.errata_182        system_nrf52810.o
    0x0002f8d8   0x0000006c   Code   RO          480    i.errata_31         system_nrf52810.o
    0x0002f944   0x00000030   Code   RO          481    i.errata_32         system_nrf52810.o
    0x0002f974   0x0000006c   Code   RO          482    i.errata_36         system_nrf52810.o
    0x0002f9e0   0x00000030   Code   RO          483    i.errata_37         system_nrf52810.o
    0x0002fa10   0x00000030   Code   RO          484    i.errata_57         system_nrf52810.o
    0x0002fa40   0x00000048   Code   RO          485    i.errata_66         system_nrf52810.o
    0x0002fa88   0x0000003c   Code   RO          369    i.flash_nvic_page_erase  boot.o
    0x0002fac4   0x00000038   Code   RO          370    i.flash_nvic_word_write  boot.o
    0x0002fafc   0x00000094   Code   RO           14    i.main              main.o
    0x0002fb90   0x00000048   Code   RO          292    i.nrf_bootloader_app_start  nrf_bootloader_app_start.o
    0x0002fbd8   0x0000001c   Code   RO          411    i.nrf_dfu_mbr_init_sd  nrf_dfu_mbr.o
    0x0002fbf4   0x00000020   Data   RO          412    .constdata          nrf_dfu_mbr.o
    0x0002fc14   0x00000020   Data   RO          584    Region$$Table       anon$$obj.o


    Execution Region RW_IRAM1 (Base: 0x20004708, Size: 0x00000818, Max: 0x00001540, ABSOLUTE)

    Base Addr    Size         Type   Attr      Idx    E Section Name        Object

    0x20004708   0x00000010   Data   RW           15    .data               main.o
    0x20004718   0x00000004   Data   RW          486    .data               system_nrf52810.o
    0x2000471c   0x00000004   PAD
    0x20004720   0x00000800   Zero   RW          462    STACK               arm_startup_nrf52810.o


==============================================================================

Image component sizes


      Code (inc. data)   RO Data    RW Data    ZI Data      Debug   Object Name

        36          8        512          0       2048        828   arm_startup_nrf52810.o
       280         34          0          0          0       2363   boot.o
       686         84          0         16          0      56230   main.o
        72         10          0          0          0        679   nrf_bootloader_app_start.o
        64          2          0          0          0        480   nrf_bootloader_app_start_asm.o
        28          6         32          0          0       2018   nrf_dfu_mbr.o
      1292        150          0          4          0       7607   system_nrf52810.o

    ----------------------------------------------------------------------
      2460        294        576         20       2052      70205   Object Totals
         0          0         32          0          0          0   (incl. Generated)
         2          0          0          0          4          0   (incl. Padding)

    ----------------------------------------------------------------------

      Code (inc. data)   RO Data    RW Data    ZI Data      Debug   Library Member Name

         0          0          0          0          0          0   entry.o
         0          0          0          0          0          0   entry10a.o
         0          0          0          0          0          0   entry11a.o
         8          4          0          0          0          0   entry2.o
         4          0          0          0          0          0   entry5.o
         0          0          0          0          0          0   entry7b.o
         0          0          0          0          0          0   entry8b.o
         8          4          0          0          0          0   entry9a.o
        30          0          0          0          0          0   handlers.o
        36          8          0          0          0         68   init.o

    ----------------------------------------------------------------------
        88         16          0          0          0         68   Library Totals
         2          0          0          0          0          0   (incl. Padding)

    ----------------------------------------------------------------------

      Code (inc. data)   RO Data    RW Data    ZI Data      Debug   Library Name

        86         16          0          0          0         68   mc_w.l

    ----------------------------------------------------------------------
        88         16          0          0          0         68   Library Totals

    ----------------------------------------------------------------------

==============================================================================


      Code (inc. data)   RO Data    RW Data    ZI Data      Debug   

      2548        310        576         20       2052      68917   Grand Totals
      2548        310        576         20       2052      68917   ELF Image Totals
      2548        310        576         20          0          0   ROM Totals

==============================================================================

    Total RO  Size (Code + RO Data)                 3124 (   3.05kB)
    Total RW  Size (RW Data + ZI Data)              2072 (   2.02kB)
    Total ROM Size (Code + RO Data + RW Data)       3144 (   3.07kB)

==============================================================================

